Archive member included to satisfy reference by file (symbol)

C:/devkitPro/libogc/lib/wii\libwiiuse.a(wpad.o)
                              template.o (WPAD_Init)
C:/devkitPro/libogc/lib/wii\libwiiuse.a(motion_plus.o)
                              C:/devkitPro/libogc/lib/wii\libwiiuse.a(wpad.o) (wiiuse_set_motion_plus)
C:/devkitPro/libogc/lib/wii\libwiiuse.a(dynamics.o)
                              C:/devkitPro/libogc/lib/wii\libwiiuse.a(wpad.o) (calculate_gforce)
C:/devkitPro/libogc/lib/wii\libwiiuse.a(io.o)
                              C:/devkitPro/libogc/lib/wii\libwiiuse.a(motion_plus.o) (wiiuse_disable_expansion)
C:/devkitPro/libogc/lib/wii\libwiiuse.a(io_wii.o)
                              C:/devkitPro/libogc/lib/wii\libwiiuse.a(wpad.o) (__wiiuse_sensorbar_enable)
C:/devkitPro/libogc/lib/wii\libwiiuse.a(ir.o)
                              C:/devkitPro/libogc/lib/wii\libwiiuse.a(motion_plus.o) (wiiuse_set_ir_mode)
C:/devkitPro/libogc/lib/wii\libwiiuse.a(nunchuk.o)
                              C:/devkitPro/libogc/lib/wii\libwiiuse.a(io.o) (nunchuk_handshake)
C:/devkitPro/libogc/lib/wii\libwiiuse.a(wiiboard.o)
                              C:/devkitPro/libogc/lib/wii\libwiiuse.a(io.o) (wii_board_handshake)
C:/devkitPro/libogc/lib/wii\libwiiuse.a(wiiuse.o)
                              C:/devkitPro/libogc/lib/wii\libwiiuse.a(wpad.o) (wiiuse_init)
C:/devkitPro/libogc/lib/wii\libwiiuse.a(speaker.o)
                              C:/devkitPro/libogc/lib/wii\libwiiuse.a(wpad.o) (wencdata)
C:/devkitPro/libogc/lib/wii\libwiiuse.a(classic.o)
                              C:/devkitPro/libogc/lib/wii\libwiiuse.a(io.o) (classic_ctrl_handshake)
C:/devkitPro/libogc/lib/wii\libwiiuse.a(events.o)
                              C:/devkitPro/libogc/lib/wii\libwiiuse.a(io_wii.o) (parse_event)
C:/devkitPro/libogc/lib/wii\libwiiuse.a(guitar_hero_3.o)
                              C:/devkitPro/libogc/lib/wii\libwiiuse.a(io.o) (guitar_hero_3_handshake)
C:/devkitPro/libogc/lib/wii\libasnd.a(asndlib.o)
                              template.o (ASND_Init)
C:/devkitPro/libogc/lib/wii\libasnd.a(asnd_dsp_mixer.bin.o)
                              C:/devkitPro/libogc/lib/wii\libasnd.a(asndlib.o) (asnd_dsp_mixer_bin)
C:/devkitPro/portlibs/ppc/lib\libvorbisidec.a(vorbisfile.o)
                              oggplayer.o (ov_clear)
C:/devkitPro/portlibs/ppc/lib\libvorbisidec.a(block.o)
                              C:/devkitPro/portlibs/ppc/lib\libvorbisidec.a(vorbisfile.o) (vorbis_block_init)
C:/devkitPro/portlibs/ppc/lib\libvorbisidec.a(window.o)
                              C:/devkitPro/portlibs/ppc/lib\libvorbisidec.a(block.o) (_vorbis_window)
C:/devkitPro/portlibs/ppc/lib\libvorbisidec.a(synthesis.o)
                              C:/devkitPro/portlibs/ppc/lib\libvorbisidec.a(vorbisfile.o) (vorbis_synthesis)
C:/devkitPro/portlibs/ppc/lib\libvorbisidec.a(info.o)
                              C:/devkitPro/portlibs/ppc/lib\libvorbisidec.a(vorbisfile.o) (vorbis_comment_init)
C:/devkitPro/portlibs/ppc/lib\libvorbisidec.a(registry.o)
                              C:/devkitPro/portlibs/ppc/lib\libvorbisidec.a(block.o) (_mapping_P)
C:/devkitPro/portlibs/ppc/lib\libvorbisidec.a(codebook.o)
                              C:/devkitPro/portlibs/ppc/lib\libvorbisidec.a(info.o) (vorbis_staticbook_unpack)
C:/devkitPro/portlibs/ppc/lib\libvorbisidec.a(sharedbook.o)
                              C:/devkitPro/portlibs/ppc/lib\libvorbisidec.a(codebook.o) (_ilog)
C:/devkitPro/portlibs/ppc/lib\libvorbisidec.a(floor1.o)
                              C:/devkitPro/portlibs/ppc/lib\libvorbisidec.a(registry.o) (floor1_exportbundle)
C:/devkitPro/portlibs/ppc/lib\libvorbisidec.a(floor0.o)
                              C:/devkitPro/portlibs/ppc/lib\libvorbisidec.a(registry.o) (floor0_exportbundle)
C:/devkitPro/portlibs/ppc/lib\libvorbisidec.a(res012.o)
                              C:/devkitPro/portlibs/ppc/lib\libvorbisidec.a(registry.o) (residue2_exportbundle)
C:/devkitPro/portlibs/ppc/lib\libvorbisidec.a(mapping0.o)
                              C:/devkitPro/portlibs/ppc/lib\libvorbisidec.a(registry.o) (mapping0_exportbundle)
C:/devkitPro/portlibs/ppc/lib\libvorbisidec.a(mdct.o)
                              C:/devkitPro/portlibs/ppc/lib\libvorbisidec.a(mapping0.o) (mdct_backward)
C:/devkitPro/portlibs/ppc/lib\libogg.a(framing.o)
                              C:/devkitPro/portlibs/ppc/lib\libvorbisidec.a(vorbisfile.o) (ogg_page_continued)
C:/devkitPro/portlibs/ppc/lib\libogg.a(bitwise.o)
                              C:/devkitPro/portlibs/ppc/lib\libvorbisidec.a(synthesis.o) (oggpack_readinit)
C:/devkitPro/libogc/lib/wii\libbte.a(bte.o)
                              C:/devkitPro/libogc/lib/wii\libwiiuse.a(wpad.o) (BTE_Init)
C:/devkitPro/libogc/lib/wii\libbte.a(hci.o)
                              C:/devkitPro/libogc/lib/wii\libbte.a(bte.o) (hci_init)
C:/devkitPro/libogc/lib/wii\libbte.a(l2cap.o)
[...]
Memory Configuration

Name             Origin             Length             Attributes
*default*        0x00000000         0xffffffff

Linker script and memory map

                0x00003400                        . = 0x3400

.stub
 *(.stub)
                0x80004000                        . = 0x80004000

.init           0x80004000      0x194
 *crt0.o(*.init)
 .init          0x80004000      0x170 C:/devkitPro/libogc/lib/wii\libogc.a(ogc_crt0.o)
                0x80004000                _start
                0x80004140                _memset
 *(.init)
 .init          0x80004170        0xc C:/devkitPro/devkitPPC/bin/../lib/gcc/powerpc-eabi/13.2.0/ecrti.o
                0x80004170                __init
 .init          0x8000417c        0x4 C:/devkitPro/devkitPPC/bin/../lib/gcc/powerpc-eabi/13.2.0/crtbegin.o
 .init          0x80004180        0x4 C:/devkitPro/devkitPPC/bin/../lib/gcc/powerpc-eabi/13.2.0/crtend.o
 .init          0x80004184       0x10 C:/devkitPro/devkitPPC/bin/../lib/gcc/powerpc-eabi/13.2.0/ecrtn.o

.rela.dyn       0x80004194        0x0
 .rela.iplt     0x80004194        0x0 C:/devkitPro/devkitPPC/bin/../lib/gcc/powerpc-eabi/13.2.0/crtbegin.o

.plt
 *(.plt)

.interp
 *(.interp)

.hash
 *(.hash)

.dynsym
 *(.dynsym)

.dynstr
 *(.dynstr)

.gnu.version
 *(.gnu.version)

.gnu.version_d
 *(.gnu.version_d)

.gnu.version_r
 *(.gnu.version_r)

.rel.init
 *(.rel.init)

.rela.init
 *(.rela.init)

.rel.text
 *(.rel.text .rel.text.* .rel.gnu.linkonce.t.*)

.rela.text      0x80004194        0x0
 *(.rela.text .rela.text.* .rela.gnu.linkonce.t.*)
 .rela.text.__do_global_dtors_aux
                0x80004194        0x0 C:/devkitPro/devkitPPC/bin/../lib/gcc/powerpc-eabi/13.2.0/crtbegin.o
 .rela.text.frame_dummy
                0x80004194        0x0 C:/devkitPro/devkitPPC/bin/../lib/gcc/powerpc-eabi/13.2.0/crtbegin.o

.rel.fini
 *(.rel.fini)

.rela.fini
 *(.rela.fini)

.rel.rodata
 *(.rel.rodata .rel.rodata.* .rel.gnu.linkonce.r.*)

.rela.rodata
 *(.rela.rodata .rela.rodata.* .rela.gnu.linkonce.r.*)

.rel.data
 *(.rel.data .rel.data.* .rel.gnu.linkonce.d.*)

.rela.data
 *(.rela.data .rela.data.* .rela.gnu.linkonce.d.*)

.rel.tdata
 *(.rel.tdata .rel.tdata.* .rel.gnu.linkonce.td.*)

.rela.tdata
 *(.rela.tdata .rela.tdata.* .rela.gnu.linkonce.td.*)

.rel.tbss
 *(.rel.tbss .rel.tbss.* .rel.gnu.linkonce.tb.*)

.rela.tbss
 *(.rela.tbss .rela.tbss.* .rela.gnu.linkonce.tb.*)

.rel.ctors
 *(.rel.ctors)

.rela.ctors
 *(.rela.ctors)

.rel.dtors
 *(.rel.dtors)

.rela.dtors
 *(.rela.dtors)

.rel.got
 *(.rel.got)

.rela.got
 *(.rela.got)

.rela.got1
 *(.rela.got1)

.rela.got2
 *(.rela.got2)

.rel.sdata
 *(.rel.sdata .rel.sdata.* .rel.gnu.linkonce.s.*)

.rela.sdata
 *(.rela.sdata .rela.sdata.* .rela.gnu.linkonce.s.*)

.rel.sbss
 *(.rel.sbss .rel.sbss.* .rel.gnu.linkonce.sb.*)

.rela.sbss
 *(.rela.sbss .rela.sbss.* .rel.gnu.linkonce.sb.*)

.rel.sdata2
 *(.rel.sdata2 .rel.sdata2.* .rel.gnu.linkonce.s2.*)

.rela.sdata2
 *(.rela.sdata2 .rela.sdata2.* .rela.gnu.linkonce.s2.*)

.rel.sbss2
 *(.rel.sbss2 .rel.sbss2.* .rel.gnu.linkonce.sb2.*)

.rela.sbss2
 *(.rela.sbss2 .rela.sbss2.* .rela.gnu.linkonce.sb2.*)

.rel.bss
 *(.rel.bss .rel.bss.* .rel.gnu.linkonce.b.*)

.rela.bss
 *(.rela.bss .rela.bss.* .rela.gnu.linkonce.b.*)

.rel.plt
 *(.rel.plt)

.rela.plt
 *(.rela.plt)

.text           0x800041a0    0x4c220
 *(.text)
 .text          0x800041a0      0x44c C:/devkitPro/libogc/lib/wii\libogc.a(lwp_handler.o)
                0x800041a0                _cpu_context_save_fp
                0x800042e0                _cpu_context_restore_fp
                0x80004420                _cpu_context_switch
                0x80004500                _cpu_context_save
                0x80004580                _cpu_context_restore
 .text          0x800045ec      0x4f4 C:/devkitPro/libogc/lib/wii\libogc.a(cache_asm.o)
                0x800045ec                DCFlashInvalidate
                0x80004600                DCEnable
                0x80004614                DCDisable
                0x80004628                DCFreeze
                0x8000463c                DCUnfreeze
                0x80004650                DCTouchLoad
                0x80004658                DCBlockZero
                0x80004660                DCBlockStore
                0x80004668                DCBlockFlush
                0x80004670                DCBlockInvalidate
                0x80004678                DCInvalidateRange
                0x800046a8                DCFlushRange
                0x800046dc                DCStoreRange
                0x80004710                DCFlushRangeNoSync
                0x80004740                DCStoreRangeNoSync
                0x80004770                DCZeroRange
                0x800047a0                DCTouchRange
                0x800047d0                ICInvalidateRange
                0x80004808                ICFlashInvalidate
                0x8000481c                ICEnable
                0x80004830                ICDisable
                0x80004844                ICFreeze
                0x80004858                ICUnfreeze
                0x8000486c                ICBlockInvalidate
                0x80004874                ICSync
                0x8000487c                L2Init
                0x800048c4                L2Enable
                0x800048e0                L2Disable
                0x800048f8                L2GlobalInvalidate
                0x80004950                __LCEnable
                0x80004a1c                LCDisable
                0x80004a44                LCAllocOneTag
                0x80004a58                LCAllocTags
                0x80004a98                LCLoadBlocks
                0x80004abc                LCStoreBlocks
 .text          0x80004ae0      0x4a0 C:/devkitPro/libogc/lib/wii\libogc.a(system_asm.o)
                0x80004ae0                __realmode
                0x80004af8                __configBATS
                0x80004c28                __InitFPRS
                0x80004d54                __InitPS
                0x80004db0                __InitCache
                0x80004e08                __InitSystem
                0x80004e90                __flush_cache
                0x80004ec4                __reset
                0x80004f34                __InitBATS
                0x80004f50                SYS_SwitchFiber
 .text          0x80004f80      0x1ac C:/devkitPro/libogc/lib/wii\libogc.a(irq_handler.o)
                0x80004f80                irq_exceptionhandler
 .text          0x8000512c      0x1ac C:/devkitPro/libogc/lib/wii\libogc.a(decrementer_handler.o)
                0x8000512c                dec_exceptionhandler
 .text          0x800052d8      0x35c C:/devkitPro/libogc/lib/wii\libogc.a(exception_handler.o)
                0x800052d8                exceptionhandler_start
                0x80005354                exceptionhandler_patch
                0x80005388                exceptionhandler_end
                0x8000538c                default_exceptionhandler
                0x800054bc                fpu_exceptionhandler
                0x80005604                systemcallhandler_start
                0x80005630                systemcallhandler_end
 .text          0x80005634       0x48 C:/devkitPro/devkitPPC/bin/../lib/gcc/powerpc-eabi/13.2.0\libgcc.a(eabi.o)
                0x80005634                __eabi
 .text          0x8000567c       0x58 C:/devkitPro/devkitPPC/bin/../lib/gcc/powerpc-eabi/13.2.0\libgcc.a(crtresxfpr.o)
                0x8000567c                _restfpr_14_x
                0x80005680                _restfpr_15_x
                0x80005684                _restfpr_16_x
                0x80005688                _restfpr_17_x
                0x8000568c                _restfpr_18_x
                0x80005690                _restfpr_19_x
                0x80005694                _restfpr_20_x
                0x80005698                _restfpr_21_x
                0x8000569c                _restfpr_22_x
                0x800056a0                _restfpr_23_x
                0x800056a4                _restfpr_24_x
                0x800056a8                _restfpr_25_x
                0x800056ac                _restfpr_26_x
                0x800056b0                _restfpr_27_x
                0x800056b4                _restfpr_28_x
                0x800056b8                _restfpr_29_x
                0x800056bc                _restfpr_30_x
                0x800056c0                _restfpr_31_x
 .text          0x800056d4       0x58 C:/devkitPro/devkitPPC/bin/../lib/gcc/powerpc-eabi/13.2.0\libgcc.a(crtresxgpr.o)
                0x800056d4                _restgpr_14_x
                0x800056d8                _restgpr_15_x
                0x800056dc                _restgpr_16_x
                0x800056e0                _restgpr_17_x
                0x800056e4                _restgpr_18_x
                0x800056e8                _restgpr_19_x
                0x800056ec                _restgpr_20_x
                0x800056f0                _restgpr_21_x
                0x800056f4                _restgpr_22_x
                0x800056f8                _restgpr_23_x
                0x800056fc                _restgpr_24_x
                0x80005700                _restgpr_25_x
                0x80005704                _restgpr_26_x
                0x80005708                _restgpr_27_x
                0x8000570c                _restgpr_28_x
                0x80005710                _restgpr_29_x
                0x80005714                _restgpr_30_x
                0x80005718                _restgpr_31_x
 *(.text.*)
 .text.__do_global_dtors_aux
                0x8000572c       0xcc C:/devkitPro/devkitPPC/bin/../lib/gcc/powerpc-eabi/13.2.0/crtbegin.o
 .text.frame_dummy
                0x800057f8       0x24 C:/devkitPro/devkitPPC/bin/../lib/gcc/powerpc-eabi/13.2.0/crtbegin.o
 .text.__crtmain
                0x8000581c       0x44 C:/devkitPro/devkitPPC/bin/../lib/gcc/powerpc-eabi/13.2.0/../../../../powerpc-eabi/lib/crtmain.o
                0x80005820                __crtmain
 .text.ogg_player_thread
                0x80005860      0x2b4 oggplayer.o
 .text.f_tell   0x80005b14       0x58 oggplayer.o
 .text.f_seek   0x80005b6c      0x164 oggplayer.o
 .text.f_close  0x80005cd0       0x48 oggplayer.o
 .text.f_read   0x80005d18      0x134 oggplayer.o
 .text.ogg_add_callback
                0x80005e4c       0xf8 oggplayer.o
 .text.PlayOgg  0x80005f44      0x28c oggplayer.o
                0x80005f44                PlayOgg
 .text.buttonThreadFunc
                0x800061d0       0x38 template.o
 .text.iETAThreadFunc
                0x80006208       0x54 template.o
 .text.infoThreadFunc
                0x8000625c       0xb8 template.o
 .text.calculate_pi
                0x80006314      0x21c template.o
                0x80006314                calculate_pi
 .text.startup.main
                0x80006530      0x204 template.o
                0x80006530                main
 .text.__wpad_assign_slot
                0x80006734      0x254 C:/devkitPro/libogc/lib/wii\libwiiuse.a(wpad.o)
                0x80006734                __wpad_assign_slot
 .text.__wpad_def_powcb
                0x80006988        0x4 C:/devkitPro/libogc/lib/wii\libwiiuse.a(wpad.o)
 .text.__readlinkkey_finished
                0x8000698c       0x34 C:/devkitPro/libogc/lib/wii\libwiiuse.a(wpad.o)
 .text.__wpad_patch_finished
                0x800069c0       0x2c C:/devkitPro/libogc/lib/wii\libwiiuse.a(wpad.o)
 .text.__wpad_setfmt
                0x800069ec      0x14c C:/devkitPro/libogc/lib/wii\libwiiuse.a(wpad.o)
 .text.__wpad_eventCB
                0x80006b38      0xad4 C:/devkitPro/libogc/lib/wii\libwiiuse.a(wpad.o)
 .text.__wpad_disconnectCB
                0x8000760c       0xd4 C:/devkitPro/libogc/lib/wii\libwiiuse.a(wpad.o)
                0x8000760c                __wpad_disconnectCB
 .text.__wpad_timeouthandler
                0x800076e0       0xa8 C:/devkitPro/libogc/lib/wii\libwiiuse.a(wpad.o)
 .text.__initcore_finished
                0x80007788       0x48 C:/devkitPro/libogc/lib/wii\libwiiuse.a(wpad.o)
 .text.__wpad_init_finished
                0x800077d0      0x194 C:/devkitPro/libogc/lib/wii\libwiiuse.a(wpad.o)
 .text.WPAD_ReadEvent
                0x80007964      0x68c C:/devkitPro/libogc/lib/wii\libwiiuse.a(wpad.o)
                0x80007964                WPAD_ReadEvent
 .text.WPAD_ReadPending
                0x80007ff0      0x1a0 C:/devkitPro/libogc/lib/wii\libwiiuse.a(wpad.o)
                0x80007ff0                WPAD_ReadPending
 .text.WPAD_Shutdown
                0x80008190      0x114 C:/devkitPro/libogc/lib/wii\libwiiuse.a(wpad.o)
                0x80008190                WPAD_Shutdown
 .text.WPAD_Init
                0x800082a4      0x2c4 C:/devkitPro/libogc/lib/wii\libwiiuse.a(wpad.o)
                0x800082a4                WPAD_Init
 .text.__wpad_onreset
                0x80008568       0x34 C:/devkitPro/libogc/lib/wii\libwiiuse.a(wpad.o)
 .text.WPAD_ScanPads
                0x8000859c       0x90 C:/devkitPro/libogc/lib/wii\libwiiuse.a(wpad.o)
                0x8000859c                WPAD_ScanPads
 .text.WPAD_ButtonsDown
                0x8000862c       0x28 C:/devkitPro/libogc/lib/wii\libwiiuse.a(wpad.o)
                0x8000862c                WPAD_ButtonsDown
 .text.motion_plus_disconnected
                0x80008654       0x10 C:/devkitPro/libogc/lib/wii\libwiiuse.a(motion_plus.o)
                0x80008654                motion_plus_disconnected
 .text.motion_plus_event
                0x80008664       0x64 C:/devkitPro/libogc/lib/wii\libwiiuse.a(motion_plus.o)
                0x80008664                motion_plus_event
 .text.calculate_gforce
                0x800086c8      0x114 C:/devkitPro/libogc/lib/wii\libwiiuse.a(dynamics.o)
                0x800086c8                calculate_gforce
 .text.calc_joystick_state
                0x800087dc      0x210 C:/devkitPro/libogc/lib/wii\libwiiuse.a(dynamics.o)
                0x800087dc                calc_joystick_state
 .text.apply_smoothing
                0x800089ec      0x140 C:/devkitPro/libogc/lib/wii\libwiiuse.a(dynamics.o)
                0x800089ec                apply_smoothing
 .text.calculate_orientation
                0x80008b2c      0x340 C:/devkitPro/libogc/lib/wii\libwiiuse.a(dynamics.o)
                0x80008b2c                calculate_orientation
 .text.calc_balanceboard_state
                0x80008e6c      0x3a4 C:/devkitPro/libogc/lib/wii\libwiiuse.a(dynamics.o)
                0x80008e6c                calc_balanceboard_state
 .text.wiiuse_handshake
                0x80009210      0x27c C:/devkitPro/libogc/lib/wii\libwiiuse.a(io.o)
                0x80009210                wiiuse_handshake
 .text.wiiuse_handshake_expansion
                0x8000948c      0x1f0 C:/devkitPro/libogc/lib/wii\libwiiuse.a(io.o)
                0x8000948c                wiiuse_handshake_expansion
 .text.wiiuse_handshake_expansion_start
                0x8000967c       0x5c C:/devkitPro/libogc/lib/wii\libwiiuse.a(io.o)
                0x8000967c                wiiuse_handshake_expansion_start
 .text.wiiuse_disable_expansion
                0x800096d8      0x1b0 C:/devkitPro/libogc/lib/wii\libwiiuse.a(io.o)
                0x800096d8                wiiuse_disable_expansion
 .text.__wiiuse_connected
                0x80009888       0x9c C:/devkitPro/libogc/lib/wii\libwiiuse.a(io_wii.o)
 .text.__wiiuse_disconnected
                0x80009924       0xb4 C:/devkitPro/libogc/lib/wii\libwiiuse.a(io_wii.o)
 .text.__wiiuse_receive
                0x800099d8       0xd0 C:/devkitPro/libogc/lib/wii\libwiiuse.a(io_wii.o)
 .text.__wiiuse_sensorbar_enable
                0x80009aa8       0x54 C:/devkitPro/libogc/lib/wii\libwiiuse.a(io_wii.o)
                0x80009aa8                __wiiuse_sensorbar_enable
 .text.wiiuse_register
                0x80009afc       0xf0 C:/devkitPro/libogc/lib/wii\libwiiuse.a(io_wii.o)
                0x80009afc                wiiuse_register
 .text.wiiuse_disconnect
                0x80009bec       0x24 C:/devkitPro/libogc/lib/wii\libwiiuse.a(io_wii.o)
                0x80009bec                wiiuse_disconnect
 .text.wiiuse_init_cmd_queue
                0x80009c10       0x9c C:/devkitPro/libogc/lib/wii\libwiiuse.a(io_wii.o)
                0x80009c10                wiiuse_init_cmd_queue
 .text.wiiuse_io_write
                0x80009cac       0x1c C:/devkitPro/libogc/lib/wii\libwiiuse.a(io_wii.o)
                0x80009cac                wiiuse_io_write
 .text.rotate_dots
                0x80009cc8      0x13c C:/devkitPro/libogc/lib/wii\libwiiuse.a(ir.o)
 .text.get_ir_sens.constprop.0.isra.0
                0x80009e04       0xdc C:/devkitPro/libogc/lib/wii\libwiiuse.a(ir.o)
 .text.wiiuse_set_ir_mode
                0x80009ee0       0x5c C:/devkitPro/libogc/lib/wii\libwiiuse.a(ir.o)
                0x80009ee0                wiiuse_set_ir_mode
 .text.wiiuse_set_ir
                0x80009f3c      0x204 C:/devkitPro/libogc/lib/wii\libwiiuse.a(ir.o)
                0x80009f3c                wiiuse_set_ir
 .text.wiiuse_set_ir_position
                0x8000a140       0x80 C:/devkitPro/libogc/lib/wii\libwiiuse.a(ir.o)
                0x8000a140                wiiuse_set_ir_position
 .text.wiiuse_set_aspect_ratio
                0x8000a1c0       0xac C:/devkitPro/libogc/lib/wii\libwiiuse.a(ir.o)
                0x8000a1c0                wiiuse_set_aspect_ratio
 .text.wiiuse_set_ir_sensitivity
                0x8000a26c       0xe4 C:/devkitPro/libogc/lib/wii\libwiiuse.a(ir.o)
                0x8000a26c                wiiuse_set_ir_sensitivity
 .text.calculate_basic_ir
                0x8000a350       0xe8 C:/devkitPro/libogc/lib/wii\libwiiuse.a(ir.o)
                0x8000a350                calculate_basic_ir
 .text.calculate_extended_ir
                0x8000a438       0x64 C:/devkitPro/libogc/lib/wii\libwiiuse.a(ir.o)
                0x8000a438                calculate_extended_ir
 .text.find_sensorbar
                0x8000a49c      0xa00 C:/devkitPro/libogc/lib/wii\libwiiuse.a(ir.o)
                0x8000a49c                find_sensorbar
 .text.apply_ir_smoothing
                0x8000ae9c      0x124 C:/devkitPro/libogc/lib/wii\libwiiuse.a(ir.o)
                0x8000ae9c                apply_ir_smoothing
 .text.interpret_ir_data
                0x8000afc0      0x3c8 C:/devkitPro/libogc/lib/wii\libwiiuse.a(ir.o)
                0x8000afc0                interpret_ir_data
 .text.nunchuk_handshake
                0x8000b388      0x31c C:/devkitPro/libogc/lib/wii\libwiiuse.a(nunchuk.o)
                0x8000b388                nunchuk_handshake
 .text.nunchuk_disconnected
                0x8000b6a4        0xc C:/devkitPro/libogc/lib/wii\libwiiuse.a(nunchuk.o)
                0x8000b6a4                nunchuk_disconnected
 .text.nunchuk_event
                0x8000b6b0       0xe8 C:/devkitPro/libogc/lib/wii\libwiiuse.a(nunchuk.o)
                0x8000b6b0                nunchuk_event
 .text.wii_board_handshake
                0x8000b798      0x284 C:/devkitPro/libogc/lib/wii\libwiiuse.a(wiiboard.o)
                0x8000b798                wii_board_handshake
 .text.wii_board_disconnected
                0x8000ba1c        0xc C:/devkitPro/libogc/lib/wii\libwiiuse.a(wiiboard.o)
                0x8000ba1c                wii_board_disconnected
 .text.wii_board_event
                0x8000ba28       0x24 C:/devkitPro/libogc/lib/wii\libwiiuse.a(wiiboard.o)
                0x8000ba28                wii_board_event
 .text.wiiuse_send_next_command
                0x8000ba4c       0x58 C:/devkitPro/libogc/lib/wii\libwiiuse.a(wiiuse.o)
                0x8000ba4c                wiiuse_send_next_command
 .text.wiiuse_init
                0x8000baa4      0x208 C:/devkitPro/libogc/lib/wii\libwiiuse.a(wiiuse.o)
                0x8000baa4                wiiuse_init
 .text.wiiuse_set_flags
                0x8000bcac       0x28 C:/devkitPro/libogc/lib/wii\libwiiuse.a(wiiuse.o)
                0x8000bcac                wiiuse_set_flags
 .text.wiiuse_read_data
                0x8000bcd4      0x154 C:/devkitPro/libogc/lib/wii\libwiiuse.a(wiiuse.o)
                0x8000bcd4                wiiuse_read_data
 .text.wiiuse_write_data
                0x8000be28      0x18c C:/devkitPro/libogc/lib/wii\libwiiuse.a(wiiuse.o)
                0x8000be28                wiiuse_write_data
 .text.wiiuse_sendcmd
                0x8000bfb4      0x144 C:/devkitPro/libogc/lib/wii\libwiiuse.a(wiiuse.o)
                0x8000bfb4                wiiuse_sendcmd
 .text.wiiuse_set_leds
                0x8000c0f8       0x50 C:/devkitPro/libogc/lib/wii\libwiiuse.a(wiiuse.o)
                0x8000c0f8                wiiuse_set_leds
 .text.wiiuse_set_report_type
                0x8000c148       0xb0 C:/devkitPro/libogc/lib/wii\libwiiuse.a(wiiuse.o)
                0x8000c148                wiiuse_set_report_type
 .text.wiiuse_status
                0x8000c1f8       0x4c C:/devkitPro/libogc/lib/wii\libwiiuse.a(wiiuse.o)
                0x8000c1f8                wiiuse_status
 .text.wiiuse_motion_sensing
                0x8000c244       0x84 C:/devkitPro/libogc/lib/wii\libwiiuse.a(wiiuse.o)
                0x8000c244                wiiuse_motion_sensing
 .text.wiiuse_set_speaker
                0x8000c2c8      0x24c C:/devkitPro/libogc/lib/wii\libwiiuse.a(speaker.o)
                0x8000c2c8                wiiuse_set_speaker
 .text.classic_ctrl_handshake
                0x8000c514      0x410 C:/devkitPro/libogc/lib/wii\libwiiuse.a(classic.o)
                0x8000c514                classic_ctrl_handshake
 .text.classic_ctrl_disconnected
                0x8000c924        0xc C:/devkitPro/libogc/lib/wii\libwiiuse.a(classic.o)
                0x8000c924                classic_ctrl_disconnected
 .text.classic_ctrl_event
                0x8000c930      0x15c C:/devkitPro/libogc/lib/wii\libwiiuse.a(classic.o)
                0x8000c930                classic_ctrl_event
 .text.handle_expansion
                0x8000ca8c       0x54 C:/devkitPro/libogc/lib/wii\libwiiuse.a(events.o)
 .text.parse_event
                0x8000cae0      0x730 C:/devkitPro/libogc/lib/wii\libwiiuse.a(events.o)
                0x8000cae0                parse_event
 .text.guitar_hero_3_handshake
                0x8000d210       0x5c C:/devkitPro/libogc/lib/wii\libwiiuse.a(guitar_hero_3.o)
                0x8000d210                guitar_hero_3_handshake
 .text.guitar_hero_3_disconnected
                0x8000d26c        0xc C:/devkitPro/libogc/lib/wii\libwiiuse.a(guitar_hero_3.o)
                0x8000d26c                guitar_hero_3_disconnected
 .text.guitar_hero_3_event
                0x8000d278       0x60 C:/devkitPro/libogc/lib/wii\libwiiuse.a(guitar_hero_3.o)
                0x8000d278                guitar_hero_3_event
 .text.__dsp_donecallback
                0x8000d2d8        0xc C:/devkitPro/libogc/lib/wii\libasnd.a(asndlib.o)
 .text.__dsp_initcallback
                0x8000d2e4       0x58 C:/devkitPro/libogc/lib/wii\libasnd.a(asndlib.o)
 .text.audio_dma_callback
                0x8000d33c      0x5a0 C:/devkitPro/libogc/lib/wii\libasnd.a(asndlib.o)
 .text.__dsp_requestcallback
                0x8000d8dc      0x65c C:/devkitPro/libogc/lib/wii\libasnd.a(asndlib.o)
 .text.ASND_Init
                0x8000df38      0x1c0 C:/devkitPro/libogc/lib/wii\libasnd.a(asndlib.o)
                0x8000df38                ASND_Init
 .text.ASND_SetVoice
                0x8000e0f8      0x200 C:/devkitPro/libogc/lib/wii\libasnd.a(asndlib.o)
                0x8000e0f8                ASND_SetVoice
 .text.ASND_AddVoice
                0x8000e2f8      0x110 C:/devkitPro/libogc/lib/wii\libasnd.a(asndlib.o)
                0x8000e2f8                ASND_AddVoice
 .text.ASND_TestPointer
                0x8000e408       0x78 C:/devkitPro/libogc/lib/wii\libasnd.a(asndlib.o)
                0x8000e408                ASND_TestPointer
 .text.ASND_StopVoice
                0x8000e480       0x74 C:/devkitPro/libogc/lib/wii\libasnd.a(asndlib.o)
                0x8000e480                ASND_StopVoice
 .text.ASND_StatusVoice
                0x8000e4f4       0x8c C:/devkitPro/libogc/lib/wii\libasnd.a(asndlib.o)
                0x8000e4f4                ASND_StatusVoice
 .text.ASND_Pause
                0x8000e580        0x8 C:/devkitPro/libogc/lib/wii\libasnd.a(asndlib.o)
                0x8000e580                ASND_Pause
 .text._get_next_page
                0x8000e588      0x248 C:/devkitPro/portlibs/ppc/lib\libvorbisidec.a(vorbisfile.o)
 .text._initial_pcmoffset
                0x8000e7d0      0x148 C:/devkitPro/portlibs/ppc/lib\libvorbisidec.a(vorbisfile.o)
 .text._seek_helper
                0x8000e918       0xbc C:/devkitPro/portlibs/ppc/lib\libvorbisidec.a(vorbisfile.o)
 .text._make_decode_ready
                0x8000e9d4       0xc8 C:/devkitPro/portlibs/ppc/lib\libvorbisidec.a(vorbisfile.o)
 .text._get_prev_page_serial
                0x8000ea9c      0x284 C:/devkitPro/portlibs/ppc/lib\libvorbisidec.a(vorbisfile.o)
 .text._fetch_headers
                0x8000ed20      0x3e0 C:/devkitPro/portlibs/ppc/lib\libvorbisidec.a(vorbisfile.o)
 .text._bisect_forward_serialno
                0x8000f100      0x5b8 C:/devkitPro/portlibs/ppc/lib\libvorbisidec.a(vorbisfile.o)
 .text._fetch_and_process_packet.constprop.10
                0x8000f6b8      0x40c C:/devkitPro/portlibs/ppc/lib\libvorbisidec.a(vorbisfile.o)
 .text.ov_clear
                0x8000fac4      0x124 C:/devkitPro/portlibs/ppc/lib\libvorbisidec.a(vorbisfile.o)
                0x8000fac4                ov_clear
 .text._ov_open1
                0x8000fbe8      0x2a8 C:/devkitPro/portlibs/ppc/lib\libvorbisidec.a(vorbisfile.o)
 .text.ov_pcm_total
                0x8000fe90       0x54 C:/devkitPro/portlibs/ppc/lib\libvorbisidec.a(vorbisfile.o)
                0x8000fe90                ov_pcm_total
 .text.ov_pcm_total.part.3
                0x8000fee4       0xac C:/devkitPro/portlibs/ppc/lib\libvorbisidec.a(vorbisfile.o)
 .text.ov_time_total
                0x8000ff90       0x98 C:/devkitPro/portlibs/ppc/lib\libvorbisidec.a(vorbisfile.o)
                0x8000ff90                ov_time_total
 .text.ov_time_total.part.4
                0x80010028       0xac C:/devkitPro/portlibs/ppc/lib\libvorbisidec.a(vorbisfile.o)
 .text.ov_raw_seek
                0x800100d4      0x538 C:/devkitPro/portlibs/ppc/lib\libvorbisidec.a(vorbisfile.o)
                0x800100d4                ov_raw_seek
 .text._open_seekable2
                0x8001060c      0x268 C:/devkitPro/portlibs/ppc/lib\libvorbisidec.a(vorbisfile.o)
 .text.ov_open_callbacks
                0x80010874       0xbc C:/devkitPro/portlibs/ppc/lib\libvorbisidec.a(vorbisfile.o)
                0x80010874                ov_open_callbacks
 .text.ov_pcm_seek_page
                0x80010930      0xce0 C:/devkitPro/portlibs/ppc/lib\libvorbisidec.a(vorbisfile.o)
                0x80010930                ov_pcm_seek_page
 .text.ov_pcm_seek
                0x80011610      0x488 C:/devkitPro/portlibs/ppc/lib\libvorbisidec.a(vorbisfile.o)
                0x80011610                ov_pcm_seek
 .text.ov_time_seek
                0x80011a98      0x1d0 C:/devkitPro/portlibs/ppc/lib\libvorbisidec.a(vorbisfile.o)
                0x80011a98                ov_time_seek
 .text.ov_info  0x80011c68       0x60 C:/devkitPro/portlibs/ppc/lib\libvorbisidec.a(vorbisfile.o)
                0x80011c68                ov_info
 .text.ov_read  0x80011cc8      0x1e8 C:/devkitPro/portlibs/ppc/lib\libvorbisidec.a(vorbisfile.o)
                0x80011cc8                ov_read
 .text.vorbis_block_init
                0x80011eb0       0x40 C:/devkitPro/portlibs/ppc/lib\libvorbisidec.a(block.o)
                0x80011eb0                vorbis_block_init
 .text._vorbis_block_alloc
                0x80011ef0       0xc4 C:/devkitPro/portlibs/ppc/lib\libvorbisidec.a(block.o)
                0x80011ef0                _vorbis_block_alloc
 .text._vorbis_block_ripcord
                0x80011fb4       0xcc C:/devkitPro/portlibs/ppc/lib\libvorbisidec.a(block.o)
                0x80011fb4                _vorbis_block_ripcord
 .text.vorbis_block_clear
                0x80012080       0x50 C:/devkitPro/portlibs/ppc/lib\libvorbisidec.a(block.o)
                0x80012080                vorbis_block_clear
 .text.vorbis_synthesis_restart
                0x800120d0       0x74 C:/devkitPro/portlibs/ppc/lib\libvorbisidec.a(block.o)
                0x800120d0                vorbis_synthesis_restart
 .text.vorbis_dsp_clear
                0x80012144      0x19c C:/devkitPro/portlibs/ppc/lib\libvorbisidec.a(block.o)
                0x80012144                vorbis_dsp_clear
 .text.vorbis_synthesis_init
                0x800122e0      0x348 C:/devkitPro/portlibs/ppc/lib\libvorbisidec.a(block.o)
                0x800122e0                vorbis_synthesis_init
 .text.vorbis_synthesis_blockin
                0x80012628      0x738 C:/devkitPro/portlibs/ppc/lib\libvorbisidec.a(block.o)
                0x80012628                vorbis_synthesis_blockin
 .text.vorbis_synthesis_pcmout
                0x80012d60       0x84 C:/devkitPro/portlibs/ppc/lib\libvorbisidec.a(block.o)
                0x80012d60                vorbis_synthesis_pcmout
 .text.vorbis_synthesis_read
                0x80012de4       0x30 C:/devkitPro/portlibs/ppc/lib\libvorbisidec.a(block.o)
                0x80012de4                vorbis_synthesis_read
 .text._vorbis_window
                0x80012e14       0xc8 C:/devkitPro/portlibs/ppc/lib\libvorbisidec.a(window.o)
                0x80012e14                _vorbis_window
 .text._vorbis_apply_window
                0x80012edc      0x1ac C:/devkitPro/portlibs/ppc/lib\libvorbisidec.a(window.o)
                0x80012edc                _vorbis_apply_window
 .text._vorbis_synthesis1
                0x80013088      0x2a4 C:/devkitPro/portlibs/ppc/lib\libvorbisidec.a(synthesis.o)
 .text.vorbis_synthesis
                0x8001332c        0x8 C:/devkitPro/portlibs/ppc/lib\libvorbisidec.a(synthesis.o)
                0x8001332c                vorbis_synthesis
 .text.vorbis_synthesis_trackonly
                0x80013334        0x8 C:/devkitPro/portlibs/ppc/lib\libvorbisidec.a(synthesis.o)
                0x80013334                vorbis_synthesis_trackonly
 .text.vorbis_packet_blocksize
                0x8001333c       0xa8 C:/devkitPro/portlibs/ppc/lib\libvorbisidec.a(synthesis.o)
                0x8001333c                vorbis_packet_blocksize
 .text.vorbis_comment_init
                0x800133e4       0x18 C:/devkitPro/portlibs/ppc/lib\libvorbisidec.a(info.o)
                0x800133e4                vorbis_comment_init
 .text.vorbis_comment_clear
                0x800133fc       0xb4 C:/devkitPro/portlibs/ppc/lib\libvorbisidec.a(info.o)
                0x800133fc                vorbis_comment_clear
 .text.vorbis_info_blocksize
                0x800134b0       0x20 C:/devkitPro/portlibs/ppc/lib\libvorbisidec.a(info.o)
                0x800134b0                vorbis_info_blocksize
 .text.vorbis_info_init
                0x800134d0       0x58 C:/devkitPro/portlibs/ppc/lib\libvorbisidec.a(info.o)
                0x800134d0                vorbis_info_init
 .text.vorbis_info_clear
                0x80013528      0x210 C:/devkitPro/portlibs/ppc/lib\libvorbisidec.a(info.o)
                0x80013528                vorbis_info_clear
 .text.vorbis_synthesis_idheader
                0x80013738       0xd4 C:/devkitPro/portlibs/ppc/lib\libvorbisidec.a(info.o)
                0x80013738                vorbis_synthesis_idheader
 .text.vorbis_synthesis_headerin
                0x8001380c      0x740 C:/devkitPro/portlibs/ppc/lib\libvorbisidec.a(info.o)
                0x8001380c                vorbis_synthesis_headerin
 .text.bitreverse
                0x80013f4c       0x80 C:/devkitPro/portlibs/ppc/lib\libvorbisidec.a(codebook.o)
 .text.vorbis_staticbook_unpack
                0x80013fcc      0x4b0 C:/devkitPro/portlibs/ppc/lib\libvorbisidec.a(codebook.o)
                0x80013fcc                vorbis_staticbook_unpack
 .text.vorbis_book_decode
                0x8001447c      0x1e0 C:/devkitPro/portlibs/ppc/lib\libvorbisidec.a(codebook.o)
                0x8001447c                vorbis_book_decode
 .text.vorbis_book_decodevs_add
                0x8001465c      0x4ac C:/devkitPro/portlibs/ppc/lib\libvorbisidec.a(codebook.o)
                0x8001465c                vorbis_book_decodevs_add
 .text.vorbis_book_decodev_add
                0x80014b08      0x454 C:/devkitPro/portlibs/ppc/lib\libvorbisidec.a(codebook.o)
                0x80014b08                vorbis_book_decodev_add
 .text.vorbis_book_decodev_set
                0x80014f5c      0x4cc C:/devkitPro/portlibs/ppc/lib\libvorbisidec.a(codebook.o)
                0x80014f5c                vorbis_book_decodev_set
 .text.vorbis_book_decodevv_add
                0x80015428      0x44c C:/devkitPro/portlibs/ppc/lib\libvorbisidec.a(codebook.o)
                0x80015428                vorbis_book_decodevv_add
 .text.bitreverse
                0x80015874       0x80 C:/devkitPro/portlibs/ppc/lib\libvorbisidec.a(sharedbook.o)
 .text.sort32a  0x800158f4       0x24 C:/devkitPro/portlibs/ppc/lib\libvorbisidec.a(sharedbook.o)
 .text._ilog    0x80015918       0x28 C:/devkitPro/portlibs/ppc/lib\libvorbisidec.a(sharedbook.o)
                0x80015918                _ilog
 .text._make_words
                0x80015940      0x32c C:/devkitPro/portlibs/ppc/lib\libvorbisidec.a(sharedbook.o)
                0x80015940                _make_words
 .text._book_maptype1_quantvals
                0x80015c6c       0xb0 C:/devkitPro/portlibs/ppc/lib\libvorbisidec.a(sharedbook.o)
                0x80015c6c                _book_maptype1_quantvals
 .text._book_unquantize.part.1
                0x80015d1c      0x7a0 C:/devkitPro/portlibs/ppc/lib\libvorbisidec.a(sharedbook.o)
 .text.vorbis_staticbook_destroy
                0x800164bc       0x4c C:/devkitPro/portlibs/ppc/lib\libvorbisidec.a(sharedbook.o)
                0x800164bc                vorbis_staticbook_destroy
 .text.vorbis_book_clear
                0x80016508       0x84 C:/devkitPro/portlibs/ppc/lib\libvorbisidec.a(sharedbook.o)
                0x80016508                vorbis_book_clear
 .text.vorbis_book_init_decode
                0x8001658c      0x54c C:/devkitPro/portlibs/ppc/lib\libvorbisidec.a(sharedbook.o)
                0x8001658c                vorbis_book_init_decode
 .text.icomp    0x80016ad8       0x18 C:/devkitPro/portlibs/ppc/lib\libvorbisidec.a(floor1.o)
 .text.floor1_inverse2
                0x80016af0      0x2e4 C:/devkitPro/portlibs/ppc/lib\libvorbisidec.a(floor1.o)
 .text.floor1_inverse1
                0x80016dd4      0x3b4 C:/devkitPro/portlibs/ppc/lib\libvorbisidec.a(floor1.o)
 .text.floor1_free_look
                0x80017188        0xc C:/devkitPro/portlibs/ppc/lib\libvorbisidec.a(floor1.o)
 .text.floor1_free_info
                0x80017194        0xc C:/devkitPro/portlibs/ppc/lib\libvorbisidec.a(floor1.o)
 .text.floor1_look
                0x800171a0      0x260 C:/devkitPro/portlibs/ppc/lib\libvorbisidec.a(floor1.o)
 .text.floor1_unpack
                0x80017400      0x400 C:/devkitPro/portlibs/ppc/lib\libvorbisidec.a(floor1.o)
 .text.floor0_inverse1
                0x80017800      0x224 C:/devkitPro/portlibs/ppc/lib\libvorbisidec.a(floor0.o)
 .text.floor0_free_info
                0x80017a24        0xc C:/devkitPro/portlibs/ppc/lib\libvorbisidec.a(floor0.o)
 .text.floor0_unpack
                0x80017a30      0x184 C:/devkitPro/portlibs/ppc/lib\libvorbisidec.a(floor0.o)
 .text.floor0_free_look
                0x80017bb4       0x5c C:/devkitPro/portlibs/ppc/lib\libvorbisidec.a(floor0.o)
 .text.floor0_look
                0x80017c10      0x288 C:/devkitPro/portlibs/ppc/lib\libvorbisidec.a(floor0.o)
 .text.vorbis_lsp_to_curve
                0x80017e98      0x5d4 C:/devkitPro/portlibs/ppc/lib\libvorbisidec.a(floor0.o)
                0x80017e98                vorbis_lsp_to_curve
 .text.floor0_inverse2
                0x8001846c       0x80 C:/devkitPro/portlibs/ppc/lib\libvorbisidec.a(floor0.o)
 .text.res0_free_info
                0x800184ec        0xc C:/devkitPro/portlibs/ppc/lib\libvorbisidec.a(res012.o)
                0x800184ec                res0_free_info
 .text.res0_unpack
                0x800184f8      0x284 C:/devkitPro/portlibs/ppc/lib\libvorbisidec.a(res012.o)
                0x800184f8                res0_unpack
 .text.res0_look
                0x8001877c      0x290 C:/devkitPro/portlibs/ppc/lib\libvorbisidec.a(res012.o)
                0x8001877c                res0_look
 .text._01inverse
                0x80018a0c      0x360 C:/devkitPro/portlibs/ppc/lib\libvorbisidec.a(res012.o)
 .text.res0_inverse
                0x80018d6c       0x68 C:/devkitPro/portlibs/ppc/lib\libvorbisidec.a(res012.o)
                0x80018d6c                res0_inverse
 .text.res1_inverse
                0x80018dd4       0x68 C:/devkitPro/portlibs/ppc/lib\libvorbisidec.a(res012.o)
                0x80018dd4                res1_inverse
 .text.res2_inverse
                0x80018e3c      0x308 C:/devkitPro/portlibs/ppc/lib\libvorbisidec.a(res012.o)
                0x80018e3c                res2_inverse
 .text.res0_free_look
                0x80019144       0xc0 C:/devkitPro/portlibs/ppc/lib\libvorbisidec.a(res012.o)
                0x80019144                res0_free_look
 .text.mapping0_inverse
                0x80019204      0x538 C:/devkitPro/portlibs/ppc/lib\libvorbisidec.a(mapping0.o)
 .text.mapping0_free_info
                0x8001973c        0xc C:/devkitPro/portlibs/ppc/lib\libvorbisidec.a(mapping0.o)
 .text.mapping0_look
                0x80019748      0x1bc C:/devkitPro/portlibs/ppc/lib\libvorbisidec.a(mapping0.o)
 .text.mapping0_unpack
                0x80019904      0x2b8 C:/devkitPro/portlibs/ppc/lib\libvorbisidec.a(mapping0.o)
 .text.mapping0_free_look
                0x80019bbc       0xd0 C:/devkitPro/portlibs/ppc/lib\libvorbisidec.a(mapping0.o)
 .text.mdct_backward
                0x80019c8c     0x18dc C:/devkitPro/portlibs/ppc/lib\libvorbisidec.a(mdct.o)
                0x80019c8c                mdct_backward
 .text._os_update_crc
                0x8001b568      0x15c C:/devkitPro/portlibs/ppc/lib\libogg.a(framing.o)
 .text._packetout
                0x8001b6c4      0x1b4 C:/devkitPro/portlibs/ppc/lib\libogg.a(framing.o)
 .text.ogg_page_continued
                0x8001b878       0x10 C:/devkitPro/portlibs/ppc/lib\libogg.a(framing.o)
                0x8001b878                ogg_page_continued
 .text.ogg_page_bos
                0x8001b888       0x10 C:/devkitPro/portlibs/ppc/lib\libogg.a(framing.o)
                0x8001b888                ogg_page_bos
 .text.ogg_page_eos
                0x8001b898       0x10 C:/devkitPro/portlibs/ppc/lib\libogg.a(framing.o)
                0x8001b898                ogg_page_eos
 .text.ogg_page_granulepos
                0x8001b8a8       0x18 C:/devkitPro/portlibs/ppc/lib\libogg.a(framing.o)
                0x8001b8a8                ogg_page_granulepos
 .text.ogg_page_serialno
                0x8001b8c0       0x10 C:/devkitPro/portlibs/ppc/lib\libogg.a(framing.o)
                0x8001b8c0                ogg_page_serialno
 .text.ogg_stream_clear
                0x8001b8d0       0x70 C:/devkitPro/portlibs/ppc/lib\libogg.a(framing.o)
                0x8001b8d0                ogg_stream_clear
 .text.ogg_stream_init
                0x8001b940       0xc8 C:/devkitPro/portlibs/ppc/lib\libogg.a(framing.o)
                0x8001b940                ogg_stream_init
 .text._os_body_expand
                0x8001ba08       0xbc C:/devkitPro/portlibs/ppc/lib\libogg.a(framing.o)
 .text._os_lacing_expand
                0x8001bac4       0xd4 C:/devkitPro/portlibs/ppc/lib\libogg.a(framing.o)
 .text.ogg_page_checksum_set
                0x8001bb98       0xa0 C:/devkitPro/portlibs/ppc/lib\libogg.a(framing.o)
                0x8001bb98                ogg_page_checksum_set
 .text.ogg_sync_init
                0x8001bc38       0x30 C:/devkitPro/portlibs/ppc/lib\libogg.a(framing.o)
                0x8001bc38                ogg_sync_init
 .text.ogg_sync_clear
                0x8001bc68       0x60 C:/devkitPro/portlibs/ppc/lib\libogg.a(framing.o)
                0x8001bc68                ogg_sync_clear
 .text.ogg_sync_buffer
                0x8001bcc8      0x118 C:/devkitPro/portlibs/ppc/lib\libogg.a(framing.o)
                0x8001bcc8                ogg_sync_buffer
 .text.ogg_sync_wrote
                0x8001bde0       0x30 C:/devkitPro/portlibs/ppc/lib\libogg.a(framing.o)
                0x8001bde0                ogg_sync_wrote
 .text.ogg_sync_pageseek
                0x8001be10      0x20c C:/devkitPro/portlibs/ppc/lib\libogg.a(framing.o)
                0x8001be10                ogg_sync_pageseek
 .text.ogg_stream_pagein
                0x8001c01c      0x4a0 C:/devkitPro/portlibs/ppc/lib\libogg.a(framing.o)
                0x8001c01c                ogg_stream_pagein
 .text.ogg_sync_reset
                0x8001c4bc       0x38 C:/devkitPro/portlibs/ppc/lib\libogg.a(framing.o)
                0x8001c4bc                ogg_sync_reset
 .text.ogg_stream_reset
                0x8001c4f4       0x68 C:/devkitPro/portlibs/ppc/lib\libogg.a(framing.o)
                0x8001c4f4                ogg_stream_reset
 .text.ogg_stream_reset_serialno
                0x8001c55c       0x6c C:/devkitPro/portlibs/ppc/lib\libogg.a(framing.o)
                0x8001c55c                ogg_stream_reset_serialno
 .text.ogg_stream_packetout
                0x8001c5c8       0x24 C:/devkitPro/portlibs/ppc/lib\libogg.a(framing.o)
                0x8001c5c8                ogg_stream_packetout
 .text.ogg_stream_packetpeek
                0x8001c5ec       0x24 C:/devkitPro/portlibs/ppc/lib\libogg.a(framing.o)
                0x8001c5ec                ogg_stream_packetpeek
 .text.oggpack_readinit
                0x8001c610       0x1c C:/devkitPro/portlibs/ppc/lib\libogg.a(bitwise.o)
                0x8001c610                oggpack_readinit
 .text.oggpack_look
                0x8001c62c       0xd8 C:/devkitPro/portlibs/ppc/lib\libogg.a(bitwise.o)
                0x8001c62c                oggpack_look
 .text.oggpack_adv
                0x8001c704       0x64 C:/devkitPro/portlibs/ppc/lib\libogg.a(bitwise.o)
                0x8001c704                oggpack_adv
 .text.oggpack_read
                0x8001c768      0x110 C:/devkitPro/portlibs/ppc/lib\libogg.a(bitwise.o)
                0x8001c768                oggpack_read
 .text.oggpack_bytes
                0x8001c878       0x1c C:/devkitPro/portlibs/ppc/lib\libogg.a(bitwise.o)
                0x8001c878                oggpack_bytes
 .text.acl_wlp_completed
                0x8001c894        0x8 C:/devkitPro/libogc/lib/wii\libbte.a(bte.o)
                0x8001c894                acl_wlp_completed
 .text.bt_alarmhandler
                0x8001c89c       0x58 C:/devkitPro/libogc/lib/wii\libbte.a(bte.o)
 .text.__bte_send_pending_request
                0x8001c8f4      0x108 C:/devkitPro/libogc/lib/wii\libbte.a(bte.o)
 .text.acl_conn_complete
                0x8001c9fc       0x2c C:/devkitPro/libogc/lib/wii\libbte.a(bte.o)
                0x8001c9fc                acl_conn_complete
 .text.l2cap_accepted
                0x8001ca28      0x134 C:/devkitPro/libogc/lib/wii\libbte.a(bte.o)
                0x8001ca28                l2cap_accepted
 .text.l2cap_disconnect_cfm
                0x8001cb5c      0x19c C:/devkitPro/libogc/lib/wii\libbte.a(bte.o)
                0x8001cb5c                l2cap_disconnect_cfm
 .text.bte_process_input
                0x8001ccf8      0x128 C:/devkitPro/libogc/lib/wii\libbte.a(bte.o)
 .text.l2cap_disconnected_ind
                0x8001ce20      0x1a4 C:/devkitPro/libogc/lib/wii\libbte.a(bte.o)
                0x8001ce20                l2cap_disconnected_ind
 .text.__bte_shutdown_finished
                0x8001cfc4       0xe0 C:/devkitPro/libogc/lib/wii\libbte.a(bte.o)
 .text.bte_hci_apply_patch_complete
                0x8001d0a4      0x164 C:/devkitPro/libogc/lib/wii\libbte.a(bte.o)
                0x8001d0a4                bte_hci_apply_patch_complete
 .text.bte_hci_patch_complete
                0x8001d208      0x380 C:/devkitPro/libogc/lib/wii\libbte.a(bte.o)
                0x8001d208                bte_hci_patch_complete
 .text.bte_hci_initcore_complete
                0x8001d588      0x280 C:/devkitPro/libogc/lib/wii\libbte.a(bte.o)
                0x8001d588                bte_hci_initcore_complete
 .text.bte_read_stored_link_key_complete
                0x8001d808      0x27c C:/devkitPro/libogc/lib/wii\libbte.a(bte.o)
                0x8001d808                bte_read_stored_link_key_complete
 .text.bte_hci_initcore_complete2
                0x8001da84      0x22c C:/devkitPro/libogc/lib/wii\libbte.a(bte.o)
 .text.bte_hci_initsub_complete
                0x8001dcb0      0x280 C:/devkitPro/libogc/lib/wii\libbte.a(bte.o)
                0x8001dcb0                bte_hci_initsub_complete
 .text.BTE_Init
                0x8001df30      0x138 C:/devkitPro/libogc/lib/wii\libbte.a(bte.o)
                0x8001df30                BTE_Init
 .text.BTE_Shutdown
                0x8001e068      0x100 C:/devkitPro/libogc/lib/wii\libbte.a(bte.o)
                0x8001e068                BTE_Shutdown
 .text.BTE_InitCore
                0x8001e168       0x8c C:/devkitPro/libogc/lib/wii\libbte.a(bte.o)
                0x8001e168                BTE_InitCore
 .text.BTE_ApplyPatch
                0x8001e1f4       0xa4 C:/devkitPro/libogc/lib/wii\libbte.a(bte.o)
                0x8001e1f4                BTE_ApplyPatch
 .text.BTE_InitSub
                0x8001e298       0x90 C:/devkitPro/libogc/lib/wii\libbte.a(bte.o)
                0x8001e298                BTE_InitSub
 .text.BTE_ReadStoredLinkKey
                0x8001e328       0x90 C:/devkitPro/libogc/lib/wii\libbte.a(bte.o)
                0x8001e328                BTE_ReadStoredLinkKey
 .text.BTE_SetDisconnectCallback
                0x8001e3b8        0x4 C:/devkitPro/libogc/lib/wii\libbte.a(bte.o)
                0x8001e3b8                BTE_SetDisconnectCallback
 .text.bte_new  0x8001e3bc       0x54 C:/devkitPro/libogc/lib/wii\libbte.a(bte.o)
                0x8001e3bc                bte_new
 .text.bte_registerdeviceasync
                0x8001e410      0x158 C:/devkitPro/libogc/lib/wii\libbte.a(bte.o)
                0x8001e410                bte_registerdeviceasync
 .text.bte_disconnect
                0x8001e568       0xd8 C:/devkitPro/libogc/lib/wii\libbte.a(bte.o)
                0x8001e568                bte_disconnect
 .text.bte_senddata
                0x8001e640      0x104 C:/devkitPro/libogc/lib/wii\libbte.a(bte.o)
                0x8001e640                bte_senddata
 .text.bte_arg  0x8001e744       0x38 C:/devkitPro/libogc/lib/wii\libbte.a(bte.o)
                0x8001e744                bte_arg
 .text.bte_received
                0x8001e77c       0x38 C:/devkitPro/libogc/lib/wii\libbte.a(bte.o)
                0x8001e77c                bte_received
 .text.bte_disconnected
                0x8001e7b4       0x38 C:/devkitPro/libogc/lib/wii\libbte.a(bte.o)
                0x8001e7b4                bte_disconnected
 .text.hci_get_link
                0x8001e7ec       0x84 C:/devkitPro/libogc/lib/wii\libbte.a(hci.o)
 .text.hci_init
                0x8001e870       0x80 C:/devkitPro/libogc/lib/wii\libbte.a(hci.o)
                0x8001e870                hci_init
 .text.hci_close
                0x8001e8f0       0xd0 C:/devkitPro/libogc/lib/wii\libbte.a(hci.o)
                0x8001e8f0                hci_close
 .text.hci_reset_all
                0x8001e9c0       0xb8 C:/devkitPro/libogc/lib/wii\libbte.a(hci.o)
                0x8001e9c0                hci_reset_all
 .text.hci_arg  0x8001ea78        0xc C:/devkitPro/libogc/lib/wii\libbte.a(hci.o)
                0x8001ea78                hci_arg
 .text.hci_cmd_complete
                0x8001ea84        0xc C:/devkitPro/libogc/lib/wii\libbte.a(hci.o)
                0x8001ea84                hci_cmd_complete
 .text.hci_connection_complete
                0x8001ea90        0xc C:/devkitPro/libogc/lib/wii\libbte.a(hci.o)
                0x8001ea90                hci_connection_complete
 .text.hci_wlp_complete
                0x8001ea9c        0xc C:/devkitPro/libogc/lib/wii\libbte.a(hci.o)
                0x8001ea9c                hci_wlp_complete
 .text.hci_reset
                0x8001eaa8       0xac C:/devkitPro/libogc/lib/wii\libbte.a(hci.o)
                0x8001eaa8                hci_reset
 .text.hci_read_buffer_size
                0x8001eb54       0xac C:/devkitPro/libogc/lib/wii\libbte.a(hci.o)
                0x8001eb54                hci_read_buffer_size
 .text.hci_read_bd_addr
                0x8001ec00       0xac C:/devkitPro/libogc/lib/wii\libbte.a(hci.o)
                0x8001ec00                hci_read_bd_addr
 .text.hci_read_local_version
                0x8001ecac       0xa8 C:/devkitPro/libogc/lib/wii\libbte.a(hci.o)
                0x8001ecac                hci_read_local_version
 .text.hci_read_local_features
                0x8001ed54       0xac C:/devkitPro/libogc/lib/wii\libbte.a(hci.o)
                0x8001ed54                hci_read_local_features
 .text.hci_read_stored_link_key
                0x8001ee00      0x100 C:/devkitPro/libogc/lib/wii\libbte.a(hci.o)
                0x8001ee00                hci_read_stored_link_key
 .text.hci_write_page_timeout
                0x8001ef00       0xd0 C:/devkitPro/libogc/lib/wii\libbte.a(hci.o)
                0x8001ef00                hci_write_page_timeout
 .text.hci_write_scan_enable
                0x8001efd0       0xbc C:/devkitPro/libogc/lib/wii\libbte.a(hci.o)
                0x8001efd0                hci_write_scan_enable
 .text.hci_accecpt_conn_request
                0x8001f08c       0xe0 C:/devkitPro/libogc/lib/wii\libbte.a(hci.o)
                0x8001f08c                hci_accecpt_conn_request
 .text.hci_write_local_name
                0x8001f16c       0xd8 C:/devkitPro/libogc/lib/wii\libbte.a(hci.o)
                0x8001f16c                hci_write_local_name
 .text.hci_write_pin_type
                0x8001f244       0xbc C:/devkitPro/libogc/lib/wii\libbte.a(hci.o)
                0x8001f244                hci_write_pin_type
 .text.hci_write_inquiry_mode
                0x8001f300       0xbc C:/devkitPro/libogc/lib/wii\libbte.a(hci.o)
                0x8001f300                hci_write_inquiry_mode
 .text.hci_write_page_scan_type
                0x8001f3bc       0xbc C:/devkitPro/libogc/lib/wii\libbte.a(hci.o)
                0x8001f3bc                hci_write_page_scan_type
 .text.hci_write_inquiry_scan_type
                0x8001f478       0xbc C:/devkitPro/libogc/lib/wii\libbte.a(hci.o)
                0x8001f478                hci_write_inquiry_scan_type
 .text.hci_vendor_specific_command
                0x8001f534       0xe8 C:/devkitPro/libogc/lib/wii\libbte.a(hci.o)
                0x8001f534                hci_vendor_specific_command
 .text.hci_write_link_policy_settings
                0x8001f61c      0x104 C:/devkitPro/libogc/lib/wii\libbte.a(hci.o)
                0x8001f61c                hci_write_link_policy_settings
 .text.hci_pin_code_request_neg_reply
                0x8001f720       0xcc C:/devkitPro/libogc/lib/wii\libbte.a(hci.o)
                0x8001f720                hci_pin_code_request_neg_reply
 .text.hci_link_key_req_neg_reply
                0x8001f7ec       0xcc C:/devkitPro/libogc/lib/wii\libbte.a(hci.o)
                0x8001f7ec                hci_link_key_req_neg_reply
 .text.hci_disconnect
                0x8001f8b8       0xfc C:/devkitPro/libogc/lib/wii\libbte.a(hci.o)
                0x8001f8b8                hci_disconnect
 .text.hci_write_cod
                0x8001f9b4       0xcc C:/devkitPro/libogc/lib/wii\libbte.a(hci.o)
                0x8001f9b4                hci_write_cod
 .text.hci_host_buffer_size
                0x8001fa80      0x10c C:/devkitPro/libogc/lib/wii\libbte.a(hci.o)
                0x8001fa80                hci_host_buffer_size
 .text.hci_host_num_comp_packets
                0x8001fb8c      0x108 C:/devkitPro/libogc/lib/wii\libbte.a(hci.o)
                0x8001fb8c                hci_host_num_comp_packets
 .text.lp_pdu_maxsize
                0x8001fc94        0xc C:/devkitPro/libogc/lib/wii\libbte.a(hci.o)
                0x8001fc94                lp_pdu_maxsize
 .text.lp_acl_write
                0x8001fca0      0x158 C:/devkitPro/libogc/lib/wii\libbte.a(hci.o)
                0x8001fca0                lp_acl_write
 .text.lp_write_flush_timeout
                0x8001fdf8      0x104 C:/devkitPro/libogc/lib/wii\libbte.a(hci.o)
                0x8001fdf8                lp_write_flush_timeout
 .text.hci_event_handler
                0x8001fefc      0xc7c C:/devkitPro/libogc/lib/wii\libbte.a(hci.o)
                0x8001fefc                hci_event_handler
 .text.hci_acldata_handler
                0x80020b78      0x11c C:/devkitPro/libogc/lib/wii\libbte.a(hci.o)
                0x80020b78                hci_acldata_handler
 .text.l2cap_init
                0x80020c94       0x60 C:/devkitPro/libogc/lib/wii\libbte.a(l2cap.o)
                0x80020c94                l2cap_init
 .text.l2cap_write
                0x80020cf4      0x1a0 C:/devkitPro/libogc/lib/wii\libbte.a(l2cap.o)
                0x80020cf4                l2cap_write
 .text.l2cap_new
                0x80020e94       0x60 C:/devkitPro/libogc/lib/wii\libbte.a(l2cap.o)
                0x80020e94                l2cap_new
 .text.l2cap_close
                0x80020ef4      0x1d4 C:/devkitPro/libogc/lib/wii\libbte.a(l2cap.o)
                0x80020ef4                l2cap_close
 .text.l2cap_reset_all
                0x800210c8      0x154 C:/devkitPro/libogc/lib/wii\libbte.a(l2cap.o)
                0x800210c8                l2cap_reset_all
 .text.l2cap_signal
                0x8002121c      0x204 C:/devkitPro/libogc/lib/wii\libbte.a(l2cap.o)
                0x8002121c                l2cap_signal
 .text.l2ca_config_req
                0x80021420      0x158 C:/devkitPro/libogc/lib/wii\libbte.a(l2cap.o)
                0x80021420                l2ca_config_req
 .text.l2ca_disconnect_req
                0x80021578       0xcc C:/devkitPro/libogc/lib/wii\libbte.a(l2cap.o)
                0x80021578                l2ca_disconnect_req
 .text.l2cap_tmr
                0x80021644      0x260 C:/devkitPro/libogc/lib/wii\libbte.a(l2cap.o)
                0x80021644                l2cap_tmr
 .text.l2cap_process_sig
                0x800218a4     0x1334 C:/devkitPro/libogc/lib/wii\libbte.a(l2cap.o)
                0x800218a4                l2cap_process_sig
 .text.l2cap_input
                0x80022bd8      0x578 C:/devkitPro/libogc/lib/wii\libbte.a(l2cap.o)
                0x80022bd8                l2cap_input
 .text.l2ca_datawrite
                0x80023150      0x128 C:/devkitPro/libogc/lib/wii\libbte.a(l2cap.o)
                0x80023150                l2ca_datawrite
 .text.lp_connect_cfm
                0x80023278      0x184 C:/devkitPro/libogc/lib/wii\libbte.a(l2cap.o)
                0x80023278                lp_connect_cfm
 .text.lp_connect_ind
                0x800233fc        0x4 C:/devkitPro/libogc/lib/wii\libbte.a(l2cap.o)
                0x800233fc                lp_connect_ind
 .text.lp_disconnect_ind
                0x80023400      0x124 C:/devkitPro/libogc/lib/wii\libbte.a(l2cap.o)
                0x80023400                lp_disconnect_ind
 .text.l2cap_disconnect_bb
                0x80023524       0x10 C:/devkitPro/libogc/lib/wii\libbte.a(l2cap.o)
                0x80023524                l2cap_disconnect_bb
 .text.l2cap_arg
                0x80023534        0x8 C:/devkitPro/libogc/lib/wii\libbte.a(l2cap.o)
                0x80023534                l2cap_arg
 .text.l2cap_connect_ind
                0x8002353c      0x104 C:/devkitPro/libogc/lib/wii\libbte.a(l2cap.o)
                0x8002353c                l2cap_connect_ind
 .text.l2cap_disconnect_ind
                0x80023640        0x8 C:/devkitPro/libogc/lib/wii\libbte.a(l2cap.o)
                0x80023640                l2cap_disconnect_ind
 .text.l2cap_recv
                0x80023648        0x8 C:/devkitPro/libogc/lib/wii\libbte.a(l2cap.o)
                0x80023648                l2cap_recv
 .text.btmemb_init
                0x80023650       0x24 C:/devkitPro/libogc/lib/wii\libbte.a(btmemb.o)
                0x80023650                btmemb_init
 .text.btmemb_alloc
                0x80023674       0x98 C:/devkitPro/libogc/lib/wii\libbte.a(btmemb.o)
                0x80023674                btmemb_alloc
 .text.btmemb_free
                0x8002370c      0x114 C:/devkitPro/libogc/lib/wii\libbte.a(btmemb.o)
                0x8002370c                btmemb_free
 .text.plug_holes
                0x80023820       0xac C:/devkitPro/libogc/lib/wii\libbte.a(btmemr.o)
 .text.btmemr_init
                0x800238cc       0xa4 C:/devkitPro/libogc/lib/wii\libbte.a(btmemr.o)
                0x800238cc                btmemr_init
 .text.btmemr_malloc
                0x80023970      0x17c C:/devkitPro/libogc/lib/wii\libbte.a(btmemr.o)
                0x80023970                btmemr_malloc
 .text.btmemr_free
                0x80023aec       0x98 C:/devkitPro/libogc/lib/wii\libbte.a(btmemr.o)
                0x80023aec                btmemr_free
 .text.btmemr_realloc
                0x80023b84      0x108 C:/devkitPro/libogc/lib/wii\libbte.a(btmemr.o)
                0x80023b84                btmemr_realloc
 .text.btpbuf_init
                0x80023c8c       0x28 C:/devkitPro/libogc/lib/wii\libbte.a(btpbuf.o)
                0x80023c8c                btpbuf_init
 .text.btpbuf_free
                0x80023cb4      0x11c C:/devkitPro/libogc/lib/wii\libbte.a(btpbuf.o)
                0x80023cb4                btpbuf_free
 .text.btpbuf_alloc
                0x80023dd0      0x250 C:/devkitPro/libogc/lib/wii\libbte.a(btpbuf.o)
                0x80023dd0                btpbuf_alloc
 .text.btpbuf_realloc
                0x80024020      0x110 C:/devkitPro/libogc/lib/wii\libbte.a(btpbuf.o)
                0x80024020                btpbuf_realloc
 .text.btpbuf_header
                0x80024130       0x84 C:/devkitPro/libogc/lib/wii\libbte.a(btpbuf.o)
                0x80024130                btpbuf_header
 .text.btpbuf_ref
                0x800241b4       0x48 C:/devkitPro/libogc/lib/wii\libbte.a(btpbuf.o)
                0x800241b4                btpbuf_ref
 .text.btpbuf_chain
                0x800241fc       0x9c C:/devkitPro/libogc/lib/wii\libbte.a(btpbuf.o)
                0x800241fc                btpbuf_chain
 .text.btpbuf_dechain
                0x80024298       0x7c C:/devkitPro/libogc/lib/wii\libbte.a(btpbuf.o)
                0x80024298                btpbuf_dechain
 .text.btpbuf_take
                0x80024314      0x13c C:/devkitPro/libogc/lib/wii\libbte.a(btpbuf.o)
                0x80024314                btpbuf_take
 .text.__usb_closeCB
                0x80024450       0x10 C:/devkitPro/libogc/lib/wii\libbte.a(physbusif.o)
 .text.__writebulkmsgCB
                0x80024460       0x3c C:/devkitPro/libogc/lib/wii\libbte.a(physbusif.o)
 .text.__writectrlmsgCB
                0x8002449c       0x3c C:/devkitPro/libogc/lib/wii\libbte.a(physbusif.o)
 .text.__issue_intrread.part.0
                0x800244d8       0x80 C:/devkitPro/libogc/lib/wii\libbte.a(physbusif.o)
 .text.__readintrdataCB
                0x80024558      0x148 C:/devkitPro/libogc/lib/wii\libbte.a(physbusif.o)
 .text.__issue_bulkread.part.0
                0x800246a0       0x80 C:/devkitPro/libogc/lib/wii\libbte.a(physbusif.o)
 .text.__readbulkdataCB
                0x80024720      0x148 C:/devkitPro/libogc/lib/wii\libbte.a(physbusif.o)
 .text.physbusif_init
                0x80024868      0x1ec C:/devkitPro/libogc/lib/wii\libbte.a(physbusif.o)
                0x80024868                physbusif_init
 .text.physbusif_close
                0x80024a54       0x20 C:/devkitPro/libogc/lib/wii\libbte.a(physbusif.o)
                0x80024a54                physbusif_close
 .text.physbusif_shutdown
                0x80024a74       0x24 C:/devkitPro/libogc/lib/wii\libbte.a(physbusif.o)
                0x80024a74                physbusif_shutdown
 .text.physbusif_reset_all
                0x80024a98        0x4 C:/devkitPro/libogc/lib/wii\libbte.a(physbusif.o)
                0x80024a98                physbusif_reset_all
 .text.physbusif_output
                0x80024a9c      0x1c4 C:/devkitPro/libogc/lib/wii\libbte.a(physbusif.o)
                0x80024a9c                physbusif_output
 .text.__console_clear_line
                0x80024c60       0xb4 C:/devkitPro/libogc/lib/wii\libogc.a(console.o)
 .text.__console_clear
                0x80024d14       0xbc C:/devkitPro/libogc/lib/wii\libogc.a(console.o)
 .text.__console_write
                0x80024dd0      0x82c C:/devkitPro/libogc/lib/wii\libogc.a(console.o)
                0x80024dd0                __console_write
 .text.__console_init
                0x800255fc      0x120 C:/devkitPro/libogc/lib/wii\libogc.a(console.o)
                0x800255fc                __console_init
 .text.CON_Init
                0x8002571c        0x4 C:/devkitPro/libogc/lib/wii\libogc.a(console.o)
                0x8002571c                CON_Init
 .text.CON_EnableGecko
                0x80025720      0x100 C:/devkitPro/libogc/lib/wii\libogc.a(console.o)
                0x80025720                CON_EnableGecko
 .text.__lwp_queue_initialize
                0x80025820       0x98 C:/devkitPro/libogc/lib/wii\libogc.a(lwp_queue.o)
                0x80025820                __lwp_queue_initialize
 .text.__lwp_queue_get
                0x800258b8       0x74 C:/devkitPro/libogc/lib/wii\libogc.a(lwp_queue.o)
                0x800258b8                __lwp_queue_get
 .text.__lwp_queue_append
                0x8002592c       0x4c C:/devkitPro/libogc/lib/wii\libogc.a(lwp_queue.o)
                0x8002592c                __lwp_queue_append
 .text.__syscall_getreent
                0x80025978       0x24 C:/devkitPro/libogc/lib/wii\libogc.a(lwp_threads.o)
                0x80025978                __syscall_getreent
 .text.__lwp_isr_in_progress
                0x8002599c        0x8 C:/devkitPro/libogc/lib/wii\libogc.a(lwp_threads.o)
                0x8002599c                __lwp_isr_in_progress
 .text.__thread_dispatch_fp
                0x800259a4       0x88 C:/devkitPro/libogc/lib/wii\libogc.a(lwp_threads.o)
                0x800259a4                __thread_dispatch_fp
 .text.__thread_dispatch
                0x80025a2c       0xf4 C:/devkitPro/libogc/lib/wii\libogc.a(lwp_threads.o)
                0x80025a2c                __thread_dispatch
 .text.__lwp_thread_resettimeslice
                0x80025b20       0xb4 C:/devkitPro/libogc/lib/wii\libogc.a(lwp_threads.o)
                0x80025b20                __lwp_thread_resettimeslice
 .text.__lwp_thread_tickle_timeslice
                0x80025bd4       0xc8 C:/devkitPro/libogc/lib/wii\libogc.a(lwp_threads.o)
                0x80025bd4                __lwp_thread_tickle_timeslice
 .text.__lwp_thread_setstate
                0x80025c9c      0x16c C:/devkitPro/libogc/lib/wii\libogc.a(lwp_threads.o)
                0x80025c9c                __lwp_thread_setstate
 .text.__lwp_thread_clearstate
                0x80025e08       0xe4 C:/devkitPro/libogc/lib/wii\libogc.a(lwp_threads.o)
                0x80025e08                __lwp_thread_clearstate
 .text.__lwp_thread_delayended
                0x80025eec       0x48 C:/devkitPro/libogc/lib/wii\libogc.a(lwp_threads.o)
                0x80025eec                __lwp_thread_delayended
 .text.__lwp_thread_settransient
                0x80025f34       0xb4 C:/devkitPro/libogc/lib/wii\libogc.a(lwp_threads.o)
                0x80025f34                __lwp_thread_settransient
 .text.__lwp_thread_changepriority
                0x80025fe8      0x1f8 C:/devkitPro/libogc/lib/wii\libogc.a(lwp_threads.o)
                0x80025fe8                __lwp_thread_changepriority
 .text.__lwp_thread_ready
                0x800261e0       0xf0 C:/devkitPro/libogc/lib/wii\libogc.a(lwp_threads.o)
                0x800261e0                __lwp_thread_ready
 .text.__lwp_thread_init
                0x800262d0      0x160 C:/devkitPro/libogc/lib/wii\libogc.a(lwp_threads.o)
                0x800262d0                __lwp_thread_init
 .text.__lwp_thread_close
                0x80026430      0x144 C:/devkitPro/libogc/lib/wii\libogc.a(lwp_threads.o)
                0x80026430                __lwp_thread_close
 .text.__lwp_thread_handler
                0x80026574       0xc0 C:/devkitPro/libogc/lib/wii\libogc.a(lwp_threads.o)
 .text.__lwp_thread_closeall
                0x80026634       0xb0 C:/devkitPro/libogc/lib/wii\libogc.a(lwp_threads.o)
                0x80026634                __lwp_thread_closeall
 .text.__lwp_thread_start
                0x800266e4      0x150 C:/devkitPro/libogc/lib/wii\libogc.a(lwp_threads.o)
                0x800266e4                __lwp_thread_start
 .text.__lwp_thread_startmultitasking
                0x80026834       0xac C:/devkitPro/libogc/lib/wii\libogc.a(lwp_threads.o)
                0x80026834                __lwp_thread_startmultitasking
 .text.__lwp_thread_stopmultitasking
                0x800268e0       0x58 C:/devkitPro/libogc/lib/wii\libogc.a(lwp_threads.o)
                0x800268e0                __lwp_thread_stopmultitasking
 .text.__lwp_thread_coreinit
                0x80026938       0xc4 C:/devkitPro/libogc/lib/wii\libogc.a(lwp_threads.o)
                0x80026938                __lwp_thread_coreinit
 .text.idle_func
                0x800269fc        0x4 C:/devkitPro/libogc/lib/wii\libogc.a(lwp.o)
 .text.__lwp_sysinit
                0x80026a00      0x114 C:/devkitPro/libogc/lib/wii\libogc.a(lwp.o)
                0x80026a00                __lwp_sysinit
 .text.LWP_CreateThread
                0x80026b14      0x1b0 C:/devkitPro/libogc/lib/wii\libogc.a(lwp.o)
                0x80026b14                LWP_CreateThread
 .text.LWP_JoinThread
                0x80026cc4      0x150 C:/devkitPro/libogc/lib/wii\libogc.a(lwp.o)
                0x80026cc4                LWP_JoinThread
 .text.LWP_InitQueue
                0x80026e14      0x140 C:/devkitPro/libogc/lib/wii\libogc.a(lwp.o)
                0x80026e14                LWP_InitQueue
 .text.LWP_CloseQueue
                0x80026f54       0xd4 C:/devkitPro/libogc/lib/wii\libogc.a(lwp.o)
                0x80026f54                LWP_CloseQueue
 .text.LWP_ThreadSleep
                0x80027028       0xf8 C:/devkitPro/libogc/lib/wii\libogc.a(lwp.o)
                0x80027028                LWP_ThreadSleep
 .text.LWP_ThreadBroadcast
                0x80027120       0x88 C:/devkitPro/libogc/lib/wii\libogc.a(lwp.o)
                0x80027120                LWP_ThreadBroadcast
 .text.LWP_ThreadSignal
                0x800271a8       0x74 C:/devkitPro/libogc/lib/wii\libogc.a(lwp.o)
                0x800271a8                LWP_ThreadSignal
 .text.__lwp_stack_allocate
                0x8002721c       0x60 C:/devkitPro/libogc/lib/wii\libogc.a(lwp_stack.o)
                0x8002721c                __lwp_stack_allocate
 .text.__lwp_stack_free
                0x8002727c       0x1c C:/devkitPro/libogc/lib/wii\libogc.a(lwp_stack.o)
                0x8002727c                __lwp_stack_free
 .text.__lwp_wd_settimer
                0x80027298       0xe0 C:/devkitPro/libogc/lib/wii\libogc.a(lwp_watchdog.o)
 .text.__lwp_watchdog_init
                0x80027378       0x2c C:/devkitPro/libogc/lib/wii\libogc.a(lwp_watchdog.o)
                0x80027378                __lwp_watchdog_init
 .text.__lwp_wd_insert
                0x800273a4      0x194 C:/devkitPro/libogc/lib/wii\libogc.a(lwp_watchdog.o)
                0x800273a4                __lwp_wd_insert
 .text.__lwp_wd_remove
                0x80027538      0x138 C:/devkitPro/libogc/lib/wii\libogc.a(lwp_watchdog.o)
                0x80027538                __lwp_wd_remove
 .text.__lwp_wd_tickle
                0x80027670      0x120 C:/devkitPro/libogc/lib/wii\libogc.a(lwp_watchdog.o)
                0x80027670                __lwp_wd_tickle
 .text.__lwp_wkspace_init
                0x80027790       0xc0 C:/devkitPro/libogc/lib/wii\libogc.a(lwp_wkspace.o)
                0x80027790                __lwp_wkspace_init
 .text.__lwp_objmgr_initinfo
                0x80027850      0x1a0 C:/devkitPro/libogc/lib/wii\libogc.a(lwp_objmgr.o)
                0x80027850                __lwp_objmgr_initinfo
 .text.__lwp_objmgr_getisrdisable
                0x800279f0       0x60 C:/devkitPro/libogc/lib/wii\libogc.a(lwp_objmgr.o)
                0x800279f0                __lwp_objmgr_getisrdisable
 .text.__lwp_objmgr_getnoprotection
                0x80027a50       0x24 C:/devkitPro/libogc/lib/wii\libogc.a(lwp_objmgr.o)
                0x80027a50                __lwp_objmgr_getnoprotection
 .text.__lwp_objmgr_get
                0x80027a74       0x6c C:/devkitPro/libogc/lib/wii\libogc.a(lwp_objmgr.o)
                0x80027a74                __lwp_objmgr_get
 .text.__lwp_objmgr_allocate
                0x80027ae0       0x88 C:/devkitPro/libogc/lib/wii\libogc.a(lwp_objmgr.o)
                0x80027ae0                __lwp_objmgr_allocate
 .text.__lwp_objmgr_free
                0x80027b68       0x60 C:/devkitPro/libogc/lib/wii\libogc.a(lwp_objmgr.o)
                0x80027b68                __lwp_objmgr_free
 .text.__lwp_heap_init
                0x80027bc8       0xa4 C:/devkitPro/libogc/lib/wii\libogc.a(lwp_heap.o)
                0x80027bc8                __lwp_heap_init
 .text.__lwp_heap_allocate
                0x80027c6c      0x160 C:/devkitPro/libogc/lib/wii\libogc.a(lwp_heap.o)
                0x80027c6c                __lwp_heap_allocate
 .text.__lwp_heap_free
                0x80027dcc      0x188 C:/devkitPro/libogc/lib/wii\libogc.a(lwp_heap.o)
                0x80027dcc                __lwp_heap_free
 .text.__SetInterrupts
                0x80027f54      0x268 C:/devkitPro/libogc/lib/wii\libogc.a(irq.o)
 .text.c_irqdispatcher
                0x800281bc      0x278 C:/devkitPro/libogc/lib/wii\libogc.a(irq.o)
                0x800281bc                c_irqdispatcher
 .text.__UnmaskIrq
                0x80028434       0x84 C:/devkitPro/libogc/lib/wii\libogc.a(irq.o)
                0x80028434                __UnmaskIrq
 .text.__MaskIrq
                0x800284b8       0x84 C:/devkitPro/libogc/lib/wii\libogc.a(irq.o)
                0x800284b8                __MaskIrq
 .text.__irq_init
                0x8002853c       0x84 C:/devkitPro/libogc/lib/wii\libogc.a(irq.o)
                0x8002853c                __irq_init
 .text.IRQ_Request
                0x800285c0       0x50 C:/devkitPro/libogc/lib/wii\libogc.a(irq.o)
                0x800285c0                IRQ_Request
 .text.IRQ_GetHandler
                0x80028610       0x44 C:/devkitPro/libogc/lib/wii\libogc.a(irq.o)
                0x80028610                IRQ_GetHandler
 .text.IRQ_Disable
                0x80028654       0x1c C:/devkitPro/libogc/lib/wii\libogc.a(irq.o)
                0x80028654                IRQ_Disable
 .text.IRQ_Restore
                0x80028670       0x1c C:/devkitPro/libogc/lib/wii\libogc.a(irq.o)
                0x80028670                IRQ_Restore
 .text.__VISendI2CData.constprop.0.isra.0
                0x8002868c      0x450 C:/devkitPro/libogc/lib/wii\libogc.a(video.o)
 .text.__setFbbRegs.constprop.0
                0x80028adc      0x190 C:/devkitPro/libogc/lib/wii\libogc.a(video.o)
 .text.__VISetYUVSEL
                0x80028c6c       0xb8 C:/devkitPro/libogc/lib/wii\libogc.a(video.o)
 .text.VIDEO_Configure
                0x80028d24      0x5ec C:/devkitPro/libogc/lib/wii\libogc.a(video.o)
                0x80028d24                VIDEO_Configure
 .text.VIDEO_WaitVSync
                0x80029310       0x74 C:/devkitPro/libogc/lib/wii\libogc.a(video.o)
                0x80029310                VIDEO_WaitVSync
 .text.VIDEO_SetFramebuffer
                0x80029384      0x108 C:/devkitPro/libogc/lib/wii\libogc.a(video.o)
                0x80029384                VIDEO_SetFramebuffer
 .text.VIDEO_SetNextFramebuffer
                0x8002948c       0x70 C:/devkitPro/libogc/lib/wii\libogc.a(video.o)
                0x8002948c                VIDEO_SetNextFramebuffer
 .text.VIDEO_Flush
                0x800294fc       0xf4 C:/devkitPro/libogc/lib/wii\libogc.a(video.o)
                0x800294fc                VIDEO_Flush
 .text.VIDEO_SetBlack
                0x800295f0      0x15c C:/devkitPro/libogc/lib/wii\libogc.a(video.o)
                0x800295f0                VIDEO_SetBlack
 .text.VIDEO_GetCurrentTvMode
                0x8002974c       0x78 C:/devkitPro/libogc/lib/wii\libogc.a(video.o)
                0x8002974c                VIDEO_GetCurrentTvMode
 .text.__VIRetraceHandler
                0x800297c4      0x298 C:/devkitPro/libogc/lib/wii\libogc.a(video.o)
 .text.__VISetupEncoder
                0x80029a5c      0x2cc C:/devkitPro/libogc/lib/wii\libogc.a(video.o)
 .text.VIDEO_Init
                0x80029d28      0x4e4 C:/devkitPro/libogc/lib/wii\libogc.a(video.o)
                0x80029d28                VIDEO_Init
 .text.VIDEO_GetPreferredMode
                0x8002a20c      0x108 C:/devkitPro/libogc/lib/wii\libogc.a(video.o)
                0x8002a20c                VIDEO_GetPreferredMode
 .text.VIDEO_GetCurrentLine
                0x8002a314       0x9c C:/devkitPro/libogc/lib/wii\libogc.a(video.o)
                0x8002a314                VIDEO_GetCurrentLine
 .text.VIDEO_GetFrameBufferSize
                0x8002a3b0       0x34 C:/devkitPro/libogc/lib/wii\libogc.a(video.o)
                0x8002a3b0                VIDEO_GetFrameBufferSize
 .text.__call_resetfuncs
                0x8002a3e4       0xbc C:/devkitPro/libogc/lib/wii\libogc.a(system.o)
 .text.__MEMInterruptHandler
                0x8002a4a0       0x14 C:/devkitPro/libogc/lib/wii\libogc.a(system.o)
 .text.__RSWDefaultHandler
                0x8002a4b4        0x4 C:/devkitPro/libogc/lib/wii\libogc.a(system.o)
 .text.__POWDefaultHandler
                0x8002a4b8        0x4 C:/devkitPro/libogc/lib/wii\libogc.a(system.o)
 .text.__STMEventHandler
                0x8002a4bc      0x104 C:/devkitPro/libogc/lib/wii\libogc.a(system.o)
 .text.__getrtc
                0x8002a5c0      0x13c C:/devkitPro/libogc/lib/wii\libogc.a(system.o)
 .text.__sram_write
                0x8002a6fc      0x130 C:/devkitPro/libogc/lib/wii\libogc.a(system.o)
 .text.__sram_writecallback
                0x8002a82c       0x54 C:/devkitPro/libogc/lib/wii\libogc.a(system.o)
 .text.__mem_onreset
                0x8002a880       0x48 C:/devkitPro/libogc/lib/wii\libogc.a(system.o)
 .text.__unlocksram
                0x8002a8c8      0x174 C:/devkitPro/libogc/lib/wii\libogc.a(system.o)
 .text.__sys_alarmhandler
                0x8002aa3c      0x154 C:/devkitPro/libogc/lib/wii\libogc.a(system.o)
 .text.__syscall_malloc_lock
                0x8002ab90        0x4 C:/devkitPro/libogc/lib/wii\libogc.a(system.o)
                0x8002ab90                __syscall_malloc_lock
 .text.__syscall_malloc_unlock
                0x8002ab94        0x4 C:/devkitPro/libogc/lib/wii\libogc.a(system.o)
                0x8002ab94                __syscall_malloc_unlock
 .text.__syscall_nanosleep
                0x8002ab98        0x4 C:/devkitPro/libogc/lib/wii\libogc.a(system.o)
                0x8002ab98                __syscall_nanosleep
 .text.__SYS_GetRTC
                0x8002ab9c       0xa0 C:/devkitPro/libogc/lib/wii\libogc.a(system.o)
                0x8002ab9c                __SYS_GetRTC
 .text.__SYS_SetBootTime
                0x8002ac3c      0x108 C:/devkitPro/libogc/lib/wii\libogc.a(system.o)
                0x8002ac3c                __SYS_SetBootTime
 .text.__SYS_GetIPCBufferLo
                0x8002ad44        0x8 C:/devkitPro/libogc/lib/wii\libogc.a(system.o)
                0x8002ad44                __SYS_GetIPCBufferLo
 .text.__SYS_GetIPCBufferHi
                0x8002ad4c        0x8 C:/devkitPro/libogc/lib/wii\libogc.a(system.o)
                0x8002ad4c                __SYS_GetIPCBufferHi
 .text.__SYS_DoPowerCB
                0x8002ad54       0x74 C:/devkitPro/libogc/lib/wii\libogc.a(system.o)
                0x8002ad54                __SYS_DoPowerCB
 .text.__SYS_PreInit
                0x8002adc8        0x4 C:/devkitPro/libogc/lib/wii\libogc.a(system.o)
                0x8002adc8                __SYS_PreInit
 .text.SYS_PreMain
                0x8002adcc       0x7c C:/devkitPro/libogc/lib/wii\libogc.a(system.o)
                0x8002adcc                SYS_PreMain
 .text.SYS_ResetButtonDown
                0x8002ae48       0x18 C:/devkitPro/libogc/lib/wii\libogc.a(system.o)
                0x8002ae48                SYS_ResetButtonDown
 .text.SYS_ResetSystem
                0x8002ae60      0x210 C:/devkitPro/libogc/lib/wii\libogc.a(system.o)
                0x8002ae60                SYS_ResetSystem
 .text.__reload
                0x8002b070       0x80 C:/devkitPro/libogc/lib/wii\libogc.a(system.o)
                0x8002b070                __reload
 .text.__syscall_exit
                0x8002b0f0       0x88 C:/devkitPro/libogc/lib/wii\libogc.a(system.o)
                0x8002b0f0                __syscall_exit
 .text.SYS_RegisterResetFunc
                0x8002b178       0x78 C:/devkitPro/libogc/lib/wii\libogc.a(system.o)
                0x8002b178                SYS_RegisterResetFunc
 .text.SYS_SetArena1Lo
                0x8002b1f0       0x38 C:/devkitPro/libogc/lib/wii\libogc.a(system.o)
                0x8002b1f0                SYS_SetArena1Lo
 .text.SYS_GetArena1Lo
                0x8002b228       0x38 C:/devkitPro/libogc/lib/wii\libogc.a(system.o)
                0x8002b228                SYS_GetArena1Lo
 .text.SYS_GetArena1Hi
                0x8002b260       0x38 C:/devkitPro/libogc/lib/wii\libogc.a(system.o)
                0x8002b260                SYS_GetArena1Hi
 .text.SYS_SetArena2Lo
                0x8002b298       0x38 C:/devkitPro/libogc/lib/wii\libogc.a(system.o)
                0x8002b298                SYS_SetArena2Lo
 .text.SYS_GetArena2Lo
                0x8002b2d0       0x38 C:/devkitPro/libogc/lib/wii\libogc.a(system.o)
                0x8002b2d0                SYS_GetArena2Lo
 .text.SYS_SetArena2Hi
                0x8002b308       0x38 C:/devkitPro/libogc/lib/wii\libogc.a(system.o)
                0x8002b308                SYS_SetArena2Hi
 .text.SYS_GetArena2Hi
                0x8002b340       0x38 C:/devkitPro/libogc/lib/wii\libogc.a(system.o)
                0x8002b340                SYS_GetArena2Hi
 .text.SYS_AllocateFramebuffer
                0x8002b378       0x28 C:/devkitPro/libogc/lib/wii\libogc.a(system.o)
                0x8002b378                SYS_AllocateFramebuffer
 .text.SYS_CreateAlarm
                0x8002b3a0       0xf0 C:/devkitPro/libogc/lib/wii\libogc.a(system.o)
                0x8002b3a0                SYS_CreateAlarm
 .text.SYS_SetAlarm
                0x8002b490      0x1e0 C:/devkitPro/libogc/lib/wii\libogc.a(system.o)
                0x8002b490                SYS_SetAlarm
 .text.SYS_SetPeriodicAlarm
                0x8002b670      0x270 C:/devkitPro/libogc/lib/wii\libogc.a(system.o)
                0x8002b670                SYS_SetPeriodicAlarm
 .text.SYS_RemoveAlarm
                0x8002b8e0      0x10c C:/devkitPro/libogc/lib/wii\libogc.a(system.o)
                0x8002b8e0                SYS_RemoveAlarm
 .text.SYS_CancelAlarm
                0x8002b9ec       0xbc C:/devkitPro/libogc/lib/wii\libogc.a(system.o)
                0x8002b9ec                SYS_CancelAlarm
 .text.SYS_GetWirelessID
                0x8002baa8       0x94 C:/devkitPro/libogc/lib/wii\libogc.a(system.o)
                0x8002baa8                SYS_GetWirelessID
 .text.SYS_SetWirelessID
                0x8002bb3c       0x90 C:/devkitPro/libogc/lib/wii\libogc.a(system.o)
                0x8002bb3c                SYS_SetWirelessID
 .text.SYS_SetGBSMode
                0x8002bbcc       0xa8 C:/devkitPro/libogc/lib/wii\libogc.a(system.o)
                0x8002bbcc                SYS_SetGBSMode
 .text.__sram_init
                0x8002bc74      0x1b8 C:/devkitPro/libogc/lib/wii\libogc.a(system.o)
                0x8002bc74                __sram_init
 .text.SYS_Init
                0x8002be2c      0x5e8 C:/devkitPro/libogc/lib/wii\libogc.a(system.o)
                0x8002be2c                SYS_Init
 .text.SYS_GetHollywoodRevision
                0x8002c414       0x3c C:/devkitPro/libogc/lib/wii\libogc.a(system.o)
                0x8002c414                SYS_GetHollywoodRevision
 .text.SYS_Time
                0x8002c450       0x78 C:/devkitPro/libogc/lib/wii\libogc.a(system.o)
                0x8002c450                SYS_Time
 .text.__lwp_cond_init
                0x8002c4c8       0x14 C:/devkitPro/libogc/lib/wii\libogc.a(cond.o)
                0x8002c4c8                __lwp_cond_init
 .text.__AISRCINIT
                0x8002c4dc      0x1d0 C:/devkitPro/libogc/lib/wii\libogc.a(audio.o)
 .text.__AIDHandler
                0x8002c6ac       0xd4 C:/devkitPro/libogc/lib/wii\libogc.a(audio.o)
 .text.AUDIO_Init
                0x8002c780      0x164 C:/devkitPro/libogc/lib/wii\libogc.a(audio.o)
                0x8002c780                AUDIO_Init
 .text.AUDIO_RegisterDMACallback
                0x8002c8e4       0x40 C:/devkitPro/libogc/lib/wii\libogc.a(audio.o)
                0x8002c8e4                AUDIO_RegisterDMACallback
 .text.AUDIO_InitDMA
                0x8002c924       0x74 C:/devkitPro/libogc/lib/wii\libogc.a(audio.o)
                0x8002c924                AUDIO_InitDMA
 .text.AUDIO_StartDMA
                0x8002c998       0x1c C:/devkitPro/libogc/lib/wii\libogc.a(audio.o)
                0x8002c998                AUDIO_StartDMA
 .text.AUDIO_StopDMA
                0x8002c9b4       0x18 C:/devkitPro/libogc/lib/wii\libogc.a(audio.o)
                0x8002c9b4                AUDIO_StopDMA
 .text.AUDIO_SetDSPSampleRate
                0x8002c9cc       0xb4 C:/devkitPro/libogc/lib/wii\libogc.a(audio.o)
                0x8002c9cc                AUDIO_SetDSPSampleRate
 .text.__decrementer_init
                0x8002ca80        0x4 C:/devkitPro/libogc/lib/wii\libogc.a(decrementer.o)
                0x8002ca80                __decrementer_init
 .text.c_decrementer_handler
                0x8002ca84        0xc C:/devkitPro/libogc/lib/wii\libogc.a(decrementer.o)
                0x8002ca84                c_decrementer_handler
 .text.__lwp_mqbox_init
                0x8002ca90       0x14 C:/devkitPro/libogc/lib/wii\libogc.a(message.o)
                0x8002ca90                __lwp_mqbox_init
 .text.__dsp_exectask
                0x8002caa4      0x2ec C:/devkitPro/libogc/lib/wii\libogc.a(dsp.o)
 .text.__dsp_inthandler
                0x8002cd90       0x30 C:/devkitPro/libogc/lib/wii\libogc.a(dsp.o)
 .text.__dsp_removetask
                0x8002cdc0       0x74 C:/devkitPro/libogc/lib/wii\libogc.a(dsp.o)
 .text.__dsp_def_taskcb
                0x8002ce34      0x468 C:/devkitPro/libogc/lib/wii\libogc.a(dsp.o)
 .text.DSP_Init
                0x8002d29c       0xf8 C:/devkitPro/libogc/lib/wii\libogc.a(dsp.o)
                0x8002d29c                DSP_Init
 .text.DSP_CheckMailTo
                0x8002d394       0x14 C:/devkitPro/libogc/lib/wii\libogc.a(dsp.o)
                0x8002d394                DSP_CheckMailTo
 .text.DSP_SendMailTo
                0x8002d3a8       0x20 C:/devkitPro/libogc/lib/wii\libogc.a(dsp.o)
                0x8002d3a8                DSP_SendMailTo
 .text.DSP_AddTask
                0x8002d3c8      0x308 C:/devkitPro/libogc/lib/wii\libogc.a(dsp.o)
                0x8002d3c8                DSP_AddTask
 .text.__si_transfer
                0x8002d6d0      0x1a4 C:/devkitPro/libogc/lib/wii\libogc.a(si.o)
 .text.__si_alarmhandler
                0x8002d874       0xdc C:/devkitPro/libogc/lib/wii\libogc.a(si.o)
 .text.__si_completetransfer
                0x8002d950      0x1fc C:/devkitPro/libogc/lib/wii\libogc.a(si.o)
 .text.__si_transfernext
                0x8002db4c       0xe0 C:/devkitPro/libogc/lib/wii\libogc.a(si.o)
 .text.SI_Busy  0x8002dc2c       0x18 C:/devkitPro/libogc/lib/wii\libogc.a(si.o)
                0x8002dc2c                SI_Busy
 .text.SI_IsChanBusy
                0x8002dc44       0x38 C:/devkitPro/libogc/lib/wii\libogc.a(si.o)
                0x8002dc44                SI_IsChanBusy
 .text.SI_SetXY
                0x8002dc7c       0x64 C:/devkitPro/libogc/lib/wii\libogc.a(si.o)
                0x8002dc7c                SI_SetXY
 .text.SI_EnablePolling
                0x8002dce0       0x80 C:/devkitPro/libogc/lib/wii\libogc.a(si.o)
                0x8002dce0                SI_EnablePolling
 .text.SI_DisablePolling
                0x8002dd60       0x58 C:/devkitPro/libogc/lib/wii\libogc.a(si.o)
                0x8002dd60                SI_DisablePolling
 .text.SI_SetSamplingRate
                0x8002ddb8       0xd8 C:/devkitPro/libogc/lib/wii\libogc.a(si.o)
                0x8002ddb8                SI_SetSamplingRate
 .text.SI_RefreshSamplingRate
                0x8002de90        0x8 C:/devkitPro/libogc/lib/wii\libogc.a(si.o)
                0x8002de90                SI_RefreshSamplingRate
 .text.SI_GetStatus
                0x8002de98       0x78 C:/devkitPro/libogc/lib/wii\libogc.a(si.o)
                0x8002de98                SI_GetStatus
 .text.SI_GetResponseRaw
                0x8002df10       0xe8 C:/devkitPro/libogc/lib/wii\libogc.a(si.o)
                0x8002df10                SI_GetResponseRaw
 .text.SI_GetResponse
                0x8002dff8       0xb8 C:/devkitPro/libogc/lib/wii\libogc.a(si.o)
                0x8002dff8                SI_GetResponse
 .text.SI_SetCommand
                0x8002e0b0       0x10 C:/devkitPro/libogc/lib/wii\libogc.a(si.o)
                0x8002e0b0                SI_SetCommand
 .text.SI_Transfer
                0x8002e0c0      0x26c C:/devkitPro/libogc/lib/wii\libogc.a(si.o)
                0x8002e0c0                SI_Transfer
 .text.__si_gettypecallback
                0x8002e32c      0x2c0 C:/devkitPro/libogc/lib/wii\libogc.a(si.o)
 .text.__si_interrupthandler
                0x8002e5ec      0x268 C:/devkitPro/libogc/lib/wii\libogc.a(si.o)
 .text.SI_GetType
                0x8002e854      0x1f4 C:/devkitPro/libogc/lib/wii\libogc.a(si.o)
                0x8002e854                SI_GetType
 .text.SI_GetTypeAsync
                0x8002ea48      0x138 C:/devkitPro/libogc/lib/wii\libogc.a(si.o)
                0x8002ea48                SI_GetTypeAsync
 .text.SI_EnablePollingInterrupt
                0x8002eb80       0x8c C:/devkitPro/libogc/lib/wii\libogc.a(si.o)
                0x8002eb80                SI_EnablePollingInterrupt
 .text.SI_UnregisterPollingHandler
                0x8002ec0c       0xe0 C:/devkitPro/libogc/lib/wii\libogc.a(si.o)
                0x8002ec0c                SI_UnregisterPollingHandler
 .text.__si_init
                0x8002ecec       0xe8 C:/devkitPro/libogc/lib/wii\libogc.a(si.o)
                0x8002ecec                __si_init
 .text.__ipc_sendrequest
                0x8002edd4      0x104 C:/devkitPro/libogc/lib/wii\libogc.a(ipc.o)
 .text.__ipc_syncrequest
                0x8002eed8       0xe4 C:/devkitPro/libogc/lib/wii\libogc.a(ipc.o)
 .text.__ioctlvfmtCB
                0x8002efbc      0x158 C:/devkitPro/libogc/lib/wii\libogc.a(ipc.o)
 .text.__ios_ioctlvformat_parse
                0x8002f114      0x820 C:/devkitPro/libogc/lib/wii\libogc.a(ipc.o)
 .text.__ipc_asyncrequest
                0x8002f934      0x13c C:/devkitPro/libogc/lib/wii\libogc.a(ipc.o)
 .text.__ipc_interrupthandler
                0x8002fa70      0x34c C:/devkitPro/libogc/lib/wii\libogc.a(ipc.o)
 .text.iosCreateHeap
                0x8002fdbc      0x130 C:/devkitPro/libogc/lib/wii\libogc.a(ipc.o)
                0x8002fdbc                iosCreateHeap
 .text.iosAlloc
                0x8002feec       0x30 C:/devkitPro/libogc/lib/wii\libogc.a(ipc.o)
                0x8002feec                iosAlloc
 .text.iosFree  0x8002ff1c       0x28 C:/devkitPro/libogc/lib/wii\libogc.a(ipc.o)
                0x8002ff1c                iosFree
 .text.__IPC_ClntInit
                0x8002ff44       0xc8 C:/devkitPro/libogc/lib/wii\libogc.a(ipc.o)
                0x8002ff44                __IPC_ClntInit
 .text.IOS_Open
                0x8003000c      0x110 C:/devkitPro/libogc/lib/wii\libogc.a(ipc.o)
                0x8003000c                IOS_Open
 .text.IOS_Close
                0x8003011c       0xf0 C:/devkitPro/libogc/lib/wii\libogc.a(ipc.o)
                0x8003011c                IOS_Close
 .text.IOS_CloseAsync
                0x8003020c       0xb4 C:/devkitPro/libogc/lib/wii\libogc.a(ipc.o)
                0x8003020c                IOS_CloseAsync
 .text.IOS_Read
                0x800302c0      0x10c C:/devkitPro/libogc/lib/wii\libogc.a(ipc.o)
                0x800302c0                IOS_Read
 .text.IOS_Write
                0x800303cc      0x10c C:/devkitPro/libogc/lib/wii\libogc.a(ipc.o)
                0x800303cc                IOS_Write
 .text.IOS_Ioctl
                0x800304d8      0x158 C:/devkitPro/libogc/lib/wii\libogc.a(ipc.o)
                0x800304d8                IOS_Ioctl
 .text.IOS_IoctlAsync
                0x80030630      0x148 C:/devkitPro/libogc/lib/wii\libogc.a(ipc.o)
                0x80030630                IOS_IoctlAsync
 .text.IOS_Ioctlv
                0x80030778      0x1f0 C:/devkitPro/libogc/lib/wii\libogc.a(ipc.o)
                0x80030778                IOS_Ioctlv
 .text.IOS_IoctlvAsync
                0x80030968      0x1d4 C:/devkitPro/libogc/lib/wii\libogc.a(ipc.o)
                0x80030968                IOS_IoctlvAsync
 .text.IOS_IoctlvFormat
                0x80030b3c      0x16c C:/devkitPro/libogc/lib/wii\libogc.a(ipc.o)
                0x80030b3c                IOS_IoctlvFormat
 .text.IOS_IoctlvReboot
                0x80030ca8      0x1f4 C:/devkitPro/libogc/lib/wii\libogc.a(ipc.o)
                0x80030ca8                IOS_IoctlvReboot
 .text.gettick  0x80030e9c        0x8 C:/devkitPro/libogc/lib/wii\libogc.a(timesupp.o)
                0x80030e9c                gettick
 .text.gettime  0x80030ea4       0x18 C:/devkitPro/libogc/lib/wii\libogc.a(timesupp.o)
                0x80030ea4                gettime
 .text.settime  0x80030ebc       0x14 C:/devkitPro/libogc/lib/wii\libogc.a(timesupp.o)
                0x80030ebc                settime
 .text.diff_usec
                0x80030ed0       0x88 C:/devkitPro/libogc/lib/wii\libogc.a(timesupp.o)
                0x80030ed0                diff_usec
 .text.__timesystem_init
                0x80030f58       0x1c C:/devkitPro/libogc/lib/wii\libogc.a(timesupp.o)
                0x80030f58                __timesystem_init
 .text.udelay   0x80030f74       0xac C:/devkitPro/libogc/lib/wii\libogc.a(timesupp.o)
                0x80030f74                udelay
 .text.__libogc_nanosleep
                0x80031020      0x144 C:/devkitPro/libogc/lib/wii\libogc.a(timesupp.o)
                0x80031020                __libogc_nanosleep
 .text.__syscall_lock_init
                0x80031164       0x6c C:/devkitPro/libogc/lib/wii\libogc.a(lock_supp.o)
                0x80031164                __syscall_lock_init
 .text.__syscall_lock_init_recursive
                0x800311d0       0x6c C:/devkitPro/libogc/lib/wii\libogc.a(lock_supp.o)
                0x800311d0                __syscall_lock_init_recursive
 .text.__syscall_lock_close
                0x8003123c       0x68 C:/devkitPro/libogc/lib/wii\libogc.a(lock_supp.o)
                0x8003123c                __syscall_lock_close
 .text.__syscall_lock_acquire
                0x800312a4       0x18 C:/devkitPro/libogc/lib/wii\libogc.a(lock_supp.o)
                0x800312a4                __syscall_lock_acquire
 .text.__syscall_lock_release
                0x800312bc       0x18 C:/devkitPro/libogc/lib/wii\libogc.a(lock_supp.o)
                0x800312bc                __syscall_lock_release
 .text.__usbgecko_exi_unlock
                0x800312d4       0x34 C:/devkitPro/libogc/lib/wii\libogc.a(usbgecko.o)
 .text.usb_isgeckoalive
                0x80031308      0x1bc C:/devkitPro/libogc/lib/wii\libogc.a(usbgecko.o)
                0x80031308                usb_isgeckoalive
 .text.usb_sendbuffer_ex
                0x800314c4      0x214 C:/devkitPro/libogc/lib/wii\libogc.a(usbgecko.o)
                0x800314c4                usb_sendbuffer_ex
 .text.usb_sendbuffer
                0x800316d8        0x8 C:/devkitPro/libogc/lib/wii\libogc.a(usbgecko.o)
                0x800316d8                usb_sendbuffer
 .text.usb_sendbuffer_safe_ex
                0x800316e0      0x2a8 C:/devkitPro/libogc/lib/wii\libogc.a(usbgecko.o)
                0x800316e0                usb_sendbuffer_safe_ex
 .text.usb_sendbuffer_safe
                0x80031988        0x8 C:/devkitPro/libogc/lib/wii\libogc.a(usbgecko.o)
                0x80031988                usb_sendbuffer_safe
 .text._sbrk_r  0x80031990      0x28c C:/devkitPro/libogc/lib/wii\libogc.a(sbrk.o)
                0x80031990                _sbrk_r
 .text.__memlock_init
                0x80031c1c       0x7c C:/devkitPro/libogc/lib/wii\libogc.a(malloc_lock.o)
                0x80031c1c                __memlock_init
 .text.__libogc_malloc_lock
                0x80031c98      0x1fc C:/devkitPro/libogc/lib/wii\libogc.a(malloc_lock.o)
                0x80031c98                __libogc_malloc_lock
 .text.__libogc_malloc_unlock
                0x80031e94       0x64 C:/devkitPro/libogc/lib/wii\libogc.a(malloc_lock.o)
                0x80031e94                __libogc_malloc_unlock
 .text.__STM_SetEventHook
                0x80031ef8       0xb0 C:/devkitPro/libogc/lib/wii\libogc.a(stm.o)
                0x80031ef8                __STM_SetEventHook
 .text.__STM_Init
                0x80031fa8       0x8c C:/devkitPro/libogc/lib/wii\libogc.a(stm.o)
                0x80031fa8                __STM_Init
 .text.__STMEventHandler
                0x80032034       0x64 C:/devkitPro/libogc/lib/wii\libogc.a(stm.o)
 .text.__STM_ReleaseEventHook
                0x80032098       0x80 C:/devkitPro/libogc/lib/wii\libogc.a(stm.o)
                0x80032098                __STM_ReleaseEventHook
 .text.__STM_Close
                0x80032118       0xac C:/devkitPro/libogc/lib/wii\libogc.a(stm.o)
                0x80032118                __STM_Close
 .text.STM_RegisterEventHandler
                0x800321c4       0x10 C:/devkitPro/libogc/lib/wii\libogc.a(stm.o)