Archive member included to satisfy reference by file (symbol)

C:/devkitPro/libogc/lib/wii\libwiiuse.a(wpad.o)
                              template.o (WPAD_Init)
C:/devkitPro/libogc/lib/wii\libwiiuse.a(motion_plus.o)
                              C:/devkitPro/libogc/lib/wii\libwiiuse.a(wpad.o) (wiiuse_set_motion_plus)
C:/devkitPro/libogc/lib/wii\libwiiuse.a(dynamics.o)
                              C:/devkitPro/libogc/lib/wii\libwiiuse.a(wpad.o) (calculate_gforce)
C:/devkitPro/libogc/lib/wii\libwiiuse.a(io.o)
                              C:/devkitPro/libogc/lib/wii\libwiiuse.a(motion_plus.o) (wiiuse_disable_expansion)
C:/devkitPro/libogc/lib/wii\libwiiuse.a(io_wii.o)
                              C:/devkitPro/libogc/lib/wii\libwiiuse.a(wpad.o) (__wiiuse_sensorbar_enable)
C:/devkitPro/libogc/lib/wii\libwiiuse.a(ir.o)
                              C:/devkitPro/libogc/lib/wii\libwiiuse.a(motion_plus.o) (wiiuse_set_ir_mode)
C:/devkitPro/libogc/lib/wii\libwiiuse.a(nunchuk.o)
                              C:/devkitPro/libogc/lib/wii\libwiiuse.a(io.o) (nunchuk_handshake)
C:/devkitPro/libogc/lib/wii\libwiiuse.a(wiiboard.o)
                              C:/devkitPro/libogc/lib/wii\libwiiuse.a(io.o) (wii_board_handshake)
C:/devkitPro/libogc/lib/wii\libwiiuse.a(wiiuse.o)
                              C:/devkitPro/libogc/lib/wii\libwiiuse.a(wpad.o) (wiiuse_init)
C:/devkitPro/libogc/lib/wii\libwiiuse.a(speaker.o)
                              C:/devkitPro/libogc/lib/wii\libwiiuse.a(wpad.o) (wencdata)
C:/devkitPro/libogc/lib/wii\libwiiuse.a(classic.o)
                              C:/devkitPro/libogc/lib/wii\libwiiuse.a(io.o) (classic_ctrl_handshake)
C:/devkitPro/libogc/lib/wii\libwiiuse.a(events.o)
                              C:/devkitPro/libogc/lib/wii\libwiiuse.a(io_wii.o) (parse_event)
C:/devkitPro/libogc/lib/wii\libwiiuse.a(guitar_hero_3.o)
                              C:/devkitPro/libogc/lib/wii\libwiiuse.a(io.o) (guitar_hero_3_handshake)
C:/devkitPro/libogc/lib/wii\libbte.a(bte.o)
                              C:/devkitPro/libogc/lib/wii\libwiiuse.a(wpad.o) (BTE_Init)
C:/devkitPro/libogc/lib/wii\libbte.a(hci.o)
                              C:/devkitPro/libogc/lib/wii\libbte.a(bte.o) (hci_init)
C:/devkitPro/libogc/lib/wii\libbte.a(l2cap.o)
                              C:/devkitPro/libogc/lib/wii\libbte.a(bte.o) (l2cap_init)
C:/devkitPro/libogc/lib/wii\libbte.a(btmemb.o)
                              C:/devkitPro/libogc/lib/wii\libbte.a(bte.o) (btmemb_init)
C:/devkitPro/libogc/lib/wii\libbte.a(btmemr.o)
                              C:/devkitPro/libogc/lib/wii\libbte.a(hci.o) (btmemr_init)
C:/devkitPro/libogc/lib/wii\libbte.a(btpbuf.o)
                              C:/devkitPro/libogc/lib/wii\libbte.a(hci.o) (btpbuf_init)
C:/devkitPro/libogc/lib/wii\libbte.a(physbusif.o)
                              C:/devkitPro/libogc/lib/wii\libbte.a(bte.o) (physbusif_init)
C:/devkitPro/libogc/lib/wii\libogc.a(console.o)
                              template.o (CON_Init)
C:/devkitPro/libogc/lib/wii\libogc.a(lwp_queue.o)
                              C:/devkitPro/libogc/lib/wii\libwiiuse.a(io_wii.o) (__lwp_queue_initialize)
C:/devkitPro/libogc/lib/wii\libogc.a(lwp_threads.o)
                              C:/devkitPro/libogc/lib/wii\libwiiuse.a(wpad.o) (_thread_dispatch_disable_level)
C:/devkitPro/libogc/lib/wii\libogc.a(lwp.o)
                              C:/devkitPro/libogc/lib/wii\libbte.a(bte.o) (LWP_InitQueue)
C:/devkitPro/libogc/lib/wii\libogc.a(lwp_handler.o)
                              C:/devkitPro/libogc/lib/wii\libogc.a(lwp_threads.o) (_cpu_context_save_fp)
C:/devkitPro/libogc/lib/wii\libogc.a(lwp_stack.o)
                              C:/devkitPro/libogc/lib/wii\libogc.a(lwp_threads.o) (__lwp_stack_allocate)
C:/devkitPro/libogc/lib/wii\libogc.a(lwp_watchdog.o)
                              C:/devkitPro/libogc/lib/wii\libogc.a(lwp_threads.o) (_wd_ticks_queue)
C:/devkitPro/libogc/lib/wii\libogc.a(lwp_wkspace.o)
                              C:/devkitPro/libogc/lib/wii\libwiiuse.a(motion_plus.o) (__wkspace_heap)
C:/devkitPro/libogc/lib/wii\libogc.a(lwp_objmgr.o)
                              C:/devkitPro/libogc/lib/wii\libogc.a(lwp.o) (__lwp_objmgr_initinfo)
C:/devkitPro/libogc/lib/wii\libogc.a(lwp_heap.o)
                              C:/devkitPro/libogc/lib/wii\libogc.a(lwp_wkspace.o) (__lwp_heap_init)
C:/devkitPro/libogc/lib/wii\libogc.a(sys_state.o)
                              C:/devkitPro/libogc/lib/wii\libogc.a(lwp_threads.o) (_sys_state_curr)
C:/devkitPro/libogc/lib/wii\libogc.a(irq.o)
                              C:/devkitPro/libogc/lib/wii\libwiiuse.a(io_wii.o) (IRQ_Disable)
C:/devkitPro/libogc/lib/wii\libogc.a(video.o)
                              C:/devkitPro/libogc/lib/wii\libogc.a(console.o) (VIDEO_GetCurrentFramebuffer)
C:/devkitPro/libogc/lib/wii\libogc.a(system.o)
                              C:/devkitPro/libogc/lib/wii\libwiiuse.a(wpad.o) (__SYS_DoPowerCB)
[...]
Memory Configuration

Name             Origin             Length             Attributes
*default*        0x00000000         0xffffffff

Linker script and memory map

                0x00003400                        . = 0x3400

.stub
 *(.stub)
                0x80004000                        . = 0x80004000

.init           0x80004000      0x194
 *crt0.o(*.init)
 .init          0x80004000      0x170 C:/devkitPro/libogc/lib/wii\libogc.a(ogc_crt0.o)
                0x80004000                _start
                0x80004140                _memset
 *(.init)
 .init          0x80004170        0xc C:/devkitPro/devkitPPC/bin/../lib/gcc/powerpc-eabi/13.2.0/ecrti.o
                0x80004170                __init
 .init          0x8000417c        0x4 C:/devkitPro/devkitPPC/bin/../lib/gcc/powerpc-eabi/13.2.0/crtbegin.o
 .init          0x80004180        0x4 C:/devkitPro/devkitPPC/bin/../lib/gcc/powerpc-eabi/13.2.0/crtend.o
 .init          0x80004184       0x10 C:/devkitPro/devkitPPC/bin/../lib/gcc/powerpc-eabi/13.2.0/ecrtn.o

.rela.dyn       0x80004194        0x0
 .rela.iplt     0x80004194        0x0 C:/devkitPro/devkitPPC/bin/../lib/gcc/powerpc-eabi/13.2.0/crtbegin.o

.plt
 *(.plt)

.interp
 *(.interp)

.hash
 *(.hash)

.dynsym
 *(.dynsym)

.dynstr
 *(.dynstr)

.gnu.version
 *(.gnu.version)

.gnu.version_d
 *(.gnu.version_d)

.gnu.version_r
 *(.gnu.version_r)

.rel.init
 *(.rel.init)

.rela.init
 *(.rela.init)

.rel.text
 *(.rel.text .rel.text.* .rel.gnu.linkonce.t.*)

.rela.text      0x80004194        0x0
 *(.rela.text .rela.text.* .rela.gnu.linkonce.t.*)
 .rela.text.__do_global_dtors_aux
                0x80004194        0x0 C:/devkitPro/devkitPPC/bin/../lib/gcc/powerpc-eabi/13.2.0/crtbegin.o
 .rela.text.frame_dummy
                0x80004194        0x0 C:/devkitPro/devkitPPC/bin/../lib/gcc/powerpc-eabi/13.2.0/crtbegin.o

.rel.fini
 *(.rel.fini)

.rela.fini
 *(.rela.fini)

.rel.rodata
 *(.rel.rodata .rel.rodata.* .rel.gnu.linkonce.r.*)

.rela.rodata
 *(.rela.rodata .rela.rodata.* .rela.gnu.linkonce.r.*)

.rel.data
 *(.rel.data .rel.data.* .rel.gnu.linkonce.d.*)

.rela.data
 *(.rela.data .rela.data.* .rela.gnu.linkonce.d.*)

.rel.tdata
 *(.rel.tdata .rel.tdata.* .rel.gnu.linkonce.td.*)

.rela.tdata
 *(.rela.tdata .rela.tdata.* .rela.gnu.linkonce.td.*)

.rel.tbss
 *(.rel.tbss .rel.tbss.* .rel.gnu.linkonce.tb.*)

.rela.tbss
 *(.rela.tbss .rela.tbss.* .rela.gnu.linkonce.tb.*)

.rel.ctors
 *(.rel.ctors)

.rela.ctors
 *(.rela.ctors)

.rel.dtors
 *(.rel.dtors)

.rela.dtors
 *(.rela.dtors)

.rel.got
 *(.rel.got)

.rela.got
 *(.rela.got)

.rela.got1
 *(.rela.got1)

.rela.got2
 *(.rela.got2)

.rel.sdata
 *(.rel.sdata .rel.sdata.* .rel.gnu.linkonce.s.*)

.rela.sdata
 *(.rela.sdata .rela.sdata.* .rela.gnu.linkonce.s.*)

.rel.sbss
 *(.rel.sbss .rel.sbss.* .rel.gnu.linkonce.sb.*)

.rela.sbss
 *(.rela.sbss .rela.sbss.* .rel.gnu.linkonce.sb.*)

.rel.sdata2
 *(.rel.sdata2 .rel.sdata2.* .rel.gnu.linkonce.s2.*)

.rela.sdata2
 *(.rela.sdata2 .rela.sdata2.* .rela.gnu.linkonce.s2.*)

.rel.sbss2
 *(.rel.sbss2 .rel.sbss2.* .rel.gnu.linkonce.sb2.*)

.rela.sbss2
 *(.rela.sbss2 .rela.sbss2.* .rela.gnu.linkonce.sb2.*)

.rel.bss
 *(.rel.bss .rel.bss.* .rel.gnu.linkonce.b.*)

.rela.bss
 *(.rela.bss .rela.bss.* .rela.gnu.linkonce.b.*)

.rel.plt
 *(.rel.plt)

.rela.plt
 *(.rela.plt)

.text           0x800041a0    0x39640
 *(.text)
 .text          0x800041a0      0x44c C:/devkitPro/libogc/lib/wii\libogc.a(lwp_handler.o)
                0x800041a0                _cpu_context_save_fp
                0x800042e0                _cpu_context_restore_fp
                0x80004420                _cpu_context_switch
                0x80004500                _cpu_context_save
                0x80004580                _cpu_context_restore
 .text          0x800045ec      0x4a0 C:/devkitPro/libogc/lib/wii\libogc.a(system_asm.o)
                0x800045ec                __realmode
                0x80004604                __configBATS
                0x80004734                __InitFPRS
                0x80004860                __InitPS
                0x800048bc                __InitCache
                0x80004914                __InitSystem
                0x8000499c                __flush_cache
                0x800049d0                __reset
                0x80004a40                __InitBATS
                0x80004a5c                SYS_SwitchFiber
 .text          0x80004a8c      0x1ac C:/devkitPro/libogc/lib/wii\libogc.a(irq_handler.o)
                0x80004a8c                irq_exceptionhandler
 .text          0x80004c38      0x4f4 C:/devkitPro/libogc/lib/wii\libogc.a(cache_asm.o)
                0x80004c38                DCFlashInvalidate
                0x80004c4c                DCEnable
                0x80004c60                DCDisable
                0x80004c74                DCFreeze
                0x80004c88                DCUnfreeze
                0x80004c9c                DCTouchLoad
                0x80004ca4                DCBlockZero
                0x80004cac                DCBlockStore
                0x80004cb4                DCBlockFlush
                0x80004cbc                DCBlockInvalidate
                0x80004cc4                DCInvalidateRange
                0x80004cf4                DCFlushRange
                0x80004d28                DCStoreRange
                0x80004d5c                DCFlushRangeNoSync
                0x80004d8c                DCStoreRangeNoSync
                0x80004dbc                DCZeroRange
                0x80004dec                DCTouchRange
                0x80004e1c                ICInvalidateRange
                0x80004e54                ICFlashInvalidate
                0x80004e68                ICEnable
                0x80004e7c                ICDisable
                0x80004e90                ICFreeze
                0x80004ea4                ICUnfreeze
                0x80004eb8                ICBlockInvalidate
                0x80004ec0                ICSync
                0x80004ec8                L2Init
                0x80004f10                L2Enable
                0x80004f2c                L2Disable
                0x80004f44                L2GlobalInvalidate
                0x80004f9c                __LCEnable
                0x80005068                LCDisable
                0x80005090                LCAllocOneTag
                0x800050a4                LCAllocTags
                0x800050e4                LCLoadBlocks
                0x80005108                LCStoreBlocks
 .text          0x8000512c      0x1ac C:/devkitPro/libogc/lib/wii\libogc.a(decrementer_handler.o)
                0x8000512c                dec_exceptionhandler
 .text          0x800052d8      0x35c C:/devkitPro/libogc/lib/wii\libogc.a(exception_handler.o)
                0x800052d8                exceptionhandler_start
                0x80005354                exceptionhandler_patch
                0x80005388                exceptionhandler_end
                0x8000538c                default_exceptionhandler
                0x800054bc                fpu_exceptionhandler
                0x80005604                systemcallhandler_start
                0x80005630                systemcallhandler_end
 .text          0x80005634       0x48 C:/devkitPro/devkitPPC/bin/../lib/gcc/powerpc-eabi/13.2.0\libgcc.a(eabi.o)
                0x80005634                __eabi
 .text          0x8000567c       0x58 C:/devkitPro/devkitPPC/bin/../lib/gcc/powerpc-eabi/13.2.0\libgcc.a(crtresxfpr.o)
                0x8000567c                _restfpr_14_x
                0x80005680                _restfpr_15_x
                0x80005684                _restfpr_16_x
                0x80005688                _restfpr_17_x
                0x8000568c                _restfpr_18_x
                0x80005690                _restfpr_19_x
                0x80005694                _restfpr_20_x
                0x80005698                _restfpr_21_x
                0x8000569c                _restfpr_22_x
                0x800056a0                _restfpr_23_x
                0x800056a4                _restfpr_24_x
                0x800056a8                _restfpr_25_x
                0x800056ac                _restfpr_26_x
                0x800056b0                _restfpr_27_x
                0x800056b4                _restfpr_28_x
                0x800056b8                _restfpr_29_x
                0x800056bc                _restfpr_30_x
                0x800056c0                _restfpr_31_x
 .text          0x800056d4       0x58 C:/devkitPro/devkitPPC/bin/../lib/gcc/powerpc-eabi/13.2.0\libgcc.a(crtresxgpr.o)
                0x800056d4                _restgpr_14_x
                0x800056d8                _restgpr_15_x
                0x800056dc                _restgpr_16_x
                0x800056e0                _restgpr_17_x
                0x800056e4                _restgpr_18_x
                0x800056e8                _restgpr_19_x
                0x800056ec                _restgpr_20_x
                0x800056f0                _restgpr_21_x
                0x800056f4                _restgpr_22_x
                0x800056f8                _restgpr_23_x
                0x800056fc                _restgpr_24_x
                0x80005700                _restgpr_25_x
                0x80005704                _restgpr_26_x
                0x80005708                _restgpr_27_x
                0x8000570c                _restgpr_28_x
                0x80005710                _restgpr_29_x
                0x80005714                _restgpr_30_x
                0x80005718                _restgpr_31_x
 *(.text.*)
 .text.__do_global_dtors_aux
                0x8000572c       0xcc C:/devkitPro/devkitPPC/bin/../lib/gcc/powerpc-eabi/13.2.0/crtbegin.o
 .text.frame_dummy
                0x800057f8       0x24 C:/devkitPro/devkitPPC/bin/../lib/gcc/powerpc-eabi/13.2.0/crtbegin.o
 .text.__crtmain
                0x8000581c       0x44 C:/devkitPro/devkitPPC/bin/../lib/gcc/powerpc-eabi/13.2.0/../../../../powerpc-eabi/lib/crtmain.o
                0x80005820                __crtmain
 .text.startup.main
                0x80005860      0x260 template.o
                0x80005860                main
 .text.__wpad_assign_slot
                0x80005ac0      0x254 C:/devkitPro/libogc/lib/wii\libwiiuse.a(wpad.o)
                0x80005ac0                __wpad_assign_slot
 .text.__wpad_def_powcb
                0x80005d14        0x4 C:/devkitPro/libogc/lib/wii\libwiiuse.a(wpad.o)
 .text.__readlinkkey_finished
                0x80005d18       0x34 C:/devkitPro/libogc/lib/wii\libwiiuse.a(wpad.o)
 .text.__wpad_patch_finished
                0x80005d4c       0x2c C:/devkitPro/libogc/lib/wii\libwiiuse.a(wpad.o)
 .text.__wpad_setfmt
                0x80005d78      0x14c C:/devkitPro/libogc/lib/wii\libwiiuse.a(wpad.o)
 .text.__wpad_eventCB
                0x80005ec4      0xad4 C:/devkitPro/libogc/lib/wii\libwiiuse.a(wpad.o)
 .text.__wpad_disconnectCB
                0x80006998       0xd4 C:/devkitPro/libogc/lib/wii\libwiiuse.a(wpad.o)
                0x80006998                __wpad_disconnectCB
 .text.__wpad_timeouthandler
                0x80006a6c       0xa8 C:/devkitPro/libogc/lib/wii\libwiiuse.a(wpad.o)
 .text.__initcore_finished
                0x80006b14       0x48 C:/devkitPro/libogc/lib/wii\libwiiuse.a(wpad.o)
 .text.__wpad_init_finished
                0x80006b5c      0x194 C:/devkitPro/libogc/lib/wii\libwiiuse.a(wpad.o)
 .text.WPAD_ReadEvent
                0x80006cf0      0x68c C:/devkitPro/libogc/lib/wii\libwiiuse.a(wpad.o)
                0x80006cf0                WPAD_ReadEvent
 .text.WPAD_ReadPending
                0x8000737c      0x1a0 C:/devkitPro/libogc/lib/wii\libwiiuse.a(wpad.o)
                0x8000737c                WPAD_ReadPending
 .text.WPAD_Shutdown
                0x8000751c      0x114 C:/devkitPro/libogc/lib/wii\libwiiuse.a(wpad.o)
                0x8000751c                WPAD_Shutdown
 .text.WPAD_Init
                0x80007630      0x2c4 C:/devkitPro/libogc/lib/wii\libwiiuse.a(wpad.o)
                0x80007630                WPAD_Init
 .text.__wpad_onreset
                0x800078f4       0x34 C:/devkitPro/libogc/lib/wii\libwiiuse.a(wpad.o)
 .text.WPAD_ScanPads
                0x80007928       0x90 C:/devkitPro/libogc/lib/wii\libwiiuse.a(wpad.o)
                0x80007928                WPAD_ScanPads
 .text.WPAD_ButtonsDown
                0x800079b8       0x28 C:/devkitPro/libogc/lib/wii\libwiiuse.a(wpad.o)
                0x800079b8                WPAD_ButtonsDown
 .text.motion_plus_disconnected
                0x800079e0       0x10 C:/devkitPro/libogc/lib/wii\libwiiuse.a(motion_plus.o)
                0x800079e0                motion_plus_disconnected
 .text.motion_plus_event
                0x800079f0       0x64 C:/devkitPro/libogc/lib/wii\libwiiuse.a(motion_plus.o)
                0x800079f0                motion_plus_event
 .text.calculate_gforce
                0x80007a54      0x114 C:/devkitPro/libogc/lib/wii\libwiiuse.a(dynamics.o)
                0x80007a54                calculate_gforce
 .text.calc_joystick_state
                0x80007b68      0x210 C:/devkitPro/libogc/lib/wii\libwiiuse.a(dynamics.o)
                0x80007b68                calc_joystick_state
 .text.apply_smoothing
                0x80007d78      0x140 C:/devkitPro/libogc/lib/wii\libwiiuse.a(dynamics.o)
                0x80007d78                apply_smoothing
 .text.calculate_orientation
                0x80007eb8      0x340 C:/devkitPro/libogc/lib/wii\libwiiuse.a(dynamics.o)
                0x80007eb8                calculate_orientation
 .text.calc_balanceboard_state
                0x800081f8      0x3a4 C:/devkitPro/libogc/lib/wii\libwiiuse.a(dynamics.o)
                0x800081f8                calc_balanceboard_state
 .text.wiiuse_handshake
                0x8000859c      0x27c C:/devkitPro/libogc/lib/wii\libwiiuse.a(io.o)
                0x8000859c                wiiuse_handshake
 .text.wiiuse_handshake_expansion
                0x80008818      0x1f0 C:/devkitPro/libogc/lib/wii\libwiiuse.a(io.o)
                0x80008818                wiiuse_handshake_expansion
 .text.wiiuse_handshake_expansion_start
                0x80008a08       0x5c C:/devkitPro/libogc/lib/wii\libwiiuse.a(io.o)
                0x80008a08                wiiuse_handshake_expansion_start
 .text.wiiuse_disable_expansion
                0x80008a64      0x1b0 C:/devkitPro/libogc/lib/wii\libwiiuse.a(io.o)
                0x80008a64                wiiuse_disable_expansion
 .text.__wiiuse_connected
                0x80008c14       0x9c C:/devkitPro/libogc/lib/wii\libwiiuse.a(io_wii.o)
 .text.__wiiuse_disconnected
                0x80008cb0       0xb4 C:/devkitPro/libogc/lib/wii\libwiiuse.a(io_wii.o)
 .text.__wiiuse_receive
                0x80008d64       0xd0 C:/devkitPro/libogc/lib/wii\libwiiuse.a(io_wii.o)
 .text.__wiiuse_sensorbar_enable
                0x80008e34       0x54 C:/devkitPro/libogc/lib/wii\libwiiuse.a(io_wii.o)
                0x80008e34                __wiiuse_sensorbar_enable
 .text.wiiuse_register
                0x80008e88       0xf0 C:/devkitPro/libogc/lib/wii\libwiiuse.a(io_wii.o)
                0x80008e88                wiiuse_register
 .text.wiiuse_disconnect
                0x80008f78       0x24 C:/devkitPro/libogc/lib/wii\libwiiuse.a(io_wii.o)
                0x80008f78                wiiuse_disconnect
 .text.wiiuse_init_cmd_queue
                0x80008f9c       0x9c C:/devkitPro/libogc/lib/wii\libwiiuse.a(io_wii.o)
                0x80008f9c                wiiuse_init_cmd_queue
 .text.wiiuse_io_write
                0x80009038       0x1c C:/devkitPro/libogc/lib/wii\libwiiuse.a(io_wii.o)
                0x80009038                wiiuse_io_write
 .text.rotate_dots
                0x80009054      0x13c C:/devkitPro/libogc/lib/wii\libwiiuse.a(ir.o)
 .text.get_ir_sens.constprop.0.isra.0
                0x80009190       0xdc C:/devkitPro/libogc/lib/wii\libwiiuse.a(ir.o)
 .text.wiiuse_set_ir_mode
                0x8000926c       0x5c C:/devkitPro/libogc/lib/wii\libwiiuse.a(ir.o)
                0x8000926c                wiiuse_set_ir_mode
 .text.wiiuse_set_ir
                0x800092c8      0x204 C:/devkitPro/libogc/lib/wii\libwiiuse.a(ir.o)
                0x800092c8                wiiuse_set_ir
 .text.wiiuse_set_ir_position
                0x800094cc       0x80 C:/devkitPro/libogc/lib/wii\libwiiuse.a(ir.o)
                0x800094cc                wiiuse_set_ir_position
 .text.wiiuse_set_aspect_ratio
                0x8000954c       0xac C:/devkitPro/libogc/lib/wii\libwiiuse.a(ir.o)
                0x8000954c                wiiuse_set_aspect_ratio
 .text.wiiuse_set_ir_sensitivity
                0x800095f8       0xe4 C:/devkitPro/libogc/lib/wii\libwiiuse.a(ir.o)
                0x800095f8                wiiuse_set_ir_sensitivity
 .text.calculate_basic_ir
                0x800096dc       0xe8 C:/devkitPro/libogc/lib/wii\libwiiuse.a(ir.o)
                0x800096dc                calculate_basic_ir
 .text.calculate_extended_ir
                0x800097c4       0x64 C:/devkitPro/libogc/lib/wii\libwiiuse.a(ir.o)
                0x800097c4                calculate_extended_ir
 .text.find_sensorbar
                0x80009828      0xa00 C:/devkitPro/libogc/lib/wii\libwiiuse.a(ir.o)
                0x80009828                find_sensorbar
 .text.apply_ir_smoothing
                0x8000a228      0x124 C:/devkitPro/libogc/lib/wii\libwiiuse.a(ir.o)
                0x8000a228                apply_ir_smoothing
 .text.interpret_ir_data
                0x8000a34c      0x3c8 C:/devkitPro/libogc/lib/wii\libwiiuse.a(ir.o)
                0x8000a34c                interpret_ir_data
 .text.nunchuk_handshake
                0x8000a714      0x31c C:/devkitPro/libogc/lib/wii\libwiiuse.a(nunchuk.o)
                0x8000a714                nunchuk_handshake
 .text.nunchuk_disconnected
                0x8000aa30        0xc C:/devkitPro/libogc/lib/wii\libwiiuse.a(nunchuk.o)
                0x8000aa30                nunchuk_disconnected
 .text.nunchuk_event
                0x8000aa3c       0xe8 C:/devkitPro/libogc/lib/wii\libwiiuse.a(nunchuk.o)
                0x8000aa3c                nunchuk_event
 .text.wii_board_handshake
                0x8000ab24      0x284 C:/devkitPro/libogc/lib/wii\libwiiuse.a(wiiboard.o)
                0x8000ab24                wii_board_handshake
 .text.wii_board_disconnected
                0x8000ada8        0xc C:/devkitPro/libogc/lib/wii\libwiiuse.a(wiiboard.o)
                0x8000ada8                wii_board_disconnected
 .text.wii_board_event
                0x8000adb4       0x24 C:/devkitPro/libogc/lib/wii\libwiiuse.a(wiiboard.o)
                0x8000adb4                wii_board_event
 .text.wiiuse_send_next_command
                0x8000add8       0x58 C:/devkitPro/libogc/lib/wii\libwiiuse.a(wiiuse.o)
                0x8000add8                wiiuse_send_next_command
 .text.wiiuse_init
                0x8000ae30      0x208 C:/devkitPro/libogc/lib/wii\libwiiuse.a(wiiuse.o)
                0x8000ae30                wiiuse_init
 .text.wiiuse_set_flags
                0x8000b038       0x28 C:/devkitPro/libogc/lib/wii\libwiiuse.a(wiiuse.o)
                0x8000b038                wiiuse_set_flags
 .text.wiiuse_read_data
                0x8000b060      0x154 C:/devkitPro/libogc/lib/wii\libwiiuse.a(wiiuse.o)
                0x8000b060                wiiuse_read_data
 .text.wiiuse_write_data
                0x8000b1b4      0x18c C:/devkitPro/libogc/lib/wii\libwiiuse.a(wiiuse.o)
                0x8000b1b4                wiiuse_write_data
 .text.wiiuse_sendcmd
                0x8000b340      0x144 C:/devkitPro/libogc/lib/wii\libwiiuse.a(wiiuse.o)
                0x8000b340                wiiuse_sendcmd
 .text.wiiuse_set_leds
                0x8000b484       0x50 C:/devkitPro/libogc/lib/wii\libwiiuse.a(wiiuse.o)
                0x8000b484                wiiuse_set_leds
 .text.wiiuse_set_report_type
                0x8000b4d4       0xb0 C:/devkitPro/libogc/lib/wii\libwiiuse.a(wiiuse.o)
                0x8000b4d4                wiiuse_set_report_type
 .text.wiiuse_status
                0x8000b584       0x4c C:/devkitPro/libogc/lib/wii\libwiiuse.a(wiiuse.o)
                0x8000b584                wiiuse_status
 .text.wiiuse_motion_sensing
                0x8000b5d0       0x84 C:/devkitPro/libogc/lib/wii\libwiiuse.a(wiiuse.o)
                0x8000b5d0                wiiuse_motion_sensing
 .text.wiiuse_set_speaker
                0x8000b654      0x24c C:/devkitPro/libogc/lib/wii\libwiiuse.a(speaker.o)
                0x8000b654                wiiuse_set_speaker
 .text.classic_ctrl_handshake
                0x8000b8a0      0x410 C:/devkitPro/libogc/lib/wii\libwiiuse.a(classic.o)
                0x8000b8a0                classic_ctrl_handshake
 .text.classic_ctrl_disconnected
                0x8000bcb0        0xc C:/devkitPro/libogc/lib/wii\libwiiuse.a(classic.o)
                0x8000bcb0                classic_ctrl_disconnected
 .text.classic_ctrl_event
                0x8000bcbc      0x15c C:/devkitPro/libogc/lib/wii\libwiiuse.a(classic.o)
                0x8000bcbc                classic_ctrl_event
 .text.handle_expansion
                0x8000be18       0x54 C:/devkitPro/libogc/lib/wii\libwiiuse.a(events.o)
 .text.parse_event
                0x8000be6c      0x730 C:/devkitPro/libogc/lib/wii\libwiiuse.a(events.o)
                0x8000be6c                parse_event
 .text.guitar_hero_3_handshake
                0x8000c59c       0x5c C:/devkitPro/libogc/lib/wii\libwiiuse.a(guitar_hero_3.o)
                0x8000c59c                guitar_hero_3_handshake
 .text.guitar_hero_3_disconnected
                0x8000c5f8        0xc C:/devkitPro/libogc/lib/wii\libwiiuse.a(guitar_hero_3.o)
                0x8000c5f8                guitar_hero_3_disconnected
 .text.guitar_hero_3_event
                0x8000c604       0x60 C:/devkitPro/libogc/lib/wii\libwiiuse.a(guitar_hero_3.o)
                0x8000c604                guitar_hero_3_event
 .text.acl_wlp_completed
                0x8000c664        0x8 C:/devkitPro/libogc/lib/wii\libbte.a(bte.o)
                0x8000c664                acl_wlp_completed
 .text.bt_alarmhandler
                0x8000c66c       0x58 C:/devkitPro/libogc/lib/wii\libbte.a(bte.o)
 .text.__bte_send_pending_request
                0x8000c6c4      0x108 C:/devkitPro/libogc/lib/wii\libbte.a(bte.o)
 .text.acl_conn_complete
                0x8000c7cc       0x2c C:/devkitPro/libogc/lib/wii\libbte.a(bte.o)
                0x8000c7cc                acl_conn_complete
 .text.l2cap_accepted
                0x8000c7f8      0x134 C:/devkitPro/libogc/lib/wii\libbte.a(bte.o)
                0x8000c7f8                l2cap_accepted
 .text.l2cap_disconnect_cfm
                0x8000c92c      0x19c C:/devkitPro/libogc/lib/wii\libbte.a(bte.o)
                0x8000c92c                l2cap_disconnect_cfm
 .text.bte_process_input
                0x8000cac8      0x128 C:/devkitPro/libogc/lib/wii\libbte.a(bte.o)
 .text.l2cap_disconnected_ind
                0x8000cbf0      0x1a4 C:/devkitPro/libogc/lib/wii\libbte.a(bte.o)
                0x8000cbf0                l2cap_disconnected_ind
 .text.__bte_shutdown_finished
                0x8000cd94       0xe0 C:/devkitPro/libogc/lib/wii\libbte.a(bte.o)
 .text.bte_hci_apply_patch_complete
                0x8000ce74      0x164 C:/devkitPro/libogc/lib/wii\libbte.a(bte.o)
                0x8000ce74                bte_hci_apply_patch_complete
 .text.bte_hci_patch_complete
                0x8000cfd8      0x380 C:/devkitPro/libogc/lib/wii\libbte.a(bte.o)
                0x8000cfd8                bte_hci_patch_complete
 .text.bte_hci_initcore_complete
                0x8000d358      0x280 C:/devkitPro/libogc/lib/wii\libbte.a(bte.o)
                0x8000d358                bte_hci_initcore_complete
 .text.bte_read_stored_link_key_complete
                0x8000d5d8      0x27c C:/devkitPro/libogc/lib/wii\libbte.a(bte.o)
                0x8000d5d8                bte_read_stored_link_key_complete
 .text.bte_hci_initcore_complete2
                0x8000d854      0x22c C:/devkitPro/libogc/lib/wii\libbte.a(bte.o)
 .text.bte_hci_initsub_complete
                0x8000da80      0x280 C:/devkitPro/libogc/lib/wii\libbte.a(bte.o)
                0x8000da80                bte_hci_initsub_complete
 .text.BTE_Init
                0x8000dd00      0x138 C:/devkitPro/libogc/lib/wii\libbte.a(bte.o)
                0x8000dd00                BTE_Init
 .text.BTE_Shutdown
                0x8000de38      0x100 C:/devkitPro/libogc/lib/wii\libbte.a(bte.o)
                0x8000de38                BTE_Shutdown
 .text.BTE_InitCore
                0x8000df38       0x8c C:/devkitPro/libogc/lib/wii\libbte.a(bte.o)
                0x8000df38                BTE_InitCore
 .text.BTE_ApplyPatch
                0x8000dfc4       0xa4 C:/devkitPro/libogc/lib/wii\libbte.a(bte.o)
                0x8000dfc4                BTE_ApplyPatch
 .text.BTE_InitSub
                0x8000e068       0x90 C:/devkitPro/libogc/lib/wii\libbte.a(bte.o)
                0x8000e068                BTE_InitSub
 .text.BTE_ReadStoredLinkKey
                0x8000e0f8       0x90 C:/devkitPro/libogc/lib/wii\libbte.a(bte.o)
                0x8000e0f8                BTE_ReadStoredLinkKey
 .text.BTE_SetDisconnectCallback
                0x8000e188        0x4 C:/devkitPro/libogc/lib/wii\libbte.a(bte.o)
                0x8000e188                BTE_SetDisconnectCallback
 .text.bte_new  0x8000e18c       0x54 C:/devkitPro/libogc/lib/wii\libbte.a(bte.o)
                0x8000e18c                bte_new
 .text.bte_registerdeviceasync
                0x8000e1e0      0x158 C:/devkitPro/libogc/lib/wii\libbte.a(bte.o)
                0x8000e1e0                bte_registerdeviceasync
 .text.bte_disconnect
                0x8000e338       0xd8 C:/devkitPro/libogc/lib/wii\libbte.a(bte.o)
                0x8000e338                bte_disconnect
 .text.bte_senddata
                0x8000e410      0x104 C:/devkitPro/libogc/lib/wii\libbte.a(bte.o)
                0x8000e410                bte_senddata
 .text.bte_arg  0x8000e514       0x38 C:/devkitPro/libogc/lib/wii\libbte.a(bte.o)
                0x8000e514                bte_arg
 .text.bte_received
                0x8000e54c       0x38 C:/devkitPro/libogc/lib/wii\libbte.a(bte.o)
                0x8000e54c                bte_received
 .text.bte_disconnected
                0x8000e584       0x38 C:/devkitPro/libogc/lib/wii\libbte.a(bte.o)
                0x8000e584                bte_disconnected
 .text.hci_get_link
                0x8000e5bc       0x84 C:/devkitPro/libogc/lib/wii\libbte.a(hci.o)
 .text.hci_init
                0x8000e640       0x80 C:/devkitPro/libogc/lib/wii\libbte.a(hci.o)
                0x8000e640                hci_init
 .text.hci_close
                0x8000e6c0       0xd0 C:/devkitPro/libogc/lib/wii\libbte.a(hci.o)
                0x8000e6c0                hci_close
 .text.hci_reset_all
                0x8000e790       0xb8 C:/devkitPro/libogc/lib/wii\libbte.a(hci.o)
                0x8000e790                hci_reset_all
 .text.hci_arg  0x8000e848        0xc C:/devkitPro/libogc/lib/wii\libbte.a(hci.o)
                0x8000e848                hci_arg
 .text.hci_cmd_complete
                0x8000e854        0xc C:/devkitPro/libogc/lib/wii\libbte.a(hci.o)
                0x8000e854                hci_cmd_complete
 .text.hci_connection_complete
                0x8000e860        0xc C:/devkitPro/libogc/lib/wii\libbte.a(hci.o)
                0x8000e860                hci_connection_complete
 .text.hci_wlp_complete
                0x8000e86c        0xc C:/devkitPro/libogc/lib/wii\libbte.a(hci.o)
                0x8000e86c                hci_wlp_complete
 .text.hci_reset
                0x8000e878       0xac C:/devkitPro/libogc/lib/wii\libbte.a(hci.o)
                0x8000e878                hci_reset
 .text.hci_read_buffer_size
                0x8000e924       0xac C:/devkitPro/libogc/lib/wii\libbte.a(hci.o)
                0x8000e924                hci_read_buffer_size
 .text.hci_read_bd_addr
                0x8000e9d0       0xac C:/devkitPro/libogc/lib/wii\libbte.a(hci.o)
                0x8000e9d0                hci_read_bd_addr
 .text.hci_read_local_version
                0x8000ea7c       0xa8 C:/devkitPro/libogc/lib/wii\libbte.a(hci.o)
                0x8000ea7c                hci_read_local_version
 .text.hci_read_local_features
                0x8000eb24       0xac C:/devkitPro/libogc/lib/wii\libbte.a(hci.o)
                0x8000eb24                hci_read_local_features
 .text.hci_read_stored_link_key
                0x8000ebd0      0x100 C:/devkitPro/libogc/lib/wii\libbte.a(hci.o)
                0x8000ebd0                hci_read_stored_link_key
 .text.hci_write_page_timeout
                0x8000ecd0       0xd0 C:/devkitPro/libogc/lib/wii\libbte.a(hci.o)
                0x8000ecd0                hci_write_page_timeout
 .text.hci_write_scan_enable
                0x8000eda0       0xbc C:/devkitPro/libogc/lib/wii\libbte.a(hci.o)
                0x8000eda0                hci_write_scan_enable
 .text.hci_accecpt_conn_request
                0x8000ee5c       0xe0 C:/devkitPro/libogc/lib/wii\libbte.a(hci.o)
                0x8000ee5c                hci_accecpt_conn_request
 .text.hci_write_local_name
                0x8000ef3c       0xd8 C:/devkitPro/libogc/lib/wii\libbte.a(hci.o)
                0x8000ef3c                hci_write_local_name
 .text.hci_write_pin_type
                0x8000f014       0xbc C:/devkitPro/libogc/lib/wii\libbte.a(hci.o)
                0x8000f014                hci_write_pin_type
 .text.hci_write_inquiry_mode
                0x8000f0d0       0xbc C:/devkitPro/libogc/lib/wii\libbte.a(hci.o)
                0x8000f0d0                hci_write_inquiry_mode
 .text.hci_write_page_scan_type
                0x8000f18c       0xbc C:/devkitPro/libogc/lib/wii\libbte.a(hci.o)
                0x8000f18c                hci_write_page_scan_type
 .text.hci_write_inquiry_scan_type
                0x8000f248       0xbc C:/devkitPro/libogc/lib/wii\libbte.a(hci.o)
                0x8000f248                hci_write_inquiry_scan_type
 .text.hci_vendor_specific_command
                0x8000f304       0xe8 C:/devkitPro/libogc/lib/wii\libbte.a(hci.o)
                0x8000f304                hci_vendor_specific_command
 .text.hci_write_link_policy_settings
                0x8000f3ec      0x104 C:/devkitPro/libogc/lib/wii\libbte.a(hci.o)
                0x8000f3ec                hci_write_link_policy_settings
 .text.hci_pin_code_request_neg_reply
                0x8000f4f0       0xcc C:/devkitPro/libogc/lib/wii\libbte.a(hci.o)
                0x8000f4f0                hci_pin_code_request_neg_reply
 .text.hci_link_key_req_neg_reply
                0x8000f5bc       0xcc C:/devkitPro/libogc/lib/wii\libbte.a(hci.o)
                0x8000f5bc                hci_link_key_req_neg_reply
 .text.hci_disconnect
                0x8000f688       0xfc C:/devkitPro/libogc/lib/wii\libbte.a(hci.o)
                0x8000f688                hci_disconnect
 .text.hci_write_cod
                0x8000f784       0xcc C:/devkitPro/libogc/lib/wii\libbte.a(hci.o)
                0x8000f784                hci_write_cod
 .text.hci_host_buffer_size
                0x8000f850      0x10c C:/devkitPro/libogc/lib/wii\libbte.a(hci.o)
                0x8000f850                hci_host_buffer_size
 .text.hci_host_num_comp_packets
                0x8000f95c      0x108 C:/devkitPro/libogc/lib/wii\libbte.a(hci.o)
                0x8000f95c                hci_host_num_comp_packets
 .text.lp_pdu_maxsize
                0x8000fa64        0xc C:/devkitPro/libogc/lib/wii\libbte.a(hci.o)
                0x8000fa64                lp_pdu_maxsize
 .text.lp_acl_write
                0x8000fa70      0x158 C:/devkitPro/libogc/lib/wii\libbte.a(hci.o)
                0x8000fa70                lp_acl_write
 .text.lp_write_flush_timeout
                0x8000fbc8      0x104 C:/devkitPro/libogc/lib/wii\libbte.a(hci.o)
                0x8000fbc8                lp_write_flush_timeout
 .text.hci_event_handler
                0x8000fccc      0xc7c C:/devkitPro/libogc/lib/wii\libbte.a(hci.o)
                0x8000fccc                hci_event_handler
 .text.hci_acldata_handler
                0x80010948      0x11c C:/devkitPro/libogc/lib/wii\libbte.a(hci.o)
                0x80010948                hci_acldata_handler
 .text.l2cap_init
                0x80010a64       0x60 C:/devkitPro/libogc/lib/wii\libbte.a(l2cap.o)
                0x80010a64                l2cap_init
 .text.l2cap_write
                0x80010ac4      0x1a0 C:/devkitPro/libogc/lib/wii\libbte.a(l2cap.o)
                0x80010ac4                l2cap_write
 .text.l2cap_new
                0x80010c64       0x60 C:/devkitPro/libogc/lib/wii\libbte.a(l2cap.o)
                0x80010c64                l2cap_new
 .text.l2cap_close
                0x80010cc4      0x1d4 C:/devkitPro/libogc/lib/wii\libbte.a(l2cap.o)
                0x80010cc4                l2cap_close
 .text.l2cap_reset_all
                0x80010e98      0x154 C:/devkitPro/libogc/lib/wii\libbte.a(l2cap.o)
                0x80010e98                l2cap_reset_all
 .text.l2cap_signal
                0x80010fec      0x204 C:/devkitPro/libogc/lib/wii\libbte.a(l2cap.o)
                0x80010fec                l2cap_signal
 .text.l2ca_config_req
                0x800111f0      0x158 C:/devkitPro/libogc/lib/wii\libbte.a(l2cap.o)
                0x800111f0                l2ca_config_req
 .text.l2ca_disconnect_req
                0x80011348       0xcc C:/devkitPro/libogc/lib/wii\libbte.a(l2cap.o)
                0x80011348                l2ca_disconnect_req
 .text.l2cap_tmr
                0x80011414      0x260 C:/devkitPro/libogc/lib/wii\libbte.a(l2cap.o)
                0x80011414                l2cap_tmr
 .text.l2cap_process_sig
                0x80011674     0x1334 C:/devkitPro/libogc/lib/wii\libbte.a(l2cap.o)
                0x80011674                l2cap_process_sig
 .text.l2cap_input
                0x800129a8      0x578 C:/devkitPro/libogc/lib/wii\libbte.a(l2cap.o)
                0x800129a8                l2cap_input
 .text.l2ca_datawrite
                0x80012f20      0x128 C:/devkitPro/libogc/lib/wii\libbte.a(l2cap.o)
                0x80012f20                l2ca_datawrite
 .text.lp_connect_cfm
                0x80013048      0x184 C:/devkitPro/libogc/lib/wii\libbte.a(l2cap.o)
                0x80013048                lp_connect_cfm
 .text.lp_connect_ind
                0x800131cc        0x4 C:/devkitPro/libogc/lib/wii\libbte.a(l2cap.o)
                0x800131cc                lp_connect_ind
 .text.lp_disconnect_ind
                0x800131d0      0x124 C:/devkitPro/libogc/lib/wii\libbte.a(l2cap.o)
                0x800131d0                lp_disconnect_ind
 .text.l2cap_disconnect_bb
                0x800132f4       0x10 C:/devkitPro/libogc/lib/wii\libbte.a(l2cap.o)
                0x800132f4                l2cap_disconnect_bb
 .text.l2cap_arg
                0x80013304        0x8 C:/devkitPro/libogc/lib/wii\libbte.a(l2cap.o)
                0x80013304                l2cap_arg
 .text.l2cap_connect_ind
                0x8001330c      0x104 C:/devkitPro/libogc/lib/wii\libbte.a(l2cap.o)
                0x8001330c                l2cap_connect_ind
 .text.l2cap_disconnect_ind
                0x80013410        0x8 C:/devkitPro/libogc/lib/wii\libbte.a(l2cap.o)
                0x80013410                l2cap_disconnect_ind
 .text.l2cap_recv
                0x80013418        0x8 C:/devkitPro/libogc/lib/wii\libbte.a(l2cap.o)
                0x80013418                l2cap_recv
 .text.btmemb_init
                0x80013420       0x24 C:/devkitPro/libogc/lib/wii\libbte.a(btmemb.o)
                0x80013420                btmemb_init
 .text.btmemb_alloc
                0x80013444       0x98 C:/devkitPro/libogc/lib/wii\libbte.a(btmemb.o)
                0x80013444                btmemb_alloc
 .text.btmemb_free
                0x800134dc      0x114 C:/devkitPro/libogc/lib/wii\libbte.a(btmemb.o)
                0x800134dc                btmemb_free
 .text.plug_holes
                0x800135f0       0xac C:/devkitPro/libogc/lib/wii\libbte.a(btmemr.o)
 .text.btmemr_init
                0x8001369c       0xa4 C:/devkitPro/libogc/lib/wii\libbte.a(btmemr.o)
                0x8001369c                btmemr_init
 .text.btmemr_malloc
                0x80013740      0x17c C:/devkitPro/libogc/lib/wii\libbte.a(btmemr.o)
                0x80013740                btmemr_malloc
 .text.btmemr_free
                0x800138bc       0x98 C:/devkitPro/libogc/lib/wii\libbte.a(btmemr.o)
                0x800138bc                btmemr_free
 .text.btmemr_realloc
                0x80013954      0x108 C:/devkitPro/libogc/lib/wii\libbte.a(btmemr.o)
                0x80013954                btmemr_realloc
 .text.btpbuf_init
                0x80013a5c       0x28 C:/devkitPro/libogc/lib/wii\libbte.a(btpbuf.o)
                0x80013a5c                btpbuf_init
 .text.btpbuf_free
                0x80013a84      0x11c C:/devkitPro/libogc/lib/wii\libbte.a(btpbuf.o)
                0x80013a84                btpbuf_free
 .text.btpbuf_alloc
                0x80013ba0      0x250 C:/devkitPro/libogc/lib/wii\libbte.a(btpbuf.o)
                0x80013ba0                btpbuf_alloc
 .text.btpbuf_realloc
                0x80013df0      0x110 C:/devkitPro/libogc/lib/wii\libbte.a(btpbuf.o)
                0x80013df0                btpbuf_realloc
 .text.btpbuf_header
                0x80013f00       0x84 C:/devkitPro/libogc/lib/wii\libbte.a(btpbuf.o)
                0x80013f00                btpbuf_header
 .text.btpbuf_ref
                0x80013f84       0x48 C:/devkitPro/libogc/lib/wii\libbte.a(btpbuf.o)
                0x80013f84                btpbuf_ref
 .text.btpbuf_chain
                0x80013fcc       0x9c C:/devkitPro/libogc/lib/wii\libbte.a(btpbuf.o)
                0x80013fcc                btpbuf_chain
 .text.btpbuf_dechain
                0x80014068       0x7c C:/devkitPro/libogc/lib/wii\libbte.a(btpbuf.o)
                0x80014068                btpbuf_dechain
 .text.btpbuf_take
                0x800140e4      0x13c C:/devkitPro/libogc/lib/wii\libbte.a(btpbuf.o)
                0x800140e4                btpbuf_take
 .text.__usb_closeCB
                0x80014220       0x10 C:/devkitPro/libogc/lib/wii\libbte.a(physbusif.o)
 .text.__writebulkmsgCB
                0x80014230       0x3c C:/devkitPro/libogc/lib/wii\libbte.a(physbusif.o)
 .text.__writectrlmsgCB
                0x8001426c       0x3c C:/devkitPro/libogc/lib/wii\libbte.a(physbusif.o)
 .text.__issue_intrread.part.0
                0x800142a8       0x80 C:/devkitPro/libogc/lib/wii\libbte.a(physbusif.o)
 .text.__readintrdataCB
                0x80014328      0x148 C:/devkitPro/libogc/lib/wii\libbte.a(physbusif.o)
 .text.__issue_bulkread.part.0
                0x80014470       0x80 C:/devkitPro/libogc/lib/wii\libbte.a(physbusif.o)
 .text.__readbulkdataCB
                0x800144f0      0x148 C:/devkitPro/libogc/lib/wii\libbte.a(physbusif.o)
 .text.physbusif_init
                0x80014638      0x1ec C:/devkitPro/libogc/lib/wii\libbte.a(physbusif.o)
                0x80014638                physbusif_init
 .text.physbusif_close
                0x80014824       0x20 C:/devkitPro/libogc/lib/wii\libbte.a(physbusif.o)
                0x80014824                physbusif_close
 .text.physbusif_shutdown
                0x80014844       0x24 C:/devkitPro/libogc/lib/wii\libbte.a(physbusif.o)
                0x80014844                physbusif_shutdown
 .text.physbusif_reset_all
                0x80014868        0x4 C:/devkitPro/libogc/lib/wii\libbte.a(physbusif.o)
                0x80014868                physbusif_reset_all
 .text.physbusif_output
                0x8001486c      0x1c4 C:/devkitPro/libogc/lib/wii\libbte.a(physbusif.o)
                0x8001486c                physbusif_output
 .text.__console_clear_line
                0x80014a30       0xb4 C:/devkitPro/libogc/lib/wii\libogc.a(console.o)
 .text.__console_clear
                0x80014ae4       0xbc C:/devkitPro/libogc/lib/wii\libogc.a(console.o)
 .text.__console_write
                0x80014ba0      0x82c C:/devkitPro/libogc/lib/wii\libogc.a(console.o)
                0x80014ba0                __console_write
 .text.__console_init
                0x800153cc      0x120 C:/devkitPro/libogc/lib/wii\libogc.a(console.o)
                0x800153cc                __console_init
 .text.CON_Init
                0x800154ec        0x4 C:/devkitPro/libogc/lib/wii\libogc.a(console.o)
                0x800154ec                CON_Init
 .text.CON_EnableGecko
                0x800154f0      0x100 C:/devkitPro/libogc/lib/wii\libogc.a(console.o)
                0x800154f0                CON_EnableGecko
 .text.__lwp_queue_initialize
                0x800155f0       0x98 C:/devkitPro/libogc/lib/wii\libogc.a(lwp_queue.o)
                0x800155f0                __lwp_queue_initialize
 .text.__lwp_queue_get
                0x80015688       0x74 C:/devkitPro/libogc/lib/wii\libogc.a(lwp_queue.o)
                0x80015688                __lwp_queue_get
 .text.__lwp_queue_append
                0x800156fc       0x4c C:/devkitPro/libogc/lib/wii\libogc.a(lwp_queue.o)
                0x800156fc                __lwp_queue_append
 .text.__syscall_getreent
                0x80015748       0x24 C:/devkitPro/libogc/lib/wii\libogc.a(lwp_threads.o)
                0x80015748                __syscall_getreent
 .text.__lwp_isr_in_progress
                0x8001576c        0x8 C:/devkitPro/libogc/lib/wii\libogc.a(lwp_threads.o)
                0x8001576c                __lwp_isr_in_progress
 .text.__thread_dispatch_fp
                0x80015774       0x88 C:/devkitPro/libogc/lib/wii\libogc.a(lwp_threads.o)
                0x80015774                __thread_dispatch_fp
 .text.__thread_dispatch
                0x800157fc       0xf4 C:/devkitPro/libogc/lib/wii\libogc.a(lwp_threads.o)
                0x800157fc                __thread_dispatch
 .text.__lwp_thread_resettimeslice
                0x800158f0       0xb4 C:/devkitPro/libogc/lib/wii\libogc.a(lwp_threads.o)
                0x800158f0                __lwp_thread_resettimeslice
 .text.__lwp_thread_tickle_timeslice
                0x800159a4       0xc8 C:/devkitPro/libogc/lib/wii\libogc.a(lwp_threads.o)
                0x800159a4                __lwp_thread_tickle_timeslice
 .text.__lwp_thread_setstate
                0x80015a6c      0x16c C:/devkitPro/libogc/lib/wii\libogc.a(lwp_threads.o)
                0x80015a6c                __lwp_thread_setstate
 .text.__lwp_thread_clearstate
                0x80015bd8       0xe4 C:/devkitPro/libogc/lib/wii\libogc.a(lwp_threads.o)
                0x80015bd8                __lwp_thread_clearstate
 .text.__lwp_thread_delayended
                0x80015cbc       0x48 C:/devkitPro/libogc/lib/wii\libogc.a(lwp_threads.o)
                0x80015cbc                __lwp_thread_delayended
 .text.__lwp_thread_settransient
                0x80015d04       0xb4 C:/devkitPro/libogc/lib/wii\libogc.a(lwp_threads.o)
                0x80015d04                __lwp_thread_settransient
 .text.__lwp_thread_changepriority
                0x80015db8      0x1f8 C:/devkitPro/libogc/lib/wii\libogc.a(lwp_threads.o)
                0x80015db8                __lwp_thread_changepriority
 .text.__lwp_thread_ready
                0x80015fb0       0xf0 C:/devkitPro/libogc/lib/wii\libogc.a(lwp_threads.o)
                0x80015fb0                __lwp_thread_ready
 .text.__lwp_thread_init
                0x800160a0      0x160 C:/devkitPro/libogc/lib/wii\libogc.a(lwp_threads.o)
                0x800160a0                __lwp_thread_init
 .text.__lwp_thread_close
                0x80016200      0x144 C:/devkitPro/libogc/lib/wii\libogc.a(lwp_threads.o)
                0x80016200                __lwp_thread_close
 .text.__lwp_thread_handler
                0x80016344       0xc0 C:/devkitPro/libogc/lib/wii\libogc.a(lwp_threads.o)
 .text.__lwp_thread_closeall
                0x80016404       0xb0 C:/devkitPro/libogc/lib/wii\libogc.a(lwp_threads.o)
                0x80016404                __lwp_thread_closeall
 .text.__lwp_thread_start
                0x800164b4      0x150 C:/devkitPro/libogc/lib/wii\libogc.a(lwp_threads.o)
                0x800164b4                __lwp_thread_start
 .text.__lwp_thread_startmultitasking
                0x80016604       0xac C:/devkitPro/libogc/lib/wii\libogc.a(lwp_threads.o)
                0x80016604                __lwp_thread_startmultitasking
 .text.__lwp_thread_stopmultitasking
                0x800166b0       0x58 C:/devkitPro/libogc/lib/wii\libogc.a(lwp_threads.o)
                0x800166b0                __lwp_thread_stopmultitasking
 .text.__lwp_thread_coreinit
                0x80016708       0xc4 C:/devkitPro/libogc/lib/wii\libogc.a(lwp_threads.o)
                0x80016708                __lwp_thread_coreinit
 .text.idle_func
                0x800167cc        0x4 C:/devkitPro/libogc/lib/wii\libogc.a(lwp.o)
 .text.__lwp_sysinit
                0x800167d0      0x114 C:/devkitPro/libogc/lib/wii\libogc.a(lwp.o)
                0x800167d0                __lwp_sysinit
 .text.LWP_InitQueue
                0x800168e4      0x140 C:/devkitPro/libogc/lib/wii\libogc.a(lwp.o)
                0x800168e4                LWP_InitQueue
 .text.LWP_CloseQueue
                0x80016a24       0xd4 C:/devkitPro/libogc/lib/wii\libogc.a(lwp.o)
                0x80016a24                LWP_CloseQueue
 .text.LWP_ThreadSleep
                0x80016af8       0xf8 C:/devkitPro/libogc/lib/wii\libogc.a(lwp.o)
                0x80016af8                LWP_ThreadSleep
 .text.LWP_ThreadBroadcast
                0x80016bf0       0x88 C:/devkitPro/libogc/lib/wii\libogc.a(lwp.o)
                0x80016bf0                LWP_ThreadBroadcast
 .text.LWP_ThreadSignal
                0x80016c78       0x74 C:/devkitPro/libogc/lib/wii\libogc.a(lwp.o)
                0x80016c78                LWP_ThreadSignal
 .text.__lwp_stack_allocate
                0x80016cec       0x60 C:/devkitPro/libogc/lib/wii\libogc.a(lwp_stack.o)
                0x80016cec                __lwp_stack_allocate
 .text.__lwp_stack_free
                0x80016d4c       0x1c C:/devkitPro/libogc/lib/wii\libogc.a(lwp_stack.o)
                0x80016d4c                __lwp_stack_free
 .text.__lwp_wd_settimer
                0x80016d68       0xe0 C:/devkitPro/libogc/lib/wii\libogc.a(lwp_watchdog.o)
 .text.__lwp_watchdog_init
                0x80016e48       0x2c C:/devkitPro/libogc/lib/wii\libogc.a(lwp_watchdog.o)
                0x80016e48                __lwp_watchdog_init
 .text.__lwp_wd_insert
                0x80016e74      0x194 C:/devkitPro/libogc/lib/wii\libogc.a(lwp_watchdog.o)
                0x80016e74                __lwp_wd_insert
 .text.__lwp_wd_remove
                0x80017008      0x138 C:/devkitPro/libogc/lib/wii\libogc.a(lwp_watchdog.o)
                0x80017008                __lwp_wd_remove
 .text.__lwp_wd_tickle
                0x80017140      0x120 C:/devkitPro/libogc/lib/wii\libogc.a(lwp_watchdog.o)
                0x80017140                __lwp_wd_tickle
 .text.__lwp_wkspace_init
                0x80017260       0xc0 C:/devkitPro/libogc/lib/wii\libogc.a(lwp_wkspace.o)
                0x80017260                __lwp_wkspace_init
 .text.__lwp_objmgr_initinfo
                0x80017320      0x1a0 C:/devkitPro/libogc/lib/wii\libogc.a(lwp_objmgr.o)
                0x80017320                __lwp_objmgr_initinfo
 .text.__lwp_objmgr_getisrdisable
                0x800174c0       0x60 C:/devkitPro/libogc/lib/wii\libogc.a(lwp_objmgr.o)
                0x800174c0                __lwp_objmgr_getisrdisable
 .text.__lwp_objmgr_getnoprotection
                0x80017520       0x24 C:/devkitPro/libogc/lib/wii\libogc.a(lwp_objmgr.o)
                0x80017520                __lwp_objmgr_getnoprotection
 .text.__lwp_objmgr_get
                0x80017544       0x6c C:/devkitPro/libogc/lib/wii\libogc.a(lwp_objmgr.o)
                0x80017544                __lwp_objmgr_get
 .text.__lwp_objmgr_allocate
                0x800175b0       0x88 C:/devkitPro/libogc/lib/wii\libogc.a(lwp_objmgr.o)
                0x800175b0                __lwp_objmgr_allocate
 .text.__lwp_objmgr_free
                0x80017638       0x60 C:/devkitPro/libogc/lib/wii\libogc.a(lwp_objmgr.o)
                0x80017638                __lwp_objmgr_free
 .text.__lwp_heap_init
                0x80017698       0xa4 C:/devkitPro/libogc/lib/wii\libogc.a(lwp_heap.o)
                0x80017698                __lwp_heap_init
 .text.__lwp_heap_allocate
                0x8001773c      0x160 C:/devkitPro/libogc/lib/wii\libogc.a(lwp_heap.o)
                0x8001773c                __lwp_heap_allocate
 .text.__lwp_heap_free
                0x8001789c      0x188 C:/devkitPro/libogc/lib/wii\libogc.a(lwp_heap.o)
                0x8001789c                __lwp_heap_free
 .text.__SetInterrupts
                0x80017a24      0x268 C:/devkitPro/libogc/lib/wii\libogc.a(irq.o)
 .text.c_irqdispatcher
                0x80017c8c      0x278 C:/devkitPro/libogc/lib/wii\libogc.a(irq.o)
                0x80017c8c                c_irqdispatcher
 .text.__UnmaskIrq
                0x80017f04       0x84 C:/devkitPro/libogc/lib/wii\libogc.a(irq.o)
                0x80017f04                __UnmaskIrq
 .text.__MaskIrq
                0x80017f88       0x84 C:/devkitPro/libogc/lib/wii\libogc.a(irq.o)
                0x80017f88                __MaskIrq
 .text.__irq_init
                0x8001800c       0x84 C:/devkitPro/libogc/lib/wii\libogc.a(irq.o)
                0x8001800c                __irq_init
 .text.IRQ_Request
                0x80018090       0x50 C:/devkitPro/libogc/lib/wii\libogc.a(irq.o)
                0x80018090                IRQ_Request
 .text.IRQ_GetHandler
                0x800180e0       0x44 C:/devkitPro/libogc/lib/wii\libogc.a(irq.o)
                0x800180e0                IRQ_GetHandler
 .text.IRQ_Disable
                0x80018124       0x1c C:/devkitPro/libogc/lib/wii\libogc.a(irq.o)
                0x80018124                IRQ_Disable
 .text.IRQ_Restore
                0x80018140       0x1c C:/devkitPro/libogc/lib/wii\libogc.a(irq.o)
                0x80018140                IRQ_Restore
 .text.__VISendI2CData.constprop.0.isra.0
                0x8001815c      0x450 C:/devkitPro/libogc/lib/wii\libogc.a(video.o)
 .text.__setFbbRegs.constprop.0
                0x800185ac      0x190 C:/devkitPro/libogc/lib/wii\libogc.a(video.o)
 .text.__VISetYUVSEL
                0x8001873c       0xb8 C:/devkitPro/libogc/lib/wii\libogc.a(video.o)
 .text.VIDEO_Configure
                0x800187f4      0x5ec C:/devkitPro/libogc/lib/wii\libogc.a(video.o)
                0x800187f4                VIDEO_Configure
 .text.VIDEO_WaitVSync
                0x80018de0       0x74 C:/devkitPro/libogc/lib/wii\libogc.a(video.o)
                0x80018de0                VIDEO_WaitVSync
 .text.VIDEO_SetFramebuffer
                0x80018e54      0x108 C:/devkitPro/libogc/lib/wii\libogc.a(video.o)
                0x80018e54                VIDEO_SetFramebuffer
 .text.VIDEO_SetNextFramebuffer
                0x80018f5c       0x70 C:/devkitPro/libogc/lib/wii\libogc.a(video.o)
                0x80018f5c                VIDEO_SetNextFramebuffer
 .text.VIDEO_Flush
                0x80018fcc       0xf4 C:/devkitPro/libogc/lib/wii\libogc.a(video.o)
                0x80018fcc                VIDEO_Flush
 .text.VIDEO_SetBlack
                0x800190c0      0x15c C:/devkitPro/libogc/lib/wii\libogc.a(video.o)
                0x800190c0                VIDEO_SetBlack
 .text.VIDEO_GetCurrentTvMode
                0x8001921c       0x78 C:/devkitPro/libogc/lib/wii\libogc.a(video.o)
                0x8001921c                VIDEO_GetCurrentTvMode
 .text.__VIRetraceHandler
                0x80019294      0x298 C:/devkitPro/libogc/lib/wii\libogc.a(video.o)
 .text.__VISetupEncoder
                0x8001952c      0x2cc C:/devkitPro/libogc/lib/wii\libogc.a(video.o)
 .text.VIDEO_Init
                0x800197f8      0x4e4 C:/devkitPro/libogc/lib/wii\libogc.a(video.o)
                0x800197f8                VIDEO_Init
 .text.VIDEO_GetPreferredMode
                0x80019cdc      0x108 C:/devkitPro/libogc/lib/wii\libogc.a(video.o)
                0x80019cdc                VIDEO_GetPreferredMode
 .text.VIDEO_GetCurrentLine
                0x80019de4       0x9c C:/devkitPro/libogc/lib/wii\libogc.a(video.o)
                0x80019de4                VIDEO_GetCurrentLine
 .text.VIDEO_GetFrameBufferSize
                0x80019e80       0x34 C:/devkitPro/libogc/lib/wii\libogc.a(video.o)
                0x80019e80                VIDEO_GetFrameBufferSize
 .text.__call_resetfuncs
                0x80019eb4       0xbc C:/devkitPro/libogc/lib/wii\libogc.a(system.o)
 .text.__MEMInterruptHandler
                0x80019f70       0x14 C:/devkitPro/libogc/lib/wii\libogc.a(system.o)
 .text.__RSWDefaultHandler
                0x80019f84        0x4 C:/devkitPro/libogc/lib/wii\libogc.a(system.o)
 .text.__POWDefaultHandler
                0x80019f88        0x4 C:/devkitPro/libogc/lib/wii\libogc.a(system.o)
 .text.__STMEventHandler
                0x80019f8c      0x104 C:/devkitPro/libogc/lib/wii\libogc.a(system.o)
 .text.__getrtc
                0x8001a090      0x13c C:/devkitPro/libogc/lib/wii\libogc.a(system.o)
 .text.__sram_write
                0x8001a1cc      0x130 C:/devkitPro/libogc/lib/wii\libogc.a(system.o)
 .text.__sram_writecallback
                0x8001a2fc       0x54 C:/devkitPro/libogc/lib/wii\libogc.a(system.o)
 .text.__mem_onreset
                0x8001a350       0x48 C:/devkitPro/libogc/lib/wii\libogc.a(system.o)
 .text.__unlocksram
                0x8001a398      0x174 C:/devkitPro/libogc/lib/wii\libogc.a(system.o)
 .text.__sys_alarmhandler
                0x8001a50c      0x154 C:/devkitPro/libogc/lib/wii\libogc.a(system.o)
 .text.__syscall_malloc_lock
                0x8001a660        0x4 C:/devkitPro/libogc/lib/wii\libogc.a(system.o)
                0x8001a660                __syscall_malloc_lock
 .text.__syscall_malloc_unlock
                0x8001a664        0x4 C:/devkitPro/libogc/lib/wii\libogc.a(system.o)
                0x8001a664                __syscall_malloc_unlock
 .text.__syscall_nanosleep
                0x8001a668        0x4 C:/devkitPro/libogc/lib/wii\libogc.a(system.o)
                0x8001a668                __syscall_nanosleep
 .text.__SYS_GetRTC
                0x8001a66c       0xa0 C:/devkitPro/libogc/lib/wii\libogc.a(system.o)
                0x8001a66c                __SYS_GetRTC
 .text.__SYS_SetBootTime
                0x8001a70c      0x108 C:/devkitPro/libogc/lib/wii\libogc.a(system.o)
                0x8001a70c                __SYS_SetBootTime
 .text.__SYS_GetIPCBufferLo
                0x8001a814        0x8 C:/devkitPro/libogc/lib/wii\libogc.a(system.o)
                0x8001a814                __SYS_GetIPCBufferLo
 .text.__SYS_GetIPCBufferHi
                0x8001a81c        0x8 C:/devkitPro/libogc/lib/wii\libogc.a(system.o)
                0x8001a81c                __SYS_GetIPCBufferHi
 .text.__SYS_DoPowerCB
                0x8001a824       0x74 C:/devkitPro/libogc/lib/wii\libogc.a(system.o)
                0x8001a824                __SYS_DoPowerCB
 .text.__SYS_PreInit
                0x8001a898        0x4 C:/devkitPro/libogc/lib/wii\libogc.a(system.o)
                0x8001a898                __SYS_PreInit
 .text.SYS_PreMain
                0x8001a89c       0x7c C:/devkitPro/libogc/lib/wii\libogc.a(system.o)
                0x8001a89c                SYS_PreMain
 .text.SYS_ResetButtonDown
                0x8001a918       0x18 C:/devkitPro/libogc/lib/wii\libogc.a(system.o)
                0x8001a918                SYS_ResetButtonDown
 .text.SYS_ResetSystem
                0x8001a930      0x210 C:/devkitPro/libogc/lib/wii\libogc.a(system.o)
                0x8001a930                SYS_ResetSystem
 .text.__reload
                0x8001ab40       0x80 C:/devkitPro/libogc/lib/wii\libogc.a(system.o)
                0x8001ab40                __reload
 .text.__syscall_exit
                0x8001abc0       0x88 C:/devkitPro/libogc/lib/wii\libogc.a(system.o)
                0x8001abc0                __syscall_exit
 .text.SYS_RegisterResetFunc
                0x8001ac48       0x78 C:/devkitPro/libogc/lib/wii\libogc.a(system.o)
                0x8001ac48                SYS_RegisterResetFunc
 .text.SYS_SetArena1Lo
                0x8001acc0       0x38 C:/devkitPro/libogc/lib/wii\libogc.a(system.o)
                0x8001acc0                SYS_SetArena1Lo
 .text.SYS_GetArena1Lo
                0x8001acf8       0x38 C:/devkitPro/libogc/lib/wii\libogc.a(system.o)
                0x8001acf8                SYS_GetArena1Lo
 .text.SYS_GetArena1Hi
                0x8001ad30       0x38 C:/devkitPro/libogc/lib/wii\libogc.a(system.o)
                0x8001ad30                SYS_GetArena1Hi
 .text.SYS_SetArena2Lo
                0x8001ad68       0x38 C:/devkitPro/libogc/lib/wii\libogc.a(system.o)
                0x8001ad68                SYS_SetArena2Lo
 .text.SYS_GetArena2Lo
                0x8001ada0       0x38 C:/devkitPro/libogc/lib/wii\libogc.a(system.o)
                0x8001ada0                SYS_GetArena2Lo
 .text.SYS_SetArena2Hi
                0x8001add8       0x38 C:/devkitPro/libogc/lib/wii\libogc.a(system.o)
                0x8001add8                SYS_SetArena2Hi
 .text.SYS_GetArena2Hi
                0x8001ae10       0x38 C:/devkitPro/libogc/lib/wii\libogc.a(system.o)
                0x8001ae10                SYS_GetArena2Hi
 .text.SYS_AllocateFramebuffer
                0x8001ae48       0x28 C:/devkitPro/libogc/lib/wii\libogc.a(system.o)
                0x8001ae48                SYS_AllocateFramebuffer
 .text.SYS_CreateAlarm
                0x8001ae70       0xf0 C:/devkitPro/libogc/lib/wii\libogc.a(system.o)
                0x8001ae70                SYS_CreateAlarm
 .text.SYS_SetAlarm
                0x8001af60      0x1e0 C:/devkitPro/libogc/lib/wii\libogc.a(system.o)
                0x8001af60                SYS_SetAlarm
 .text.SYS_SetPeriodicAlarm
                0x8001b140      0x270 C:/devkitPro/libogc/lib/wii\libogc.a(system.o)
                0x8001b140                SYS_SetPeriodicAlarm
 .text.SYS_RemoveAlarm
                0x8001b3b0      0x10c C:/devkitPro/libogc/lib/wii\libogc.a(system.o)
                0x8001b3b0                SYS_RemoveAlarm
 .text.SYS_CancelAlarm
                0x8001b4bc       0xbc C:/devkitPro/libogc/lib/wii\libogc.a(system.o)
                0x8001b4bc                SYS_CancelAlarm
 .text.SYS_GetWirelessID
                0x8001b578       0x94 C:/devkitPro/libogc/lib/wii\libogc.a(system.o)
                0x8001b578                SYS_GetWirelessID
 .text.SYS_SetWirelessID
                0x8001b60c       0x90 C:/devkitPro/libogc/lib/wii\libogc.a(system.o)
                0x8001b60c                SYS_SetWirelessID
 .text.SYS_SetGBSMode
                0x8001b69c       0xa8 C:/devkitPro/libogc/lib/wii\libogc.a(system.o)
                0x8001b69c                SYS_SetGBSMode
 .text.__sram_init
                0x8001b744      0x1b8 C:/devkitPro/libogc/lib/wii\libogc.a(system.o)
                0x8001b744                __sram_init
 .text.SYS_Init
                0x8001b8fc      0x5e8 C:/devkitPro/libogc/lib/wii\libogc.a(system.o)
                0x8001b8fc                SYS_Init
 .text.SYS_GetHollywoodRevision
                0x8001bee4       0x3c C:/devkitPro/libogc/lib/wii\libogc.a(system.o)
                0x8001bee4                SYS_GetHollywoodRevision
 .text.SYS_Time
                0x8001bf20       0x78 C:/devkitPro/libogc/lib/wii\libogc.a(system.o)
                0x8001bf20                SYS_Time
 .text.__lwp_cond_init
                0x8001bf98       0x14 C:/devkitPro/libogc/lib/wii\libogc.a(cond.o)
                0x8001bf98                __lwp_cond_init
 .text.__decrementer_init
                0x8001bfac        0x4 C:/devkitPro/libogc/lib/wii\libogc.a(decrementer.o)
                0x8001bfac                __decrementer_init
 .text.c_decrementer_handler
                0x8001bfb0        0xc C:/devkitPro/libogc/lib/wii\libogc.a(decrementer.o)
                0x8001bfb0                c_decrementer_handler
 .text.__lwp_mqbox_init
                0x8001bfbc       0x14 C:/devkitPro/libogc/lib/wii\libogc.a(message.o)
                0x8001bfbc                __lwp_mqbox_init
 .text.__si_transfer
                0x8001bfd0      0x1a4 C:/devkitPro/libogc/lib/wii\libogc.a(si.o)
 .text.__si_alarmhandler
                0x8001c174       0xdc C:/devkitPro/libogc/lib/wii\libogc.a(si.o)
 .text.__si_completetransfer
                0x8001c250      0x1fc C:/devkitPro/libogc/lib/wii\libogc.a(si.o)
 .text.__si_transfernext
                0x8001c44c       0xe0 C:/devkitPro/libogc/lib/wii\libogc.a(si.o)
 .text.SI_Busy  0x8001c52c       0x18 C:/devkitPro/libogc/lib/wii\libogc.a(si.o)
                0x8001c52c                SI_Busy
 .text.SI_IsChanBusy
                0x8001c544       0x38 C:/devkitPro/libogc/lib/wii\libogc.a(si.o)
                0x8001c544                SI_IsChanBusy
 .text.SI_SetXY
                0x8001c57c       0x64 C:/devkitPro/libogc/lib/wii\libogc.a(si.o)
                0x8001c57c                SI_SetXY
 .text.SI_EnablePolling
                0x8001c5e0       0x80 C:/devkitPro/libogc/lib/wii\libogc.a(si.o)
                0x8001c5e0                SI_EnablePolling
 .text.SI_DisablePolling
                0x8001c660       0x58 C:/devkitPro/libogc/lib/wii\libogc.a(si.o)
                0x8001c660                SI_DisablePolling
 .text.SI_SetSamplingRate
                0x8001c6b8       0xd8 C:/devkitPro/libogc/lib/wii\libogc.a(si.o)
                0x8001c6b8                SI_SetSamplingRate
 .text.SI_RefreshSamplingRate
                0x8001c790        0x8 C:/devkitPro/libogc/lib/wii\libogc.a(si.o)
                0x8001c790                SI_RefreshSamplingRate
 .text.SI_GetStatus
                0x8001c798       0x78 C:/devkitPro/libogc/lib/wii\libogc.a(si.o)
                0x8001c798                SI_GetStatus
 .text.SI_GetResponseRaw
                0x8001c810       0xe8 C:/devkitPro/libogc/lib/wii\libogc.a(si.o)
                0x8001c810                SI_GetResponseRaw
 .text.SI_GetResponse
                0x8001c8f8       0xb8 C:/devkitPro/libogc/lib/wii\libogc.a(si.o)
                0x8001c8f8                SI_GetResponse
 .text.SI_SetCommand
                0x8001c9b0       0x10 C:/devkitPro/libogc/lib/wii\libogc.a(si.o)
                0x8001c9b0                SI_SetCommand
 .text.SI_Transfer
                0x8001c9c0      0x26c C:/devkitPro/libogc/lib/wii\libogc.a(si.o)
                0x8001c9c0                SI_Transfer
 .text.__si_gettypecallback
                0x8001cc2c      0x2c0 C:/devkitPro/libogc/lib/wii\libogc.a(si.o)
 .text.__si_interrupthandler
                0x8001ceec      0x268 C:/devkitPro/libogc/lib/wii\libogc.a(si.o)
 .text.SI_GetType
                0x8001d154      0x1f4 C:/devkitPro/libogc/lib/wii\libogc.a(si.o)
                0x8001d154                SI_GetType
 .text.SI_GetTypeAsync
                0x8001d348      0x138 C:/devkitPro/libogc/lib/wii\libogc.a(si.o)
                0x8001d348                SI_GetTypeAsync
 .text.SI_EnablePollingInterrupt
                0x8001d480       0x8c C:/devkitPro/libogc/lib/wii\libogc.a(si.o)
                0x8001d480                SI_EnablePollingInterrupt
 .text.SI_UnregisterPollingHandler
                0x8001d50c       0xe0 C:/devkitPro/libogc/lib/wii\libogc.a(si.o)
                0x8001d50c                SI_UnregisterPollingHandler
 .text.__si_init
                0x8001d5ec       0xe8 C:/devkitPro/libogc/lib/wii\libogc.a(si.o)
                0x8001d5ec                __si_init
 .text.__ipc_sendrequest
                0x8001d6d4      0x104 C:/devkitPro/libogc/lib/wii\libogc.a(ipc.o)
 .text.__ipc_syncrequest
                0x8001d7d8       0xe4 C:/devkitPro/libogc/lib/wii\libogc.a(ipc.o)
 .text.__ioctlvfmtCB
                0x8001d8bc      0x158 C:/devkitPro/libogc/lib/wii\libogc.a(ipc.o)
 .text.__ios_ioctlvformat_parse
                0x8001da14      0x820 C:/devkitPro/libogc/lib/wii\libogc.a(ipc.o)
 .text.__ipc_asyncrequest
                0x8001e234      0x13c C:/devkitPro/libogc/lib/wii\libogc.a(ipc.o)
 .text.__ipc_interrupthandler
                0x8001e370      0x34c C:/devkitPro/libogc/lib/wii\libogc.a(ipc.o)
 .text.iosCreateHeap
                0x8001e6bc      0x130 C:/devkitPro/libogc/lib/wii\libogc.a(ipc.o)
                0x8001e6bc                iosCreateHeap
 .text.iosAlloc
                0x8001e7ec       0x30 C:/devkitPro/libogc/lib/wii\libogc.a(ipc.o)
                0x8001e7ec                iosAlloc
 .text.iosFree  0x8001e81c       0x28 C:/devkitPro/libogc/lib/wii\libogc.a(ipc.o)
                0x8001e81c                iosFree
 .text.__IPC_ClntInit
                0x8001e844       0xc8 C:/devkitPro/libogc/lib/wii\libogc.a(ipc.o)
                0x8001e844                __IPC_ClntInit
 .text.IOS_Open
                0x8001e90c      0x110 C:/devkitPro/libogc/lib/wii\libogc.a(ipc.o)
                0x8001e90c                IOS_Open
 .text.IOS_Close
                0x8001ea1c       0xf0 C:/devkitPro/libogc/lib/wii\libogc.a(ipc.o)
                0x8001ea1c                IOS_Close
 .text.IOS_CloseAsync
                0x8001eb0c       0xb4 C:/devkitPro/libogc/lib/wii\libogc.a(ipc.o)
                0x8001eb0c                IOS_CloseAsync
 .text.IOS_Read
                0x8001ebc0      0x10c C:/devkitPro/libogc/lib/wii\libogc.a(ipc.o)
                0x8001ebc0                IOS_Read
 .text.IOS_Write
                0x8001eccc      0x10c C:/devkitPro/libogc/lib/wii\libogc.a(ipc.o)
                0x8001eccc                IOS_Write
 .text.IOS_Ioctl
                0x8001edd8      0x158 C:/devkitPro/libogc/lib/wii\libogc.a(ipc.o)
                0x8001edd8                IOS_Ioctl
 .text.IOS_IoctlAsync
                0x8001ef30      0x148 C:/devkitPro/libogc/lib/wii\libogc.a(ipc.o)
                0x8001ef30                IOS_IoctlAsync
 .text.IOS_Ioctlv
                0x8001f078      0x1f0 C:/devkitPro/libogc/lib/wii\libogc.a(ipc.o)
                0x8001f078                IOS_Ioctlv
 .text.IOS_IoctlvAsync
                0x8001f268      0x1d4 C:/devkitPro/libogc/lib/wii\libogc.a(ipc.o)
                0x8001f268                IOS_IoctlvAsync
 .text.IOS_IoctlvFormat
                0x8001f43c      0x16c C:/devkitPro/libogc/lib/wii\libogc.a(ipc.o)
                0x8001f43c                IOS_IoctlvFormat
 .text.IOS_IoctlvReboot
                0x8001f5a8      0x1f4 C:/devkitPro/libogc/lib/wii\libogc.a(ipc.o)
                0x8001f5a8                IOS_IoctlvReboot
 .text.gettick  0x8001f79c        0x8 C:/devkitPro/libogc/lib/wii\libogc.a(timesupp.o)
                0x8001f79c                gettick
 .text.gettime  0x8001f7a4       0x18 C:/devkitPro/libogc/lib/wii\libogc.a(timesupp.o)
                0x8001f7a4                gettime
 .text.settime  0x8001f7bc       0x14 C:/devkitPro/libogc/lib/wii\libogc.a(timesupp.o)
                0x8001f7bc                settime
 .text.diff_usec
                0x8001f7d0       0x88 C:/devkitPro/libogc/lib/wii\libogc.a(timesupp.o)
                0x8001f7d0                diff_usec
 .text.__timesystem_init
                0x8001f858       0x1c C:/devkitPro/libogc/lib/wii\libogc.a(timesupp.o)
                0x8001f858                __timesystem_init
 .text.udelay   0x8001f874       0xac C:/devkitPro/libogc/lib/wii\libogc.a(timesupp.o)
                0x8001f874                udelay
 .text.__libogc_nanosleep
                0x8001f920      0x144 C:/devkitPro/libogc/lib/wii\libogc.a(timesupp.o)
                0x8001f920                __libogc_nanosleep
 .text.__syscall_lock_init
                0x8001fa64       0x6c C:/devkitPro/libogc/lib/wii\libogc.a(lock_supp.o)
                0x8001fa64                __syscall_lock_init
 .text.__syscall_lock_init_recursive
                0x8001fad0       0x6c C:/devkitPro/libogc/lib/wii\libogc.a(lock_supp.o)
                0x8001fad0                __syscall_lock_init_recursive
 .text.__syscall_lock_close
                0x8001fb3c       0x68 C:/devkitPro/libogc/lib/wii\libogc.a(lock_supp.o)
                0x8001fb3c                __syscall_lock_close
 .text.__syscall_lock_acquire
                0x8001fba4       0x18 C:/devkitPro/libogc/lib/wii\libogc.a(lock_supp.o)
                0x8001fba4                __syscall_lock_acquire
 .text.__syscall_lock_release
                0x8001fbbc       0x18 C:/devkitPro/libogc/lib/wii\libogc.a(lock_supp.o)
                0x8001fbbc                __syscall_lock_release
 .text.__usbgecko_exi_unlock
                0x8001fbd4       0x34 C:/devkitPro/libogc/lib/wii\libogc.a(usbgecko.o)
 .text.usb_isgeckoalive
                0x8001fc08      0x1bc C:/devkitPro/libogc/lib/wii\libogc.a(usbgecko.o)
                0x8001fc08                usb_isgeckoalive
 .text.usb_sendbuffer_ex
                0x8001fdc4      0x214 C:/devkitPro/libogc/lib/wii\libogc.a(usbgecko.o)
                0x8001fdc4                usb_sendbuffer_ex
 .text.usb_sendbuffer
                0x8001ffd8        0x8 C:/devkitPro/libogc/lib/wii\libogc.a(usbgecko.o)
                0x8001ffd8                usb_sendbuffer
 .text.usb_sendbuffer_safe_ex
                0x8001ffe0      0x2a8 C:/devkitPro/libogc/lib/wii\libogc.a(usbgecko.o)
                0x8001ffe0                usb_sendbuffer_safe_ex
 .text.usb_sendbuffer_safe
                0x80020288        0x8 C:/devkitPro/libogc/lib/wii\libogc.a(usbgecko.o)
                0x80020288                usb_sendbuffer_safe
 .text._sbrk_r  0x80020290      0x28c C:/devkitPro/libogc/lib/wii\libogc.a(sbrk.o)
                0x80020290                _sbrk_r
 .text.__memlock_init
                0x8002051c       0x7c C:/devkitPro/libogc/lib/wii\libogc.a(malloc_lock.o)
                0x8002051c                __memlock_init
 .text.__libogc_malloc_lock
                0x80020598      0x1fc C:/devkitPro/libogc/lib/wii\libogc.a(malloc_lock.o)
                0x80020598                __libogc_malloc_lock
 .text.__libogc_malloc_unlock
                0x80020794       0x64 C:/devkitPro/libogc/lib/wii\libogc.a(malloc_lock.o)
                0x80020794                __libogc_malloc_unlock
 .text.__STM_SetEventHook
                0x800207f8       0xb0 C:/devkitPro/libogc/lib/wii\libogc.a(stm.o)
                0x800207f8                __STM_SetEventHook
 .text.__STM_Init
                0x800208a8       0x8c C:/devkitPro/libogc/lib/wii\libogc.a(stm.o)
                0x800208a8                __STM_Init
 .text.__STMEventHandler
                0x80020934       0x64 C:/devkitPro/libogc/lib/wii\libogc.a(stm.o)
 .text.__STM_ReleaseEventHook
                0x80020998       0x80 C:/devkitPro/libogc/lib/wii\libogc.a(stm.o)
                0x80020998                __STM_ReleaseEventHook
 .text.__STM_Close
                0x80020a18       0xac C:/devkitPro/libogc/lib/wii\libogc.a(stm.o)
                0x80020a18                __STM_Close
 .text.STM_RegisterEventHandler
                0x80020ac4       0x10 C:/devkitPro/libogc/lib/wii\libogc.a(stm.o)
                0x80020ac4                STM_RegisterEventHandler
 .text.STM_ShutdownToStandby
                0x80020ad4       0x50 C:/devkitPro/libogc/lib/wii\libogc.a(stm.o)
                0x80020ad4                STM_ShutdownToStandby
 .text.STM_ShutdownToIdle
                0x80020b24       0x70 C:/devkitPro/libogc/lib/wii\libogc.a(stm.o)
                0x80020b24                STM_ShutdownToIdle
 .text.STM_SetLedMode
                0x80020b94       0x40 C:/devkitPro/libogc/lib/wii\libogc.a(stm.o)
                0x80020b94                STM_SetLedMode
 .text.STM_RebootSystem
                0x80020bd4       0x50 C:/devkitPro/libogc/lib/wii\libogc.a(stm.o)
                0x80020bd4                STM_RebootSystem
 .text.__IOS_InitializeSubsystems
                0x80020c24       0x44 C:/devkitPro/libogc/lib/wii\libogc.a(ios.o)
                0x80020c24                __IOS_InitializeSubsystems
 .text.__IOS_ShutdownSubsystems
                0x80020c68       0x44 C:/devkitPro/libogc/lib/wii\libogc.a(ios.o)
                0x80020c68                __IOS_ShutdownSubsystems
 .text.__IOS_LoadStartupIOS
                0x80020cac        0x8 C:/devkitPro/libogc/lib/wii\libogc.a(ios.o)
                0x80020cac                __IOS_LoadStartupIOS
 .text._ES_fstat_r
                0x80020cb4      0x120 C:/devkitPro/libogc/lib/wii\libogc.a(es.o)
 .text._ES_seek_r
                0x80020dd4       0xdc C:/devkitPro/libogc/lib/wii\libogc.a(es.o)
 .text._ES_close_r
                0x80020eb0       0xac C:/devkitPro/libogc/lib/wii\libogc.a(es.o)
 .text.__ES_Init
                0x80020f5c       0x78 C:/devkitPro/libogc/lib/wii\libogc.a(es.o)
                0x80020f5c                __ES_Init
 .text.__ES_Close
                0x80020fd4       0x54 C:/devkitPro/libogc/lib/wii\libogc.a(es.o)
                0x80020fd4                __ES_Close
 .text.ES_GetTitleID
                0x80021028       0x94 C:/devkitPro/libogc/lib/wii\libogc.a(es.o)
                0x80021028                ES_GetTitleID
 .text.ES_LaunchTitle
                0x800210bc       0xa4 C:/devkitPro/libogc/lib/wii\libogc.a(es.o)
                0x800210bc                ES_LaunchTitle
 .text.ES_GetNumTicketViews
                0x80021160       0x98 C:/devkitPro/libogc/lib/wii\libogc.a(es.o)
                0x80021160                ES_GetNumTicketViews
 .text.ES_GetTicketViews
                0x800211f8       0x8c C:/devkitPro/libogc/lib/wii\libogc.a(es.o)
                0x800211f8                ES_GetTicketViews
 .text.ES_GetStoredTMD
                0x80021284       0x90 C:/devkitPro/libogc/lib/wii\libogc.a(es.o)
                0x80021284                ES_GetStoredTMD
 .text._ES_decodepath
                0x80021314      0x440 C:/devkitPro/libogc/lib/wii\libogc.a(es.o)
 .text._ES_stat_r
                0x80021754       0xf4 C:/devkitPro/libogc/lib/wii\libogc.a(es.o)
 .text._ES_open_r
                0x80021848      0x1d0 C:/devkitPro/libogc/lib/wii\libogc.a(es.o)
 .text.ES_ReadContent
                0x80021a18       0x6c C:/devkitPro/libogc/lib/wii\libogc.a(es.o)
                0x80021a18                ES_ReadContent
 .text._ES_read_r
                0x80021a84      0x17c C:/devkitPro/libogc/lib/wii\libogc.a(es.o)
 .text.__usbv5_devicechangeCB
                0x80021c00      0x180 C:/devkitPro/libogc/lib/wii\libogc.a(usb.o)
 .text.__usbv5_attachfinishCB
                0x80021d80       0xcc C:/devkitPro/libogc/lib/wii\libogc.a(usb.o)
 .text.__usbv5_messageCB
                0x80021e4c       0x5c C:/devkitPro/libogc/lib/wii\libogc.a(usb.o)
 .text.__usbv0_messageCB
                0x80021ea8       0xa8 C:/devkitPro/libogc/lib/wii\libogc.a(usb.o)
 .text.__usb_control_message
                0x80021f50      0x428 C:/devkitPro/libogc/lib/wii\libogc.a(usb.o)
 .text.__usb_interrupt_bulk_message
                0x80022378      0x2c0 C:/devkitPro/libogc/lib/wii\libogc.a(usb.o)
 .text.USB_FreeDescriptors.part.0
                0x80022638       0xfc C:/devkitPro/libogc/lib/wii\libogc.a(usb.o)
 .text.USB_GetDescriptors.part.0
                0x80022734      0x674 C:/devkitPro/libogc/lib/wii\libogc.a(usb.o)
 .text.USBV5_SuspendResume
                0x80022da8      0x138 C:/devkitPro/libogc/lib/wii\libogc.a(usb.o)
 .text.USBV5_GetDescriptors
                0x80022ee0      0x518 C:/devkitPro/libogc/lib/wii\libogc.a(usb.o)
 .text.USB_Deinitialize
                0x800233f8       0xc8 C:/devkitPro/libogc/lib/wii\libogc.a(usb.o)
                0x800233f8                USB_Deinitialize
 .text.USB_Initialize
                0x800234c0      0x2f8 C:/devkitPro/libogc/lib/wii\libogc.a(usb.o)
                0x800234c0                USB_Initialize
 .text.USB_OpenDevice
                0x800237b8      0x2b8 C:/devkitPro/libogc/lib/wii\libogc.a(usb.o)
                0x800237b8                USB_OpenDevice
 .text.USBV5_CloseDevice
                0x80023a70      0x128 C:/devkitPro/libogc/lib/wii\libogc.a(usb.o)
                0x80023a70                USBV5_CloseDevice
 .text.USB_CloseDeviceAsync
                0x80023b98       0xd0 C:/devkitPro/libogc/lib/wii\libogc.a(usb.o)
                0x80023b98                USB_CloseDeviceAsync
 .text.USB_ReadIntrMsgAsync
                0x80023c68       0x28 C:/devkitPro/libogc/lib/wii\libogc.a(usb.o)
                0x80023c68                USB_ReadIntrMsgAsync
 .text.USB_ReadBlkMsgAsync
                0x80023c90       0x28 C:/devkitPro/libogc/lib/wii\libogc.a(usb.o)
                0x80023c90                USB_ReadBlkMsgAsync
 .text.USB_WriteBlkMsgAsync
                0x80023cb8       0x28 C:/devkitPro/libogc/lib/wii\libogc.a(usb.o)
                0x80023cb8                USB_WriteBlkMsgAsync
 .text.USB_WriteCtrlMsgAsync
                0x80023ce0        0x4 C:/devkitPro/libogc/lib/wii\libogc.a(usb.o)
                0x80023ce0                USB_WriteCtrlMsgAsync
 .text.__CheckARGV
                0x80023ce4       0x80 C:/devkitPro/libogc/lib/wii\libogc.a(argv.o)
                0x80023ce4                __CheckARGV
 .text.CONF_Init
                0x80023d64      0x184 C:/devkitPro/libogc/lib/wii\libogc.a(conf.o)
                0x80023d64                CONF_Init
 .text.__CONF_GetTxt
                0x80023ee8      0x208 C:/devkitPro/libogc/lib/wii\libogc.a(conf.o)
                0x80023ee8                __CONF_GetTxt
 .text.__CONF_Find
                0x800240f0       0xfc C:/devkitPro/libogc/lib/wii\libogc.a(conf.o)
                0x800240f0                __CONF_Find
 .text.CONF_GetLength
                0x800241ec      0x12c C:/devkitPro/libogc/lib/wii\libogc.a(conf.o)
                0x800241ec                CONF_GetLength
 .text.CONF_Get
                0x80024318      0x140 C:/devkitPro/libogc/lib/wii\libogc.a(conf.o)
                0x80024318                CONF_Get
 .text.CONF_GetShutdownMode
                0x80024458       0x54 C:/devkitPro/libogc/lib/wii\libogc.a(conf.o)
                0x80024458                CONF_GetShutdownMode
 .text.CONF_GetIdleLedMode
                0x800244ac       0x54 C:/devkitPro/libogc/lib/wii\libogc.a(conf.o)
                0x800244ac                CONF_GetIdleLedMode
 .text.CONF_GetProgressiveScan
                0x80024500       0x54 C:/devkitPro/libogc/lib/wii\libogc.a(conf.o)
                0x80024500                CONF_GetProgressiveScan
 .text.CONF_GetEuRGB60
                0x80024554       0x54 C:/devkitPro/libogc/lib/wii\libogc.a(conf.o)
                0x80024554                CONF_GetEuRGB60
 .text.CONF_GetIRSensitivity
                0x800245a8       0x54 C:/devkitPro/libogc/lib/wii\libogc.a(conf.o)
                0x800245a8                CONF_GetIRSensitivity
 .text.CONF_GetSensorBarPosition
                0x800245fc       0x54 C:/devkitPro/libogc/lib/wii\libogc.a(conf.o)
                0x800245fc                CONF_GetSensorBarPosition
 .text.CONF_GetCounterBias
                0x80024650       0x4c C:/devkitPro/libogc/lib/wii\libogc.a(conf.o)
                0x80024650                CONF_GetCounterBias
 .text.CONF_GetDisplayOffsetH
                0x8002469c       0x4c C:/devkitPro/libogc/lib/wii\libogc.a(conf.o)
                0x8002469c                CONF_GetDisplayOffsetH
 .text.CONF_GetPadDevices
                0x800246e8       0x4c C:/devkitPro/libogc/lib/wii\libogc.a(conf.o)
                0x800246e8                CONF_GetPadDevices
 .text.CONF_GetVideo
                0x80024734       0x88 C:/devkitPro/libogc/lib/wii\libogc.a(conf.o)
                0x80024734                CONF_GetVideo
 .text.__WII_WriteNANDBootInfo.isra.0
                0x800247bc       0xbc C:/devkitPro/libogc/lib/wii\libogc.a(wiilaunch.o)
 .text.__WII_WriteStateFlags.isra.0
                0x80024878       0x94 C:/devkitPro/libogc/lib/wii\libogc.a(wiilaunch.o)
 .text.WII_Initialize
                0x8002490c      0x188 C:/devkitPro/libogc/lib/wii\libogc.a(wiilaunch.o)
                0x8002490c                WII_Initialize
 .text.WII_LaunchTitle
                0x80024a94      0x1ac C:/devkitPro/libogc/lib/wii\libogc.a(wiilaunch.o)
                0x80024a94                WII_LaunchTitle
 .text.WII_ReturnToMenu
                0x80024c40       0x58 C:/devkitPro/libogc/lib/wii\libogc.a(wiilaunch.o)
                0x80024c40                WII_ReturnToMenu
 .text.__lwp_priority_init
                0x80024c98       0x1c C:/devkitPro/libogc/lib/wii\libogc.a(lwp_priority.o)
                0x80024c98                __lwp_priority_init
 .text.__lwp_threadqueue_enqueuefifo
                0x80024cb4      0x12c C:/devkitPro/libogc/lib/wii\libogc.a(lwp_threadq.o)
                0x80024cb4                __lwp_threadqueue_enqueuefifo
 .text.__lwp_threadqueue_dequeuefifo
                0x80024de0      0x134 C:/devkitPro/libogc/lib/wii\libogc.a(lwp_threadq.o)
                0x80024de0                __lwp_threadqueue_dequeuefifo
 .text.__lwp_threadqueue_enqueuepriority
                0x80024f14      0x334 C:/devkitPro/libogc/lib/wii\libogc.a(lwp_threadq.o)
                0x80024f14                __lwp_threadqueue_enqueuepriority
 .text.__lwp_threadqueue_dequeuepriority
                0x80025248      0x1d8 C:/devkitPro/libogc/lib/wii\libogc.a(lwp_threadq.o)
                0x80025248                __lwp_threadqueue_dequeuepriority
 .text.__lwp_threadqueue_init
                0x80025420       0x64 C:/devkitPro/libogc/lib/wii\libogc.a(lwp_threadq.o)
                0x80025420                __lwp_threadqueue_init
 .text.__lwp_threadqueue_enqueue
                0x80025484      0x138 C:/devkitPro/libogc/lib/wii\libogc.a(lwp_threadq.o)
                0x80025484                __lwp_threadqueue_enqueue
 .text.__lwp_threadqueue_dequeue
                0x800255bc       0x24 C:/devkitPro/libogc/lib/wii\libogc.a(lwp_threadq.o)
                0x800255bc                __lwp_threadqueue_dequeue
 .text.__lwp_threadqueue_flush
                0x800255e0       0x68 C:/devkitPro/libogc/lib/wii\libogc.a(lwp_threadq.o)
                0x800255e0                __lwp_threadqueue_flush
 .text.__lwp_threadqueue_extractfifo
                0x80025648       0xe8 C:/devkitPro/libogc/lib/wii\libogc.a(lwp_threadq.o)
                0x80025648                __lwp_threadqueue_extractfifo
 .text.__lwp_threadqueue_extractpriority
                0x80025730      0x148 C:/devkitPro/libogc/lib/wii\libogc.a(lwp_threadq.o)
                0x80025730                __lwp_threadqueue_extractpriority
 .text.__lwp_threadqueue_timeout
                0x80025878       0xd0 C:/devkitPro/libogc/lib/wii\libogc.a(lwp_threadq.o)
 .text.__lwp_threadqueue_extractproxy
                0x80025948       0x64 C:/devkitPro/libogc/lib/wii\libogc.a(lwp_threadq.o)
                0x80025948                __lwp_threadqueue_extractproxy
 .text.__lwp_mutex_initialize
                0x800259ac       0xa4 C:/devkitPro/libogc/lib/wii\libogc.a(lwp_mutex.o)
                0x800259ac                __lwp_mutex_initialize
 .text.__lwp_mutex_surrender
                0x80025a50      0x14c C:/devkitPro/libogc/lib/wii\libogc.a(lwp_mutex.o)
                0x80025a50                __lwp_mutex_surrender
 .text.__lwp_mutex_seize_irq_blocking
                0x80025b9c       0xf8 C:/devkitPro/libogc/lib/wii\libogc.a(lwp_mutex.o)
                0x80025b9c                __lwp_mutex_seize_irq_blocking
 .text.__lwp_mutex_flush
                0x80025c94        0x4 C:/devkitPro/libogc/lib/wii\libogc.a(lwp_mutex.o)
                0x80025c94                __lwp_mutex_flush
 .text.__systemcall_init
                0x80025c98       0x70 C:/devkitPro/libogc/lib/wii\libogc.a(exception.o)
                0x80025c98                __systemcall_init
 .text.__exception_init
                0x80025d08      0x120 C:/devkitPro/libogc/lib/wii\libogc.a(exception.o)
                0x80025d08                __exception_init
 .text.__exception_close
                0x80025e28       0xac C:/devkitPro/libogc/lib/wii\libogc.a(exception.o)
                0x80025e28                __exception_close
 .text.__exception_closeall
                0x80025ed4       0x80 C:/devkitPro/libogc/lib/wii\libogc.a(exception.o)
                0x80025ed4                __exception_closeall
 .text.c_default_exceptionhandler
                0x80025f54      0x458 C:/devkitPro/libogc/lib/wii\libogc.a(exception.o)
                0x80025f54                c_default_exceptionhandler
 .text.__lwp_sema_init
                0x800263ac       0x14 C:/devkitPro/libogc/lib/wii\libogc.a(semaphore.o)
                0x800263ac                __lwp_sema_init
 .text.SPEC1_MakeStatus
                0x800263c0      0x104 C:/devkitPro/libogc/lib/wii\libogc.a(pad.o)
 .text.__pad_samplinghandler
                0x800264c4        0x4 C:/devkitPro/libogc/lib/wii\libogc.a(pad.o)
 .text.__pad_doreset
                0x800264c8       0x50 C:/devkitPro/libogc/lib/wii\libogc.a(pad.o)
 .text.__pad_updateorigin
                0x80026518       0xa4 C:/devkitPro/libogc/lib/wii\libogc.a(pad.o)
 .text.__pad_disable
                0x800265bc       0xbc C:/devkitPro/libogc/lib/wii\libogc.a(pad.o)
 .text.__pad_receivecheckcallback
                0x80026678       0x84 C:/devkitPro/libogc/lib/wii\libogc.a(pad.o)
 .text.__pad_typeandstatuscallback
                0x800266fc      0x1ac C:/devkitPro/libogc/lib/wii\libogc.a(pad.o)
 .text.__pad_originupdatecallback
                0x800268a8       0x2c C:/devkitPro/libogc/lib/wii\libogc.a(pad.o)
 .text.__pad_onreset
                0x800268d4      0x108 C:/devkitPro/libogc/lib/wii\libogc.a(pad.o)
 .text.SPEC2_MakeStatus
                0x800269dc      0x214 C:/devkitPro/libogc/lib/wii\libogc.a(pad.o)
 .text.__pad_origincallback
                0x80026bf0       0x74 C:/devkitPro/libogc/lib/wii\libogc.a(pad.o)
 .text.__pad_probecallback
                0x80026c64       0x88 C:/devkitPro/libogc/lib/wii\libogc.a(pad.o)
 .text.__PADDisableRecalibration
                0x80026cec       0x64 C:/devkitPro/libogc/lib/wii\libogc.a(pad.o)
                0x80026cec                __PADDisableRecalibration
 .text.PAD_Reset
                0x80026d50       0xf0 C:/devkitPro/libogc/lib/wii\libogc.a(pad.o)
                0x80026d50                PAD_Reset
 .text.PAD_Read
                0x80026e40      0x2d4 C:/devkitPro/libogc/lib/wii\libogc.a(pad.o)
                0x80026e40                PAD_Read
 .text.PAD_Init
                0x80027114       0xf8 C:/devkitPro/libogc/lib/wii\libogc.a(pad.o)
                0x80027114                PAD_Init
 .text.PAD_ScanPads
                0x8002720c      0x15c C:/devkitPro/libogc/lib/wii\libogc.a(pad.o)
                0x8002720c                PAD_ScanPads
 .text.PAD_ButtonsDown
                0x80027368       0x40 C:/devkitPro/libogc/lib/wii\libogc.a(pad.o)
                0x80027368                PAD_ButtonsDown
 .text.__exi_irq_handler
                0x800273a8       0x58 C:/devkitPro/libogc/lib/wii\libogc.a(exi.o)
 .text.__ext_irq_handler
                0x80027400       0xc8 C:/devkitPro/libogc/lib/wii\libogc.a(exi.o)
 .text.__tc_irq_handler
                0x800274c8      0x178 C:/devkitPro/libogc/lib/wii\libogc.a(exi.o)
 .text.__exi_probe
                0x80027640      0x214 C:/devkitPro/libogc/lib/wii\libogc.a(exi.o)
 .text.__exi_attach
                0x80027854      0x104 C:/devkitPro/libogc/lib/wii\libogc.a(exi.o)
 .text.EXI_Lock
                0x80027958      0x218 C:/devkitPro/libogc/lib/wii\libogc.a(exi.o)
                0x80027958                EXI_Lock
 .text.EXI_Unlock
                0x80027b70      0x224 C:/devkitPro/libogc/lib/wii\libogc.a(exi.o)
                0x80027b70                EXI_Unlock
 .text.EXI_Select
                0x80027d94      0x208 C:/devkitPro/libogc/lib/wii\libogc.a(exi.o)
                0x80027d94                EXI_Select
 .text.EXI_Deselect
                0x80027f9c      0x16c C:/devkitPro/libogc/lib/wii\libogc.a(exi.o)
                0x80027f9c                EXI_Deselect
 .text.EXI_Sync
                0x80028108      0x108 C:/devkitPro/libogc/lib/wii\libogc.a(exi.o)
                0x80028108                EXI_Sync
 .text.EXI_Imm  0x80028210      0x1f8 C:/devkitPro/libogc/lib/wii\libogc.a(exi.o)
                0x80028210                EXI_Imm
 .text.EXI_ImmEx
                0x80028408       0xd8 C:/devkitPro/libogc/lib/wii\libogc.a(exi.o)
                0x80028408                EXI_ImmEx
 .text.EXI_Dma  0x800284e0      0x16c C:/devkitPro/libogc/lib/wii\libogc.a(exi.o)
                0x800284e0                EXI_Dma
 .text.EXI_Detach
                0x8002864c       0xb0 C:/devkitPro/libogc/lib/wii\libogc.a(exi.o)
                0x8002864c                EXI_Detach
 .text.EXI_GetID
                0x800286fc      0x338 C:/devkitPro/libogc/lib/wii\libogc.a(exi.o)
                0x800286fc                EXI_GetID
 .text.__unlocked_handler
                0x80028a34       0x28 C:/devkitPro/libogc/lib/wii\libogc.a(exi.o)
 .text.EXI_ProbeReset
                0x80028a5c       0x70 C:/devkitPro/libogc/lib/wii\libogc.a(exi.o)
                0x80028a5c                EXI_ProbeReset
 .text.__exi_init
                0x80028acc      0x188 C:/devkitPro/libogc/lib/wii\libogc.a(exi.o)
                0x80028acc                __exi_init
 .text.__lwp_mutex_locksupp.constprop.0
                0x80028c54      0x2a8 C:/devkitPro/libogc/lib/wii\libogc.a(mutex.o)
 .text.__lwp_mutex_init
                0x80028efc       0x14 C:/devkitPro/libogc/lib/wii\libogc.a(mutex.o)
                0x80028efc                __lwp_mutex_init
 .text.LWP_MutexInit
                0x80028f10      0x100 C:/devkitPro/libogc/lib/wii\libogc.a(mutex.o)
                0x80028f10                LWP_MutexInit
 .text.LWP_MutexDestroy
                0x80029010       0xf0 C:/devkitPro/libogc/lib/wii\libogc.a(mutex.o)
                0x80029010                LWP_MutexDestroy
 .text.LWP_MutexLock
                0x80029100        0x8 C:/devkitPro/libogc/lib/wii\libogc.a(mutex.o)
                0x80029100                LWP_MutexLock
 .text.LWP_MutexUnlock
                0x80029108       0x9c C:/devkitPro/libogc/lib/wii\libogc.a(mutex.o)
                0x80029108                LWP_MutexUnlock
 .text.__GX_InitRevBits
                0x800291a4       0x98 C:/devkitPro/libogc/lib/wii\libogc.a(gx.o)
 .text.GX_AbortFrame
                0x8002923c      0x3d8 C:/devkitPro/libogc/lib/wii\libogc.a(gx.o)
                0x8002923c                GX_AbortFrame
 .text.number   0x80029614      0x318 C:/devkitPro/libogc/lib/wii\libogc.a(kprintf.o)
 .text.kvsprintf
                0x8002992c      0x888 C:/devkitPro/libogc/lib/wii\libogc.a(kprintf.o)
                0x8002992c                kvsprintf
 .text.kprintf  0x8002a1b4       0xac C:/devkitPro/libogc/lib/wii\libogc.a(kprintf.o)
                0x8002a1b4                kprintf
 .text.net_wc24cleanup
                0x8002a260       0x64 C:/devkitPro/libogc/lib/wii\libogc.a(network_wii.o)
                0x8002a260                net_wc24cleanup
 .text.atanf    0x8002a2c4      0x290 C:/devkitPro/devkitPPC/bin/../lib/gcc/powerpc-eabi/13.2.0/../../../../powerpc-eabi/lib\libm.a(libm_a-sf_atan.o)
                0x8002a2c4                atanf
 .text.atan2    0x8002a554        0x4 C:/devkitPro/devkitPPC/bin/../lib/gcc/powerpc-eabi/13.2.0/../../../../powerpc-eabi/lib\libm.a(libm_a-w_atan2.o)
                0x8002a554                atan2
 .text.fabsf    0x8002a558       0x20 C:/devkitPro/devkitPPC/bin/../lib/gcc/powerpc-eabi/13.2.0/../../../../powerpc-eabi/lib\libm.a(libm_a-sf_fabs.o)
                0x8002a558                fabsf
 .text.cosf     0x8002a578       0xe0 C:/devkitPro/devkitPPC/bin/../lib/gcc/powerpc-eabi/13.2.0/../../../../powerpc-eabi/lib\libm.a(libm_a-sf_cos.o)
                0x8002a578                cosf
 .text.sqrtf    0x8002a658       0x74 C:/devkitPro/devkitPPC/bin/../lib/gcc/powerpc-eabi/13.2.0/../../../../powerpc-eabi/lib\libm.a(libm_a-wf_sqrt.o)
                0x8002a658                sqrtf
 .text.hypotf   0x8002a6cc       0x8c C:/devkitPro/devkitPPC/bin/../lib/gcc/powerpc-eabi/13.2.0/../../../../powerpc-eabi/lib\libm.a(libm_a-wf_hypot.o)
                0x8002a6cc                hypotf
 .text.atan2f   0x8002a758        0x4 C:/devkitPro/devkitPPC/bin/../lib/gcc/powerpc-eabi/13.2.0/../../../../powerpc-eabi/lib\libm.a(libm_a-wf_atan2.o)
                0x8002a758                atan2f
 .text.__ieee754_hypotf
                0x8002a75c      0x214 C:/devkitPro/devkitPPC/bin/../lib/gcc/powerpc-eabi/13.2.0/../../../../powerpc-eabi/lib\libm.a(libm_a-ef_hypot.o)
                0x8002a75c                __ieee754_hypotf
 .text.__kernel_cosf
                0x8002a970      0x188 C:/devkitPro/devkitPPC/bin/../lib/gcc/powerpc-eabi/13.2.0/../../../../powerpc-eabi/lib\libm.a(libm_a-kf_cos.o)
                0x8002a970                __kernel_cosf
 .text.sincos   0x8002aaf8       0x58 C:/devkitPro/devkitPPC/bin/../lib/gcc/powerpc-eabi/13.2.0/../../../../powerpc-eabi/lib\libm.a(libm_a-w_sincos.o)
                0x8002aaf8                sincos
 .text.__ieee754_atan2
                0x8002ab50      0x2b4 C:/devkitPro/devkitPPC/bin/../lib/gcc/powerpc-eabi/13.2.0/../../../../powerpc-eabi/lib\libm.a(libm_a-e_atan2.o)
                0x8002ab50                __ieee754_atan2
 .text.finitef  0x8002ae04       0x2c C:/devkitPro/devkitPPC/bin/../lib/gcc/powerpc-eabi/13.2.0/../../../../powerpc-eabi/lib\libm.a(libm_a-sf_finite.o)
                0x8002ae04                finitef
 .text.sincosf  0x8002ae30       0x58 C:/devkitPro/devkitPPC/bin/../lib/gcc/powerpc-eabi/13.2.0/../../../../powerpc-eabi/lib\libm.a(libm_a-wf_sincos.o)
                0x8002ae30                sincosf
 .text.atan     0x8002ae88      0x2ac C:/devkitPro/devkitPPC/bin/../lib/gcc/powerpc-eabi/13.2.0/../../../../powerpc-eabi/lib\libm.a(libm_a-s_atan.o)
                0x8002ae88                atan
 .text.__ieee754_sqrtf
                0x8002b134      0x158 C:/devkitPro/devkitPPC/bin/../lib/gcc/powerpc-eabi/13.2.0/../../../../powerpc-eabi/lib\libm.a(libm_a-ef_sqrt.o)
                0x8002b134                __ieee754_sqrtf
 .text.__ieee754_atan2f
                0x8002b28c      0x270 C:/devkitPro/devkitPPC/bin/../lib/gcc/powerpc-eabi/13.2.0/../../../../powerpc-eabi/lib\libm.a(libm_a-ef_atan2.o)
                0x8002b28c                __ieee754_atan2f